Component: ARM Compiler 5.06 update 4 (build 422) Tool: armlink [4d35d2]

==============================================================================

Section Cross References

    main.o(i.advertising_init) refers to memseta.o(.text) for __aeabi_memclr4
    main.o(i.advertising_init) refers to ble_advertising.o(i.ble_advertising_init) for ble_advertising_init
    main.o(i.advertising_init) refers to app_error.o(i.app_error_handler_bare) for app_error_handler_bare
    main.o(i.advertising_init) refers to main.o(.data) for .data
    main.o(i.advertising_init) refers to main.o(i.ble_advertising_error_handler) for ble_advertising_error_handler
    main.o(i.advertising_init) refers to main.o(i.on_adv_evt) for on_adv_evt
    main.o(i.advertising_start) refers to nrf_log_frontend.o(i.nrf_log_frontend_std_0) for nrf_log_frontend_std_0
    main.o(i.advertising_start) refers to peer_manager.o(i.pm_peers_delete) for pm_peers_delete
    main.o(i.advertising_start) refers to memseta.o(.text) for __aeabi_memset
    main.o(i.advertising_start) refers to peer_manager.o(i.pm_next_peer_id_get) for pm_next_peer_id_get
    main.o(i.advertising_start) refers to peer_manager.o(i.pm_whitelist_set) for pm_whitelist_set
    main.o(i.advertising_start) refers to app_error.o(i.app_error_handler_bare) for app_error_handler_bare
    main.o(i.advertising_start) refers to peer_manager.o(i.pm_device_identities_list_set) for pm_device_identities_list_set
    main.o(i.advertising_start) refers to ble_advertising.o(i.ble_advertising_start) for ble_advertising_start
    main.o(i.advertising_start) refers to main.o(.bss) for .bss
    main.o(i.advertising_start) refers to main.o(.data) for .data
    main.o(i.assert_nrf_callback) refers to app_error.o(i.app_error_handler) for app_error_handler
    main.o(i.bas_init) refers to memseta.o(.text) for __aeabi_memclr4
    main.o(i.bas_init) refers to ble_bas.o(i.ble_bas_init) for ble_bas_init
    main.o(i.bas_init) refers to app_error.o(i.app_error_handler_bare) for app_error_handler_bare
    main.o(i.bas_init) refers to main.o(.bss) for .bss
    main.o(i.battery_level_meas_timeout_handler) refers to sensorsim.o(i.sensorsim_measure) for sensorsim_measure
    main.o(i.battery_level_meas_timeout_handler) refers to ble_bas.o(i.ble_bas_battery_level_update) for ble_bas_battery_level_update
    main.o(i.battery_level_meas_timeout_handler) refers to app_error.o(i.app_error_handler_bare) for app_error_handler_bare
    main.o(i.battery_level_meas_timeout_handler) refers to main.o(.bss) for .bss
    main.o(i.battery_level_meas_timeout_handler) refers to main.o(.data) for .data
    main.o(i.ble_advertising_error_handler) refers to app_error.o(i.app_error_handler_bare) for app_error_handler_bare
    main.o(i.ble_evt_dispatch) refers to ble_conn_state.o(i.ble_conn_state_on_ble_evt) for ble_conn_state_on_ble_evt
    main.o(i.ble_evt_dispatch) refers to peer_manager.o(i.pm_on_ble_evt) for pm_on_ble_evt
    main.o(i.ble_evt_dispatch) refers to bsp_btn_ble.o(i.bsp_btn_ble_on_ble_evt) for bsp_btn_ble_on_ble_evt
    main.o(i.ble_evt_dispatch) refers to main.o(i.on_ble_evt) for on_ble_evt
    main.o(i.ble_evt_dispatch) refers to ble_advertising.o(i.ble_advertising_on_ble_evt) for ble_advertising_on_ble_evt
    main.o(i.ble_evt_dispatch) refers to ble_conn_params.o(i.ble_conn_params_on_ble_evt) for ble_conn_params_on_ble_evt
    main.o(i.ble_evt_dispatch) refers to ble_hids.o(i.ble_hids_on_ble_evt) for ble_hids_on_ble_evt
    main.o(i.ble_evt_dispatch) refers to ble_bas.o(i.ble_bas_on_ble_evt) for ble_bas_on_ble_evt
    main.o(i.ble_evt_dispatch) refers to nrf_ble_gatt.o(i.nrf_ble_gatt_on_ble_evt) for nrf_ble_gatt_on_ble_evt
    main.o(i.ble_evt_dispatch) refers to main.o(.bss) for .bss
    main.o(i.ble_stack_init) refers to softdevice_handler.o(i.softdevice_handler_init) for softdevice_handler_init
    main.o(i.ble_stack_init) refers to app_error.o(i.app_error_handler_bare) for app_error_handler_bare
    main.o(i.ble_stack_init) refers to softdevice_handler.o(i.softdevice_app_ram_start_get) for softdevice_app_ram_start_get
    main.o(i.ble_stack_init) refers to softdevice_handler.o(i.softdevice_enable) for softdevice_enable
    main.o(i.ble_stack_init) refers to softdevice_handler.o(i.softdevice_ble_evt_handler_set) for softdevice_ble_evt_handler_set
    main.o(i.ble_stack_init) refers to softdevice_handler.o(i.softdevice_sys_evt_handler_set) for softdevice_sys_evt_handler_set
    main.o(i.ble_stack_init) refers to main.o(.constdata) for .constdata
    main.o(i.ble_stack_init) refers to softdevice_handler_appsh.o(i.softdevice_evt_schedule) for softdevice_evt_schedule
    main.o(i.ble_stack_init) refers to main.o(.bss) for .bss
    main.o(i.ble_stack_init) refers to main.o(i.ble_evt_dispatch) for ble_evt_dispatch
    main.o(i.ble_stack_init) refers to main.o(i.sys_evt_dispatch) for sys_evt_dispatch
    main.o(i.bsp_event_handler) refers to main.o(i.sleep_mode_enter) for sleep_mode_enter
[...]
    _printf_percent                          0x00000000   Number         0  stubs.o ABSOLUTE
    _printf_pre_padding                      0x00000000   Number         0  stubs.o ABSOLUTE
    _printf_return_value                     0x00000000   Number         0  stubs.o ABSOLUTE
    _printf_s                                0x00000000   Number         0  stubs.o ABSOLUTE
    _printf_sizespec                         0x00000000   Number         0  stubs.o ABSOLUTE
    _printf_str                              0x00000000   Number         0  stubs.o ABSOLUTE
    _printf_truncate_signed                  0x00000000   Number         0  stubs.o ABSOLUTE
    _printf_truncate_unsigned                0x00000000   Number         0  stubs.o ABSOLUTE
    _printf_u                                0x00000000   Number         0  stubs.o ABSOLUTE
    _printf_wc                               0x00000000   Number         0  stubs.o ABSOLUTE
    _printf_wctomb                           0x00000000   Number         0  stubs.o ABSOLUTE
    _printf_widthprec                        0x00000000   Number         0  stubs.o ABSOLUTE
    _printf_x                                0x00000000   Number         0  stubs.o ABSOLUTE
    __cpp_initialize__aeabi_                  - Undefined Weak Reference
    __cxa_finalize                            - Undefined Weak Reference
    _clock_init                               - Undefined Weak Reference
    _microlib_exit                            - Undefined Weak Reference
    __Vectors_Size                           0x00000200   Number         0  arm_startup_nrf52.o ABSOLUTE
    __Vectors                                0x0001f000   Data           4  arm_startup_nrf52.o(RESET)
    __Vectors_End                            0x0001f200   Data           0  arm_startup_nrf52.o(RESET)
    __main                                   0x0001f201   Thumb Code     0  entry.o(.ARM.Collect$$$$00000000)
    _main_stk                                0x0001f201   Thumb Code     0  entry2.o(.ARM.Collect$$$$00000001)
    _main_scatterload                        0x0001f205   Thumb Code     0  entry5.o(.ARM.Collect$$$$00000004)
    __main_after_scatterload                 0x0001f209   Thumb Code     0  entry5.o(.ARM.Collect$$$$00000004)
    _main_clock                              0x0001f209   Thumb Code     0  entry7b.o(.ARM.Collect$$$$00000008)
    _main_cpp_init                           0x0001f209   Thumb Code     0  entry8b.o(.ARM.Collect$$$$0000000A)
    _main_init                               0x0001f209   Thumb Code     0  entry9a.o(.ARM.Collect$$$$0000000B)
    __rt_final_cpp                           0x0001f211   Thumb Code     0  entry10a.o(.ARM.Collect$$$$0000000D)
    __rt_final_exit                          0x0001f211   Thumb Code     0  entry11a.o(.ARM.Collect$$$$0000000F)
    Reset_Handler                            0x0001f215   Thumb Code     8  arm_startup_nrf52.o(.text)
    NMI_Handler                              0x0001f21d   Thumb Code     2  arm_startup_nrf52.o(.text)
    HardFault_Handler                        0x0001f21f   Thumb Code     2  arm_startup_nrf52.o(.text)
    MemoryManagement_Handler                 0x0001f221   Thumb Code     2  arm_startup_nrf52.o(.text)
    BusFault_Handler                         0x0001f223   Thumb Code     2  arm_startup_nrf52.o(.text)
    UsageFault_Handler                       0x0001f225   Thumb Code     2  arm_startup_nrf52.o(.text)
    SVC_Handler                              0x0001f227   Thumb Code     2  arm_startup_nrf52.o(.text)
    DebugMon_Handler                         0x0001f229   Thumb Code     2  arm_startup_nrf52.o(.text)
    PendSV_Handler                           0x0001f22b   Thumb Code     2  arm_startup_nrf52.o(.text)
    SysTick_Handler                          0x0001f22d   Thumb Code     2  arm_startup_nrf52.o(.text)
    CCM_AAR_IRQHandler                       0x0001f22f   Thumb Code     0  arm_startup_nrf52.o(.text)
    COMP_LPCOMP_IRQHandler                   0x0001f22f   Thumb Code     0  arm_startup_nrf52.o(.text)
    ECB_IRQHandler                           0x0001f22f   Thumb Code     0  arm_startup_nrf52.o(.text)
    FPU_IRQHandler                           0x0001f22f   Thumb Code     0  arm_startup_nrf52.o(.text)
    I2S_IRQHandler                           0x0001f22f   Thumb Code     0  arm_startup_nrf52.o(.text)
    MWU_IRQHandler                           0x0001f22f   Thumb Code     0  arm_startup_nrf52.o(.text)
    NFCT_IRQHandler                          0x0001f22f   Thumb Code     0  arm_startup_nrf52.o(.text)
    PDM_IRQHandler                           0x0001f22f   Thumb Code     0  arm_startup_nrf52.o(.text)
    PWM0_IRQHandler                          0x0001f22f   Thumb Code     0  arm_startup_nrf52.o(.text)
    PWM1_IRQHandler                          0x0001f22f   Thumb Code     0  arm_startup_nrf52.o(.text)
    PWM2_IRQHandler                          0x0001f22f   Thumb Code     0  arm_startup_nrf52.o(.text)
    QDEC_IRQHandler                          0x0001f22f   Thumb Code     0  arm_startup_nrf52.o(.text)
    RADIO_IRQHandler                         0x0001f22f   Thumb Code     0  arm_startup_nrf52.o(.text)
    RNG_IRQHandler                           0x0001f22f   Thumb Code     0  arm_startup_nrf52.o(.text)
    RTC0_IRQHandler                          0x0001f22f   Thumb Code     0  arm_startup_nrf52.o(.text)
    RTC2_IRQHandler                          0x0001f22f   Thumb Code     0  arm_startup_nrf52.o(.text)
    SAADC_IRQHandler                         0x0001f22f   Thumb Code     0  arm_startup_nrf52.o(.text)
    SPIM0_SPIS0_TWIM0_TWIS0_SPI0_TWI0_IRQHandler 0x0001f22f   Thumb Code     0  arm_startup_nrf52.o(.text)
    SPIM1_SPIS1_TWIM1_TWIS1_SPI1_TWI1_IRQHandler 0x0001f22f   Thumb Code     0  arm_startup_nrf52.o(.text)
    SPIM2_SPIS2_SPI2_IRQHandler              0x0001f22f   Thumb Code     0  arm_startup_nrf52.o(.text)
    SWI1_EGU1_IRQHandler                     0x0001f22f   Thumb Code     0  arm_startup_nrf52.o(.text)
    SWI3_EGU3_IRQHandler                     0x0001f22f   Thumb Code     0  arm_startup_nrf52.o(.text)
    SWI4_EGU4_IRQHandler                     0x0001f22f   Thumb Code     0  arm_startup_nrf52.o(.text)
    SWI5_EGU5_IRQHandler                     0x0001f22f   Thumb Code     0  arm_startup_nrf52.o(.text)
    TEMP_IRQHandler                          0x0001f22f   Thumb Code     0  arm_startup_nrf52.o(.text)
    TIMER0_IRQHandler                        0x0001f22f   Thumb Code     0  arm_startup_nrf52.o(.text)
    TIMER1_IRQHandler                        0x0001f22f   Thumb Code     0  arm_startup_nrf52.o(.text)
    TIMER2_IRQHandler                        0x0001f22f   Thumb Code     0  arm_startup_nrf52.o(.text)
    TIMER3_IRQHandler                        0x0001f22f   Thumb Code     0  arm_startup_nrf52.o(.text)
    TIMER4_IRQHandler                        0x0001f22f   Thumb Code     0  arm_startup_nrf52.o(.text)
    WDT_IRQHandler                           0x0001f22f   Thumb Code     0  arm_startup_nrf52.o(.text)
    __aeabi_uldivmod                         0x0001f239   Thumb Code    98  uldiv.o(.text)
    __rt_ctype_table                         0x0001f29d   Thumb Code     4  ctype_o.o(.text)
    __aeabi_memcpy                           0x0001f2a5   Thumb Code    36  memcpya.o(.text)
    __aeabi_memcpy4                          0x0001f2a5   Thumb Code     0  memcpya.o(.text)
    __aeabi_memcpy8                          0x0001f2a5   Thumb Code     0  memcpya.o(.text)
    __aeabi_memset                           0x0001f2c9   Thumb Code    14  memseta.o(.text)
    __aeabi_memset4                          0x0001f2c9   Thumb Code     0  memseta.o(.text)
    __aeabi_memset8                          0x0001f2c9   Thumb Code     0  memseta.o(.text)
    __aeabi_memclr                           0x0001f2d7   Thumb Code     4  memseta.o(.text)
    __aeabi_memclr4                          0x0001f2d7   Thumb Code     0  memseta.o(.text)
    __aeabi_memclr8                          0x0001f2d7   Thumb Code     0  memseta.o(.text)
    _memset$wrapper                          0x0001f2db   Thumb Code    18  memseta.o(.text)
    strlen                                   0x0001f2ed   Thumb Code    14  strlen.o(.text)
    memcmp                                   0x0001f2fb   Thumb Code    26  memcmp.o(.text)
    __aeabi_llsl                             0x0001f315   Thumb Code    30  llshl.o(.text)
    _ll_shift_l                              0x0001f315   Thumb Code     0  llshl.o(.text)
    __aeabi_llsr                             0x0001f333   Thumb Code    32  llushr.o(.text)
    _ll_ushift_r                             0x0001f333   Thumb Code     0  llushr.o(.text)
    __scatterload                            0x0001f355   Thumb Code    28  init.o(.text)
    __scatterload_rt2                        0x0001f355   Thumb Code     0  init.o(.text)
    __decompress                             0x0001f379   Thumb Code     0  __dczerorl2.o(.text)
    __decompress1                            0x0001f379   Thumb Code    86  __dczerorl2.o(.text)
    GPIOTE_IRQHandler                        0x0001f3d1   Thumb Code   362  nrf_drv_gpiote.o(i.GPIOTE_IRQHandler)
    POWER_CLOCK_IRQHandler                   0x0001f5d5   Thumb Code    84  nrf_drv_clock.o(i.POWER_CLOCK_IRQHandler)
    RTC1_IRQHandler                          0x0001f62d   Thumb Code    32  app_timer.o(i.RTC1_IRQHandler)
    SWI0_EGU0_IRQHandler                     0x0001f651   Thumb Code     4  app_timer.o(i.SWI0_EGU0_IRQHandler)
    SWI2_EGU2_IRQHandler                     0x0001f655   Thumb Code    32  softdevice_handler.o(i.SWI2_EGU2_IRQHandler)
    SystemInit                               0x0001f679   Thumb Code   700  system_nrf52.o(i.SystemInit)
    UARTE0_UART0_IRQHandler                  0x0001f975   Thumb Code    20  nrf_drv_uart.o(i.UARTE0_UART0_IRQHandler)
    __0snprintf$8                            0x0001f991   Thumb Code    44  printf8.o(i.__0snprintf$8)
    __1snprintf$8                            0x0001f991   Thumb Code     0  printf8.o(i.__0snprintf$8)
    __2snprintf                              0x0001f991   Thumb Code     0  printf8.o(i.__0snprintf$8)
    __scatterload_copy                       0x0001f9c1   Thumb Code    14  handlers.o(i.__scatterload_copy)
    __scatterload_null                       0x0001f9cf   Thumb Code     2  handlers.o(i.__scatterload_null)
    __scatterload_zeroinit                   0x0001f9d1   Thumb Code    14  handlers.o(i.__scatterload_zeroinit)
    addr_compare                             0x0001fe7d   Thumb Code    38  id_manager.o(i.addr_compare)
    adv_data_encode                          0x0001fea3   Thumb Code   386  ble_advdata.o(i.adv_data_encode)
    ah                                       0x000201f5   Thumb Code    82  id_manager.o(i.ah)
    app_button_enable                        0x0002024d   Thumb Code    32  app_button.o(i.app_button_enable)
    app_button_init                          0x00020271   Thumb Code    96  app_button.o(i.app_button_init)
    app_error_fault_handler                  0x000202e1   Thumb Code    54  app_error_weak.o(i.app_error_fault_handler)
    app_error_handler_bare                   0x0002034d   Thumb Code    22  app_error.o(i.app_error_handler_bare)
    app_sched_event_put                      0x00020365   Thumb Code   154  app_scheduler.o(i.app_sched_event_put)
    app_sched_execute                        0x00020405   Thumb Code    58  app_scheduler.o(i.app_sched_execute)
    app_sched_init                           0x00020445   Thumb Code    40  app_scheduler.o(i.app_sched_init)
    app_timer_create                         0x00020471   Thumb Code    32  app_timer.o(i.app_timer_create)
    app_timer_init                           0x00020495   Thumb Code    70  app_timer.o(i.app_timer_init)
    app_timer_start                          0x000204e9   Thumb Code   128  app_timer.o(i.app_timer_start)
    app_timer_stop                           0x00020571   Thumb Code    26  app_timer.o(i.app_timer_stop)
    app_util_critical_region_enter           0x00020591   Thumb Code    64  app_util_platform.o(i.app_util_critical_region_enter)
    app_util_critical_region_exit            0x000205d9   Thumb Code    46  app_util_platform.o(i.app_util_critical_region_exit)
    ble_advdata_set                          0x00020971   Thumb Code   104  ble_advdata.o(i.ble_advdata_set)
    ble_advertising_init                     0x000209dd   Thumb Code   280  ble_advertising.o(i.ble_advertising_init)
    ble_advertising_on_ble_evt               0x00020afd   Thumb Code    88  ble_advertising.o(i.ble_advertising_on_ble_evt)
    ble_advertising_on_sys_evt               0x00020b59   Thumb Code    46  ble_advertising.o(i.ble_advertising_on_sys_evt)
    ble_advertising_peer_addr_reply          0x00020b8d   Thumb Code    30  ble_advertising.o(i.ble_advertising_peer_addr_reply)
    ble_advertising_restart_without_whitelist 0x00020bb1   Thumb Code    50  ble_advertising.o(i.ble_advertising_restart_without_whitelist)
    ble_advertising_start                    0x00020bed   Thumb Code   252  ble_advertising.o(i.ble_advertising_start)
    ble_advertising_whitelist_reply          0x00020cf1   Thumb Code    26  ble_advertising.o(i.ble_advertising_whitelist_reply)
    ble_bas_battery_level_update             0x00020d11   Thumb Code   122  ble_bas.o(i.ble_bas_battery_level_update)
    ble_bas_init                             0x00020d8b   Thumb Code    68  ble_bas.o(i.ble_bas_init)
    ble_bas_on_ble_evt                       0x00020dcf   Thumb Code    96  ble_bas.o(i.ble_bas_on_ble_evt)
    ble_conn_params_init                     0x00020e31   Thumb Code    72  ble_conn_params.o(i.ble_conn_params_init)
    ble_conn_params_on_ble_evt               0x00020e89   Thumb Code   120  ble_conn_params.o(i.ble_conn_params_on_ble_evt)
    ble_conn_state_conn_handles              0x00020f0d   Thumb Code    10  ble_conn_state.o(i.ble_conn_state_conn_handles)
    ble_conn_state_encrypted                 0x00020f1d   Thumb Code    12  ble_conn_state.o(i.ble_conn_state_encrypted)
    ble_conn_state_mitm_protected            0x00020f2d   Thumb Code    12  ble_conn_state.o(i.ble_conn_state_mitm_protected)
    ble_conn_state_on_ble_evt                0x00020f3d   Thumb Code   262  ble_conn_state.o(i.ble_conn_state_on_ble_evt)
    ble_conn_state_role                      0x00021049   Thumb Code    42  ble_conn_state.o(i.ble_conn_state_role)
    ble_conn_state_user_flag_acquire         0x00021079   Thumb Code    40  ble_conn_state.o(i.ble_conn_state_user_flag_acquire)
    ble_conn_state_user_flag_collection      0x000210a5   Thumb Code    22  ble_conn_state.o(i.ble_conn_state_user_flag_collection)
    ble_conn_state_user_flag_get             0x000210c1   Thumb Code    38  ble_conn_state.o(i.ble_conn_state_user_flag_get)
    ble_conn_state_user_flag_set             0x000210ed   Thumb Code    42  ble_conn_state.o(i.ble_conn_state_user_flag_set)
    ble_dis_init                             0x0002117d   Thumb Code   296  ble_dis.o(i.ble_dis_init)
    ble_hids_init                            0x000212f5   Thumb Code   362  ble_hids.o(i.ble_hids_init)
    ble_hids_inp_rep_send                    0x0002145f   Thumb Code   104  ble_hids.o(i.ble_hids_inp_rep_send)
    ble_hids_on_ble_evt                      0x000214c7   Thumb Code   158  ble_hids.o(i.ble_hids_on_ble_evt)
    ble_srv_ascii_to_utf8                    0x00021565   Thumb Code    18  ble_srv_common.o(i.ble_srv_ascii_to_utf8)
    ble_srv_is_notification_enabled          0x00021577   Thumb Code     8  ble_srv_common.o(i.ble_srv_is_notification_enabled)
    ble_srv_report_ref_encode                0x0002157f   Thumb Code    12  ble_srv_common.o(i.ble_srv_report_ref_encode)
    bsp_board_button_idx_to_pin              0x00021789   Thumb Code     6  boards.o(i.bsp_board_button_idx_to_pin)
    bsp_board_button_state_get               0x00021795   Thumb Code    28  boards.o(i.bsp_board_button_state_get)
    bsp_board_led_invert                     0x000217b5   Thumb Code    32  boards.o(i.bsp_board_led_invert)
    bsp_board_led_off                        0x000217d9   Thumb Code    10  boards.o(i.bsp_board_led_off)
    bsp_board_led_on                         0x000217e9   Thumb Code    10  boards.o(i.bsp_board_led_on)
    bsp_board_led_state_get                  0x000217f9   Thumb Code    28  boards.o(i.bsp_board_led_state_get)
    bsp_board_leds_init                      0x00021819   Thumb Code    38  boards.o(i.bsp_board_leds_init)
    bsp_board_leds_off                       0x00021845   Thumb Code    18  boards.o(i.bsp_board_leds_off)
    bsp_board_leds_on                        0x00021857   Thumb Code    18  boards.o(i.bsp_board_leds_on)
    bsp_board_pin_to_button_idx              0x00021869   Thumb Code    30  boards.o(i.bsp_board_pin_to_button_idx)
    bsp_btn_ble_init                         0x0002188d   Thumb Code    52  bsp_btn_ble.o(i.bsp_btn_ble_init)
    bsp_btn_ble_on_ble_evt                   0x000218c5   Thumb Code   106  bsp_btn_ble.o(i.bsp_btn_ble_on_ble_evt)
    bsp_btn_ble_sleep_mode_prepare           0x00021935   Thumb Code    30  bsp_btn_ble.o(i.bsp_btn_ble_sleep_mode_prepare)
    bsp_button_is_pressed                    0x000219e5   Thumb Code     4  bsp.o(i.bsp_button_is_pressed)
    bsp_event_to_button_action_assign        0x00021aa9   Thumb Code    64  bsp.o(i.bsp_event_to_button_action_assign)
    bsp_indication_set                       0x00021aed   Thumb Code    20  bsp.o(i.bsp_indication_set)
    bsp_init                                 0x00021b05   Thumb Code   126  bsp.o(i.bsp_init)
    bsp_wakeup_button_enable                 0x00021d51   Thumb Code    16  bsp.o(i.bsp_wakeup_button_enable)
    buffer_is_empty                          0x00021ddd   Thumb Code    16  nrf_log_frontend.o(i.buffer_is_empty)
    chunk_queue_next                         0x00021f95   Thumb Code    20  fds.o(i.chunk_queue_next)
    fds_file_delete                          0x000225a1   Thumb Code    70  fds.o(i.fds_file_delete)
    fds_gc                                   0x000225ed   Thumb Code    58  fds.o(i.fds_gc)
    fds_init                                 0x00022631   Thumb Code   130  fds.o(i.fds_init)
    fds_record_close                         0x000226b9   Thumb Code    54  fds.o(i.fds_record_close)
    fds_record_find                          0x000226f5   Thumb Code    14  fds.o(i.fds_record_find)
    fds_record_find_by_key                   0x00022703   Thumb Code    16  fds.o(i.fds_record_find_by_key)
    fds_record_find_in_file                  0x00022713   Thumb Code    16  fds.o(i.fds_record_find_in_file)
    fds_record_id_from_desc                  0x00022723   Thumb Code    16  fds.o(i.fds_record_id_from_desc)
    fds_record_open                          0x00022735   Thumb Code    60  fds.o(i.fds_record_open)
    fds_record_update                        0x00022775   Thumb Code    14  fds.o(i.fds_record_update)
    fds_record_write                         0x00022783   Thumb Code     8  fds.o(i.fds_record_write)
    fds_record_write_reserved                0x0002278b   Thumb Code    12  fds.o(i.fds_record_write_reserved)
    fds_register                             0x00022799   Thumb Code    26  fds.o(i.fds_register)
    fds_reserve                              0x000227bd   Thumb Code    46  fds.o(i.fds_reserve)
    fds_reserve_cancel                       0x000227f1   Thumb Code    60  fds.o(i.fds_reserve_cancel)
    fs_erase                                 0x000228e5   Thumb Code   110  fstorage.o(i.fs_erase)
    fs_init                                  0x00022961   Thumb Code   164  fstorage.o(i.fs_init)
    fs_queued_op_count_get                   0x00022a11   Thumb Code    16  fstorage.o(i.fs_queued_op_count_get)
    fs_store                                 0x00022a25   Thumb Code   124  fstorage.o(i.fs_store)
    fs_sys_event_handler                     0x00022aa5   Thumb Code    96  fstorage.o(i.fs_sys_event_handler)
    gcm_ble_evt_handler                      0x00022d55   Thumb Code   232  gatt_cache_manager.o(i.gcm_ble_evt_handler)
    gcm_gscm_evt_handler                     0x00022e41   Thumb Code   102  gatt_cache_manager.o(i.gcm_gscm_evt_handler)
    gcm_im_evt_handler                       0x00022ead   Thumb Code    44  gatt_cache_manager.o(i.gcm_im_evt_handler)
    gcm_init                                 0x00022edd   Thumb Code    66  gatt_cache_manager.o(i.gcm_init)
    gcm_local_database_has_changed           0x00022f25   Thumb Code    78  gatt_cache_manager.o(i.gcm_local_database_has_changed)
    gcm_smd_evt_handler                      0x00022f79   Thumb Code    14  gatt_cache_manager.o(i.gcm_smd_evt_handler)
    get_connection_by_conn_handle            0x00022f89   Thumb Code    48  id_manager.o(i.get_connection_by_conn_handle)
    get_free_connection                      0x00022fc1   Thumb Code    40  id_manager.o(i.get_free_connection)
    gscm_db_change_notification_done         0x00023049   Thumb Code    22  gatts_cache_manager.o(i.gscm_db_change_notification_done)
    gscm_init                                0x00023065   Thumb Code    16  gatts_cache_manager.o(i.gscm_init)
    gscm_local_database_has_changed          0x00023079   Thumb Code    22  gatts_cache_manager.o(i.gscm_local_database_has_changed)
    gscm_local_db_cache_apply                0x00023095   Thumb Code   106  gatts_cache_manager.o(i.gscm_local_db_cache_apply)
    gscm_local_db_cache_update               0x000230ff   Thumb Code   128  gatts_cache_manager.o(i.gscm_local_db_cache_update)
    gscm_pdb_evt_handler                     0x00023181   Thumb Code    78  gatts_cache_manager.o(i.gscm_pdb_evt_handler)
    gscm_service_changed_ind_needed          0x000231d5   Thumb Code    26  gatts_cache_manager.o(i.gscm_service_changed_ind_needed)
    gscm_service_changed_ind_send            0x000231f1   Thumb Code    40  gatts_cache_manager.o(i.gscm_service_changed_ind_send)
    im_address_resolve                       0x00023585   Thumb Code    70  id_manager.o(i.im_address_resolve)
    im_ble_addr_get                          0x000235cd   Thumb Code    42  id_manager.o(i.im_ble_addr_get)
    im_ble_evt_handler                       0x000235fd   Thumb Code   174  id_manager.o(i.im_ble_evt_handler)
    im_conn_handle_get                       0x000236ad   Thumb Code    40  id_manager.o(i.im_conn_handle_get)
    im_device_identities_list_set            0x000236d9   Thumb Code   166  id_manager.o(i.im_device_identities_list_set)
    im_init                                  0x00023781   Thumb Code    54  id_manager.o(i.im_init)
    im_is_duplicate_bonding_data             0x000237c1   Thumb Code    52  id_manager.o(i.im_is_duplicate_bonding_data)
    im_master_id_is_valid                    0x000237f5   Thumb Code    24  id_manager.o(i.im_master_id_is_valid)
    im_master_ids_compare                    0x0002380d   Thumb Code    42  id_manager.o(i.im_master_ids_compare)
    im_new_peer_id                           0x00023837   Thumb Code     4  id_manager.o(i.im_new_peer_id)
    im_pdb_evt_handler                       0x0002383b   Thumb Code   114  id_manager.o(i.im_pdb_evt_handler)
    im_peer_free                             0x000238ad   Thumb Code    38  id_manager.o(i.im_peer_free)
    im_peer_id_get_by_conn_handle            0x000238d5   Thumb Code    28  id_manager.o(i.im_peer_id_get_by_conn_handle)
    im_peer_id_get_by_master_id              0x000238f5   Thumb Code    60  id_manager.o(i.im_peer_id_get_by_master_id)
    im_whitelist_get                         0x00023931   Thumb Code    46  id_manager.o(i.im_whitelist_get)
    im_whitelist_set                         0x00023969   Thumb Code   108  id_manager.o(i.im_whitelist_set)
    intern_softdevice_events_execute         0x00023b15   Thumb Code   114  softdevice_handler.o(i.intern_softdevice_events_execute)
    is_valid_irk                             0x00023c21   Thumb Code    20  id_manager.o(i.is_valid_irk)
    main                                     0x000241b9   Thumb Code   248  main.o(i.main)
    new_connection                           0x00024405   Thumb Code    80  id_manager.o(i.new_connection)
    next_id_get                              0x0002445d   Thumb Code    48  peer_id.o(i.next_id_get)
    nrf_ble_gatt_init                        0x0002449d   Thumb Code    44  nrf_ble_gatt.o(i.nrf_ble_gatt_init)
    nrf_ble_gatt_on_ble_evt                  0x000244c9   Thumb Code   308  nrf_ble_gatt.o(i.nrf_ble_gatt_on_ble_evt)
    nrf_drv_clock_init                       0x000246b5   Thumb Code    64  nrf_drv_clock.o(i.nrf_drv_clock_init)
    nrf_drv_clock_on_sd_enable               0x000246fd   Thumb Code    44  nrf_drv_clock.o(i.nrf_drv_clock_on_sd_enable)
    nrf_drv_clock_on_soc_event               0x0002472d   Thumb Code    10  nrf_drv_clock.o(i.nrf_drv_clock_on_soc_event)
    nrf_drv_common_irq_enable                0x0002474d   Thumb Code    56  nrf_drv_common.o(i.nrf_drv_common_irq_enable)
    nrf_drv_gpiote_in_event_enable           0x0002478d   Thumb Code   156  nrf_drv_gpiote.o(i.nrf_drv_gpiote_in_event_enable)
    nrf_drv_gpiote_in_init                   0x00024831   Thumb Code   172  nrf_drv_gpiote.o(i.nrf_drv_gpiote_in_init)
    nrf_drv_gpiote_in_is_set                 0x000248e9   Thumb Code    20  nrf_drv_gpiote.o(i.nrf_drv_gpiote_in_is_set)
    nrf_drv_gpiote_init                      0x000248fd   Thumb Code    84  nrf_drv_gpiote.o(i.nrf_drv_gpiote_init)
    nrf_drv_gpiote_is_init                   0x00024959   Thumb Code    14  nrf_drv_gpiote.o(i.nrf_drv_gpiote_is_init)
    nrf_drv_uart_init                        0x0002497d   Thumb Code    98  nrf_drv_uart.o(i.nrf_drv_uart_init)
    nrf_drv_uart_tx                          0x000249e5   Thumb Code   262  nrf_drv_uart.o(i.nrf_drv_uart_tx)
    nrf_drv_uart_tx_in_progress              0x00024af1   Thumb Code    18  nrf_drv_uart.o(i.nrf_drv_uart_tx_in_progress)
    nrf_drv_uart_uninit                      0x00024b09   Thumb Code    74  nrf_drv_uart.o(i.nrf_drv_uart_uninit)
    nrf_log_backend_hexdump_handler_get      0x00024ca9   Thumb Code     4  nrf_log_backend_serial.o(i.nrf_log_backend_hexdump_handler_get)
    nrf_log_backend_init                     0x00024cb1   Thumb Code   100  nrf_log_backend_serial.o(i.nrf_log_backend_init)
    nrf_log_backend_std_handler_get          0x00024f65   Thumb Code     4  nrf_log_backend_serial.o(i.nrf_log_backend_std_handler_get)
    nrf_log_blocking_backend_set             0x00024f6d   Thumb Code     6  nrf_log_frontend.o(i.nrf_log_blocking_backend_set)
    nrf_log_frontend_dequeue                 0x00024f75   Thumb Code   298  nrf_log_frontend.o(i.nrf_log_frontend_dequeue)
    nrf_log_frontend_init                    0x000250a5   Thumb Code    16  nrf_log_frontend.o(i.nrf_log_frontend_init)
    nrf_log_frontend_std_0                   0x000250b9   Thumb Code    68  nrf_log_frontend.o(i.nrf_log_frontend_std_0)
    nrf_log_frontend_std_1                   0x00025105   Thumb Code    80  nrf_log_frontend.o(i.nrf_log_frontend_std_1)
    nrf_log_frontend_std_2                   0x0002515d   Thumb Code    96  nrf_log_frontend.o(i.nrf_log_frontend_std_2)
    nrf_log_frontend_std_3                   0x000251c5   Thumb Code   114  nrf_log_frontend.o(i.nrf_log_frontend_std_3)
    nrf_log_handlers_set                     0x00025241   Thumb Code    10  nrf_log_frontend.o(i.nrf_log_handlers_set)
    nrf_log_init                             0x00025251   Thumb Code    36  nrf_log_frontend.o(i.nrf_log_init)
    pdb_init                                 0x00025b91   Thumb Code    66  peer_database.o(i.pdb_init)
    pdb_next_deleted_peer_id_get             0x00025be1   Thumb Code     4  peer_database.o(i.pdb_next_deleted_peer_id_get)
    pdb_next_peer_id_get                     0x00025be5   Thumb Code     4  peer_database.o(i.pdb_next_peer_id_get)
    pdb_pds_evt_handler                      0x00025be9   Thumb Code   294  peer_database.o(i.pdb_pds_evt_handler)
    pdb_peer_allocate                        0x00025d19   Thumb Code     4  peer_database.o(i.pdb_peer_allocate)
    pdb_peer_data_load                       0x00025d1d   Thumb Code    16  peer_database.o(i.pdb_peer_data_load)
    pdb_peer_data_ptr_get                    0x00025d2d   Thumb Code     6  peer_database.o(i.pdb_peer_data_ptr_get)
    pdb_peer_free                            0x00025d33   Thumb Code    68  peer_database.o(i.pdb_peer_free)
    pdb_raw_store                            0x00025d77   Thumb Code     8  peer_database.o(i.pdb_raw_store)
    pdb_write_buf_get                        0x00025d81   Thumb Code   260  peer_database.o(i.pdb_write_buf_get)
    pdb_write_buf_release                    0x00025e89   Thumb Code    40  peer_database.o(i.pdb_write_buf_release)
    pdb_write_buf_store                      0x00025eb1   Thumb Code   188  peer_database.o(i.pdb_write_buf_store)
    pdb_write_buf_store_prepare              0x00025f75   Thumb Code    98  peer_database.o(i.pdb_write_buf_store_prepare)
    pds_init                                 0x00025fe9   Thumb Code    98  peer_data_storage.o(i.pds_init)
    pds_next_deleted_peer_id_get             0x00026055   Thumb Code     4  peer_data_storage.o(i.pds_next_deleted_peer_id_get)
    pds_next_peer_id_get                     0x00026059   Thumb Code     4  peer_data_storage.o(i.pds_next_peer_id_get)
    pds_peer_data_iterate                    0x0002605d   Thumb Code    74  peer_data_storage.o(i.pds_peer_data_iterate)
    pds_peer_data_iterate_prepare            0x000260ad   Thumb Code    10  peer_data_storage.o(i.pds_peer_data_iterate_prepare)
    pds_peer_data_read                       0x000260bd   Thumb Code   104  peer_data_storage.o(i.pds_peer_data_read)
    pds_peer_data_store                      0x00026125   Thumb Code   162  peer_data_storage.o(i.pds_peer_data_store)
    pds_peer_id_allocate                     0x000261c7   Thumb Code     8  peer_data_storage.o(i.pds_peer_id_allocate)
    pds_peer_id_free                         0x000261cf   Thumb Code    22  peer_data_storage.o(i.pds_peer_id_free)
    pds_peer_id_is_allocated                 0x000261e5   Thumb Code     4  peer_data_storage.o(i.pds_peer_id_is_allocated)
    pds_space_reserve                        0x000261e9   Thumb Code    46  peer_data_storage.o(i.pds_space_reserve)
    pds_space_reserve_cancel                 0x00026217   Thumb Code    16  peer_data_storage.o(i.pds_space_reserve_cancel)
    peer_id_allocate                         0x00026319   Thumb Code     6  peer_id.o(i.peer_id_allocate)
    peer_id_delete                           0x00026325   Thumb Code    32  peer_id.o(i.peer_id_delete)
    peer_id_free                             0x00026349   Thumb Code    24  peer_id.o(i.peer_id_free)
    peer_id_get_next_deleted                 0x00026365   Thumb Code     6  peer_id.o(i.peer_id_get_next_deleted)
    peer_id_get_next_used                    0x00026371   Thumb Code    42  peer_id.o(i.peer_id_get_next_used)
    peer_id_init                             0x000263a1   Thumb Code    36  peer_id.o(i.peer_id_init)
    peer_id_is_allocated                     0x000263c9   Thumb Code    16  peer_id.o(i.peer_id_is_allocated)
    peer_id_is_deleted                       0x000263dd   Thumb Code    16  peer_id.o(i.peer_id_is_deleted)
    pm_buffer_block_acquire                  0x000265e1   Thumb Code    92  pm_buffer.o(i.pm_buffer_block_acquire)
    pm_buffer_init                           0x0002663d   Thumb Code    64  pm_buffer.o(i.pm_buffer_init)
    pm_buffer_ptr_get                        0x0002667d   Thumb Code    40  pm_buffer.o(i.pm_buffer_ptr_get)
    pm_buffer_release                        0x000266a5   Thumb Code    46  pm_buffer.o(i.pm_buffer_release)
    pm_conn_sec_config_reply                 0x000266d3   Thumb Code     4  peer_manager.o(i.pm_conn_sec_config_reply)
    pm_device_identities_list_set            0x000266d9   Thumb Code    14  peer_manager.o(i.pm_device_identities_list_set)
    pm_gcm_evt_handler                       0x00026861   Thumb Code   136  peer_manager.o(i.pm_gcm_evt_handler)
    pm_im_evt_handler                        0x000268e9   Thumb Code    74  peer_manager.o(i.pm_im_evt_handler)
    pm_init                                  0x00026939   Thumb Code    96  peer_manager.o(i.pm_init)
    pm_local_database_has_changed            0x0002699d   Thumb Code    14  peer_manager.o(i.pm_local_database_has_changed)
    pm_mutex_init                            0x000269b1   Thumb Code    14  pm_mutex.o(i.pm_mutex_init)
    pm_mutex_lock                            0x000269bf   Thumb Code    26  pm_mutex.o(i.pm_mutex_lock)
    pm_mutex_lock_first_available            0x000269d9   Thumb Code    54  pm_mutex.o(i.pm_mutex_lock_first_available)
    pm_mutex_lock_status_get                 0x00026a0f   Thumb Code    24  pm_mutex.o(i.pm_mutex_lock_status_get)
    pm_mutex_unlock                          0x00026a27   Thumb Code    58  pm_mutex.o(i.pm_mutex_unlock)
    pm_next_peer_id_get                      0x00026a61   Thumb Code    16  peer_manager.o(i.pm_next_peer_id_get)
    pm_on_ble_evt                            0x00026a75   Thumb Code    36  peer_manager.o(i.pm_on_ble_evt)
    pm_pdb_evt_handler                       0x00026a9d   Thumb Code   338  peer_manager.o(i.pm_pdb_evt_handler)
    pm_peer_data_bonding_load                0x00026bf5   Thumb Code    20  peer_manager.o(i.pm_peer_data_bonding_load)
    pm_peer_data_load                        0x00026c09   Thumb Code    96  peer_manager.o(i.pm_peer_data_load)
    pm_peer_delete                           0x00026c6d   Thumb Code    14  peer_manager.o(i.pm_peer_delete)
    pm_peers_delete                          0x00026c81   Thumb Code    98  peer_manager.o(i.pm_peers_delete)
    pm_register                              0x00026ce9   Thumb Code    34  peer_manager.o(i.pm_register)
    pm_sec_params_set                        0x00026d15   Thumb Code    14  peer_manager.o(i.pm_sec_params_set)
    pm_sm_evt_handler                        0x00026d29   Thumb Code   346  peer_manager.o(i.pm_sm_evt_handler)
    pm_whitelist_get                         0x00026e89   Thumb Code    38  peer_manager.o(i.pm_whitelist_get)
    pm_whitelist_set                         0x00026eb5   Thumb Code    14  peer_manager.o(i.pm_whitelist_set)
    sdk_mapped_flags_bulk_update_by_key      0x00027765   Thumb Code    68  sdk_mapped_flags.o(i.sdk_mapped_flags_bulk_update_by_key)
    sdk_mapped_flags_first_key_index_get     0x000277a9   Thumb Code    34  sdk_mapped_flags.o(i.sdk_mapped_flags_first_key_index_get)
    sdk_mapped_flags_get_by_key              0x000277db   Thumb Code    38  sdk_mapped_flags.o(i.sdk_mapped_flags_get_by_key)
    sdk_mapped_flags_key_list_get            0x00027801   Thumb Code    74  sdk_mapped_flags.o(i.sdk_mapped_flags_key_list_get)
    sdk_mapped_flags_update_by_key           0x0002784b   Thumb Code    14  sdk_mapped_flags.o(i.sdk_mapped_flags_update_by_key)
    sensorsim_decrement                      0x00027a41   Thumb Code    28  sensorsim.o(i.sensorsim_decrement)
    sensorsim_increment                      0x00027a5d   Thumb Code    28  sensorsim.o(i.sensorsim_increment)
    sensorsim_init                           0x00027a79   Thumb Code    22  sensorsim.o(i.sensorsim_init)
    sensorsim_measure                        0x00027a8f   Thumb Code    26  sensorsim.o(i.sensorsim_measure)
    sm_ble_evt_handler                       0x00027d51   Thumb Code    18  security_manager.o(i.sm_ble_evt_handler)
    sm_conn_sec_config_reply                 0x00027d69   Thumb Code    18  security_manager.o(i.sm_conn_sec_config_reply)
    sm_init                                  0x00027d81   Thumb Code    76  security_manager.o(i.sm_init)
    sm_pdb_evt_handler                       0x00027dd1   Thumb Code    52  security_manager.o(i.sm_pdb_evt_handler)
    sm_sec_params_set                        0x00027e09   Thumb Code    38  security_manager.o(i.sm_sec_params_set)
    sm_smd_evt_handler                       0x00027e35   Thumb Code   116  security_manager.o(i.sm_smd_evt_handler)
    smd_ble_evt_handler                      0x00027ead   Thumb Code   226  security_dispatcher.o(i.smd_ble_evt_handler)
    smd_init                                 0x00027f99   Thumb Code    56  security_dispatcher.o(i.smd_init)
    smd_link_secure                          0x00027fd5   Thumb Code    48  security_dispatcher.o(i.smd_link_secure)
    smd_params_reply                         0x00028005   Thumb Code   276  security_dispatcher.o(i.smd_params_reply)
    smd_pdb_evt_handler                      0x000281a5   Thumb Code    48  security_dispatcher.o(i.smd_pdb_evt_handler)
    softdevice_app_ram_start_get             0x000281d9   Thumb Code    14  softdevice_handler.o(i.softdevice_app_ram_start_get)
    softdevice_ble_evt_handler_set           0x000281ed   Thumb Code    14  softdevice_handler.o(i.softdevice_ble_evt_handler_set)
    softdevice_enable                        0x00028201   Thumb Code    70  softdevice_handler.o(i.softdevice_enable)
    softdevice_evt_get                       0x000282f1   Thumb Code    18  softdevice_handler_appsh.o(i.softdevice_evt_get)
    softdevice_evt_schedule                  0x00028305   Thumb Code    10  softdevice_handler_appsh.o(i.softdevice_evt_schedule)
    softdevice_fault_handler                 0x00028315   Thumb Code     4  softdevice_handler.o(i.softdevice_fault_handler)
    softdevice_handler_init                  0x00028319   Thumb Code    92  softdevice_handler.o(i.softdevice_handler_init)
    softdevice_handler_is_enabled            0x0002837d   Thumb Code     6  softdevice_handler.o(i.softdevice_handler_is_enabled)
    softdevice_sys_evt_handler_set           0x00028389   Thumb Code    14  softdevice_handler.o(i.softdevice_sys_evt_handler_set)
    __ctype_table                            0x00028eb8   Data         129  ctype_o.o(.constdata)
    Region$$Table$$Base                      0x00029120   Number         0  anon$$obj.o(Region$$Table)
    Region$$Table$$Limit                     0x00029140   Number         0  anon$$obj.o(Region$$Table)
    Image$$RW_IRAM1$$Base                    0x20001fc0   Number         0  anon$$obj.o ABSOLUTE
    SystemCoreClock                          0x200021c8   Data           4  system_nrf52.o(.data)
    fs_data$$Base                            0x200021cc   Number         0  fds.o(fs_data)
    fs_data$$Limit                           0x200021dc   Number         0  fds.o(fs_data)
    nrf_nvic_state                           0x20002d50   Data          12  app_util_platform.o(.bss)
    __initial_sp                             0x200053f8   Data           0  arm_startup_nrf52.o(STACK)



==============================================================================

Memory Map of the image

  Image Entry point : 0x0001f201

  Load Region LR_IROM1 (Base: 0x0001f000, Size: 0x0000a35c, Max: 0x00061000, ABSOLUTE, COMPRESSED[0x0000a1f0])

    Execution Region ER_IROM1 (Base: 0x0001f000, Size: 0x0000a140, Max: 0x00061000, ABSOLUTE)

    Base Addr    Size         Type   Attr      Idx    E Section Name        Object

    0x0001f000   0x00000200   Data   RO         5127    RESET               arm_startup_nrf52.o
    0x0001f200   0x00000000   Code   RO         5168  * .ARM.Collect$$$$00000000  mc_w.l(entry.o)
    0x0001f200   0x00000004   Code   RO         5474    .ARM.Collect$$$$00000001  mc_w.l(entry2.o)
    0x0001f204   0x00000004   Code   RO         5477    .ARM.Collect$$$$00000004  mc_w.l(entry5.o)
    0x0001f208   0x00000000   Code   RO         5479    .ARM.Collect$$$$00000008  mc_w.l(entry7b.o)
    0x0001f208   0x00000000   Code   RO         5481    .ARM.Collect$$$$0000000A  mc_w.l(entry8b.o)
    0x0001f208   0x00000008   Code   RO         5482    .ARM.Collect$$$$0000000B  mc_w.l(entry9a.o)
    0x0001f210   0x00000000   Code   RO         5484    .ARM.Collect$$$$0000000D  mc_w.l(entry10a.o)
    0x0001f210   0x00000000   Code   RO         5486    .ARM.Collect$$$$0000000F  mc_w.l(entry11a.o)
    0x0001f210   0x00000004   Code   RO         5475    .ARM.Collect$$$$00002712  mc_w.l(entry2.o)
    0x0001f214   0x00000024   Code   RO         5128    .text               arm_startup_nrf52.o
    0x0001f238   0x00000062   Code   RO         5171    .text               mc_w.l(uldiv.o)
    0x0001f29a   0x00000002   PAD
    0x0001f29c   0x00000008   Code   RO         5173    .text               mc_w.l(ctype_o.o)
    0x0001f2a4   0x00000024   Code   RO         5201    .text               mc_w.l(memcpya.o)
    0x0001f2c8   0x00000024   Code   RO         5203    .text               mc_w.l(memseta.o)
    0x0001f2ec   0x0000000e   Code   RO         5205    .text               mc_w.l(strlen.o)
    0x0001f2fa   0x0000001a   Code   RO         5207    .text               mc_w.l(memcmp.o)
    0x0001f314   0x0000001e   Code   RO         5493    .text               mc_w.l(llshl.o)
    0x0001f332   0x00000020   Code   RO         5495    .text               mc_w.l(llushr.o)
    0x0001f352   0x00000002   PAD
    0x0001f354   0x00000024   Code   RO         5508    .text               mc_w.l(init.o)
    0x0001f378   0x00000056   Code   RO         5524    .text               mc_w.l(__dczerorl2.o)
    0x0001f3ce   0x00000002   PAD
    0x0001f3d0   0x00000174   Code   RO         3054    i.GPIOTE_IRQHandler  nrf_drv_gpiote.o
    0x0001f544   0x00000016   Code   RO         3716    i.NVIC_ClearPendingIRQ  app_timer.o
    0x0001f55a   0x00000016   Code   RO         4956    i.NVIC_DisableIRQ   softdevice_handler.o
    0x0001f570   0x00000016   Code   RO         3717    i.NVIC_EnableIRQ    app_timer.o
    0x0001f586   0x00000016   Code   RO         4957    i.NVIC_EnableIRQ    softdevice_handler.o
    0x0001f59c   0x00000016   Code   RO         3718    i.NVIC_SetPendingIRQ  app_timer.o
    0x0001f5b2   0x00000020   Code   RO         3719    i.NVIC_SetPriority  app_timer.o
    0x0001f5d2   0x00000002   PAD
    0x0001f5d4   0x00000058   Code   RO         2837    i.POWER_CLOCK_IRQHandler  nrf_drv_clock.o
    0x0001f62c   0x00000024   Code   RO         3720    i.RTC1_IRQHandler   app_timer.o
    0x0001f650   0x00000004   Code   RO         3721    i.SWI0_EGU0_IRQHandler  app_timer.o
    0x0001f654   0x00000024   Code   RO         4958    i.SWI2_EGU2_IRQHandler  softdevice_handler.o
    0x0001f678   0x000002fc   Code   RO         5136    i.SystemInit        system_nrf52.o
    0x0001f974   0x0000001c   Code   RO         3297    i.UARTE0_UART0_IRQHandler  nrf_drv_uart.o
    0x0001f990   0x00000030   Code   RO         5421    i.__0snprintf$8     mc_w.l(printf8.o)
    0x0001f9c0   0x0000000e   Code   RO         5518    i.__scatterload_copy  mc_w.l(handlers.o)
    0x0001f9ce   0x00000002   Code   RO         5519    i.__scatterload_null  mc_w.l(handlers.o)
    0x0001f9d0   0x0000000e   Code   RO         5520    i.__scatterload_zeroinit  mc_w.l(handlers.o)
    0x0001f9de   0x00000002   PAD
    0x0001f9e0   0x00000024   Code   RO         4959    i.__sd_nvic_app_accessible_irq  softdevice_handler.o
    0x0001fa04   0x00000410   Code   RO         5427    i._printf_core      mc_w.l(printf8.o)
    0x0001fe14   0x00000024   Code   RO         5428    i._printf_post_padding  mc_w.l(printf8.o)
    0x0001fe38   0x0000002e   Code   RO         5429    i._printf_pre_padding  mc_w.l(printf8.o)
    0x0001fe66   0x00000016   Code   RO         5430    i._snputc           mc_w.l(printf8.o)
    0x0001fe7c   0x00000026   Code   RO         1346    i.addr_compare      id_manager.o
    0x0001fea2   0x00000182   Code   RO          728    i.adv_data_encode   ble_advdata.o
    0x00020024   0x00000058   Code   RO          805    i.adv_mode_next_avail_get  ble_advertising.o
    0x0002007c   0x00000036   Code   RO          646    i.advertising_buttons_configure  bsp_btn_ble.o
    0x000200b2   0x00000002   PAD
    0x000200b4   0x00000084   Code   RO            4    i.advertising_init  main.o
    0x00020138   0x000000bc   Code   RO            5    i.advertising_start  main.o
    0x000201f4   0x00000052   Code   RO         1347    i.ah                id_manager.o
    0x00020246   0x00000006   Code   RO          526    i.alert_timer_handler  bsp.o
    0x0002024c   0x00000024   Code   RO         3536    i.app_button_enable  app_button.o
    0x00020270   0x00000070   Code   RO         3537    i.app_button_init   app_button.o
    0x000202e0   0x0000006c   Code   RO         3640    i.app_error_fault_handler  app_error_weak.o
    0x0002034c   0x00000016   Code   RO         3598    i.app_error_handler_bare  app_error.o
    0x00020362   0x00000002   PAD
    0x00020364   0x000000a0   Code   RO         3668    i.app_sched_event_put  app_scheduler.o
    0x00020404   0x00000040   Code   RO         3669    i.app_sched_execute  app_scheduler.o
    0x00020444   0x0000002c   Code   RO         3670    i.app_sched_init    app_scheduler.o
    0x00020470   0x00000024   Code   RO         3724    i.app_timer_create  app_timer.o
    0x00020494   0x00000054   Code   RO         3725    i.app_timer_init    app_timer.o
    0x000204e8   0x00000088   Code   RO         3728    i.app_timer_start   app_timer.o
    0x00020570   0x00000020   Code   RO         3729    i.app_timer_stop    app_timer.o
    0x00020590   0x00000048   Code   RO         3890    i.app_util_critical_region_enter  app_util_platform.o
    0x000205d8   0x00000034   Code   RO         3891    i.app_util_critical_region_exit  app_util_platform.o
    0x0002060c   0x000000b8   Code   RO         3298    i.apply_config      nrf_drv_uart.o
    0x000206c4   0x000000a0   Code   RO         2390    i.auth_status_success_process  security_dispatcher.o
    0x00020764   0x00000080   Code   RO            7    i.bas_init          main.o
    0x000207e4   0x0000014e   Code   RO         2631    i.battery_level_char_add  ble_bas.o
    0x00020932   0x00000002   PAD
    0x00020934   0x0000003c   Code   RO            8    i.battery_level_meas_timeout_handler  main.o
    0x00020970   0x00000068   Code   RO          729    i.ble_advdata_set   ble_advdata.o
    0x000209d8   0x00000004   Code   RO            9    i.ble_advertising_error_handler  main.o
    0x000209dc   0x00000120   Code   RO          807    i.ble_advertising_init  ble_advertising.o
    0x00020afc   0x0000005c   Code   RO          808    i.ble_advertising_on_ble_evt  ble_advertising.o
    0x00020b58   0x00000034   Code   RO          809    i.ble_advertising_on_sys_evt  ble_advertising.o
    0x00020b8c   0x00000024   Code   RO          810    i.ble_advertising_peer_addr_reply  ble_advertising.o
    0x00020bb0   0x0000003c   Code   RO          811    i.ble_advertising_restart_without_whitelist  ble_advertising.o
    0x00020bec   0x00000104   Code   RO          812    i.ble_advertising_start  ble_advertising.o
    0x00020cf0   0x00000020   Code   RO          813    i.ble_advertising_whitelist_reply  ble_advertising.o
    0x00020d10   0x0000007a   Code   RO         2632    i.ble_bas_battery_level_update  ble_bas.o
    0x00020d8a   0x00000044   Code   RO         2633    i.ble_bas_init      ble_bas.o
    0x00020dce   0x00000060   Code   RO         2634    i.ble_bas_on_ble_evt  ble_bas.o
    0x00020e2e   0x00000002   PAD
    0x00020e30   0x00000058   Code   RO          896    i.ble_conn_params_init  ble_conn_params.o
    0x00020e88   0x00000084   Code   RO          897    i.ble_conn_params_on_ble_evt  ble_conn_params.o
    0x00020f0c   0x00000010   Code   RO          966    i.ble_conn_state_conn_handles  ble_conn_state.o
    0x00020f1c   0x00000010   Code   RO          967    i.ble_conn_state_encrypted  ble_conn_state.o
    0x00020f2c   0x00000010   Code   RO          969    i.ble_conn_state_mitm_protected  ble_conn_state.o
    0x00020f3c   0x0000010c   Code   RO          973    i.ble_conn_state_on_ble_evt  ble_conn_state.o
    0x00021048   0x00000030   Code   RO          975    i.ble_conn_state_role  ble_conn_state.o
    0x00021078   0x0000002c   Code   RO          977    i.ble_conn_state_user_flag_acquire  ble_conn_state.o
    0x000210a4   0x0000001c   Code   RO          978    i.ble_conn_state_user_flag_collection  ble_conn_state.o
    0x000210c0   0x0000002c   Code   RO          979    i.ble_conn_state_user_flag_get  ble_conn_state.o
    0x000210ec   0x00000030   Code   RO          980    i.ble_conn_state_user_flag_set  ble_conn_state.o
    0x0002111c   0x00000060   Code   RO          730    i.ble_device_addr_encode  ble_advdata.o
    0x0002117c   0x0000012c   Code   RO         2672    i.ble_dis_init      ble_dis.o
    0x000212a8   0x0000004c   Code   RO           10    i.ble_evt_dispatch  main.o
    0x000212f4   0x0000016a   Code   RO         2715    i.ble_hids_init     ble_hids.o
    0x0002145e   0x00000068   Code   RO         2716    i.ble_hids_inp_rep_send  ble_hids.o
    0x000214c6   0x0000009e   Code   RO         2717    i.ble_hids_on_ble_evt  ble_hids.o
    0x00021564   0x00000012   Code   RO         1097    i.ble_srv_ascii_to_utf8  ble_srv_common.o
    0x00021576   0x00000008   Code   RO         1099    i.ble_srv_is_notification_enabled  ble_srv_common.o
    0x0002157e   0x0000000c   Code   RO         1100    i.ble_srv_report_ref_encode  ble_srv_common.o
    0x0002158a   0x00000002   PAD
    0x0002158c   0x000000a4   Code   RO           11    i.ble_stack_init    main.o
    0x00021630   0x000000d0   Code   RO         2719    i.boot_inp_rep_char_add  ble_hids.o
    0x00021700   0x00000086   Code   RO         2720    i.boot_kb_outp_rep_char_add  ble_hids.o
    0x00021786   0x00000002   PAD
    0x00021788   0x0000000c   Code   RO          410    i.bsp_board_button_idx_to_pin  boards.o
    0x00021794   0x00000020   Code   RO          411    i.bsp_board_button_state_get  boards.o
    0x000217b4   0x00000024   Code   RO          414    i.bsp_board_led_invert  boards.o
    0x000217d8   0x00000010   Code   RO          415    i.bsp_board_led_off  boards.o
    0x000217e8   0x00000010   Code   RO          416    i.bsp_board_led_on  boards.o
    0x000217f8   0x00000020   Code   RO          417    i.bsp_board_led_state_get  boards.o
    0x00021818   0x0000002c   Code   RO          418    i.bsp_board_leds_init  boards.o
    0x00021844   0x00000012   Code   RO          419    i.bsp_board_leds_off  boards.o
    0x00021856   0x00000012   Code   RO          420    i.bsp_board_leds_on  boards.o
    0x00021868   0x00000024   Code   RO          421    i.bsp_board_pin_to_button_idx  boards.o
    0x0002188c   0x00000038   Code   RO          647    i.bsp_btn_ble_init  bsp_btn_ble.o
    0x000218c4   0x00000070   Code   RO          648    i.bsp_btn_ble_on_ble_evt  bsp_btn_ble.o
    0x00021934   0x0000001e   Code   RO          649    i.bsp_btn_ble_sleep_mode_prepare  bsp_btn_ble.o
    0x00021952   0x00000002   PAD
    0x00021954   0x00000090   Code   RO          527    i.bsp_button_event_handler  bsp.o
    0x000219e4   0x00000004   Code   RO          528    i.bsp_button_is_pressed  bsp.o
    0x000219e8   0x000000c0   Code   RO           12    i.bsp_event_handler  main.o
    0x00021aa8   0x00000044   Code   RO          531    i.bsp_event_to_button_action_assign  bsp.o
    0x00021aec   0x00000018   Code   RO          532    i.bsp_indication_set  bsp.o
    0x00021b04   0x00000094   Code   RO          533    i.bsp_init          bsp.o
    0x00021b98   0x000001b8   Code   RO          534    i.bsp_led_indication  bsp.o
    0x00021d50   0x00000010   Code   RO          536    i.bsp_wakeup_button_enable  bsp.o
    0x00021d60   0x00000012   Code   RO         4565    i.buf_len_update    nrf_log_backend_serial.o
    0x00021d72   0x00000002   PAD
    0x00021d74   0x00000068   Code   RO         4669    i.buf_prealloc      nrf_log_frontend.o
    0x00021ddc   0x00000014   Code   RO         4670    i.buffer_is_empty   nrf_log_frontend.o
    0x00021df0   0x00000008   Code   RO          537    i.button_timer_handler  bsp.o
    0x00021df8   0x00000068   Code   RO           13    i.buttons_leds_init  main.o
    0x00021e60   0x0000001c   Code   RO         3055    i.channel_free      nrf_drv_gpiote.o
    0x00021e7c   0x00000048   Code   RO         3056    i.channel_port_alloc  nrf_drv_gpiote.o
    0x00021ec4   0x00000010   Code   RO         3057    i.channel_port_get  nrf_drv_gpiote.o
    0x00021ed4   0x000000a0   Code   RO         2673    i.char_add          ble_dis.o
    0x00021f74   0x00000020   Code   RO         4291    i.check_config      fstorage.o
    0x00021f94   0x00000018   Code   RO         3985    i.chunk_queue_next  fds.o
    0x00021fac   0x00000038   Code   RO         1938    i.claim             peer_id.o
    0x00021fe4   0x00000028   Code   RO         2838    i.clock_clk_started_notify  nrf_drv_clock.o
    0x0002200c   0x000000ac   Code   RO         3731    i.compare_reg_update  app_timer.o
    0x000220b8   0x00000088   Code   RO          731    i.conn_int_encode   ble_advdata.o
    0x00022140   0x00000004   Code   RO           14    i.conn_params_error_handler  main.o
    0x00022144   0x0000005c   Code   RO          899    i.conn_params_negotiation  ble_conn_params.o
    0x000221a0   0x00000080   Code   RO         3986    i.delete_execute    fds.o
    0x00022220   0x00000060   Code   RO         3539    i.detection_delay_timeout_handler  app_button.o
    0x00022280   0x0000007c   Code   RO           15    i.dis_init          main.o
    0x000222fc   0x00000040   Code   RO         3732    i.elapsed_ticks_acquire  app_timer.o
    0x0002233c   0x00000030   Code   RO         2391    i.encryption_failure  security_dispatcher.o
    0x0002236c   0x0000006a   Code   RO         3987    i.event_prepare     fds.o
    0x000223d6   0x00000002   PAD
    0x000223d8   0x00000020   Code   RO         3988    i.event_send        fds.o
    0x000223f8   0x00000034   Code   RO         2505    i.events_send_from_err_code  security_manager.o
    0x0002242c   0x0000000c   Code   RO         1156    i.evt_send          gatt_cache_manager.o
    0x00022438   0x0000001c   Code   RO         1348    i.evt_send          id_manager.o
    0x00022454   0x0000002c   Code   RO         2028    i.evt_send          peer_manager.o
    0x00022480   0x0000001c   Code   RO         2392    i.evt_send          security_dispatcher.o
    0x0002249c   0x0000000c   Code   RO         2506    i.evt_send          security_manager.o
    0x000224a8   0x000000f8   Code   RO         1631    i.fds_evt_handler   peer_data_storage.o
    0x000225a0   0x0000004c   Code   RO         3990    i.fds_file_delete   fds.o
    0x000225ec   0x00000044   Code   RO         3991    i.fds_gc            fds.o
    0x00022630   0x00000088   Code   RO         3992    i.fds_init          fds.o
    0x000226b8   0x0000003c   Code   RO         3993    i.fds_record_close  fds.o
    0x000226f4   0x0000000e   Code   RO         3995    i.fds_record_find   fds.o
    0x00022702   0x00000010   Code   RO         3996    i.fds_record_find_by_key  fds.o
    0x00022712   0x00000010   Code   RO         3997    i.fds_record_find_in_file  fds.o
    0x00022722   0x00000010   Code   RO         3998    i.fds_record_id_from_desc  fds.o
    0x00022732   0x00000002   PAD
    0x00022734   0x00000040   Code   RO         4000    i.fds_record_open   fds.o
    0x00022774   0x0000000e   Code   RO         4001    i.fds_record_update  fds.o
    0x00022782   0x00000008   Code   RO         4002    i.fds_record_write  fds.o
    0x0002278a   0x0000000c   Code   RO         4003    i.fds_record_write_reserved  fds.o
    0x00022796   0x00000002   PAD
    0x00022798   0x00000024   Code   RO         4004    i.fds_register      fds.o
    0x000227bc   0x00000034   Code   RO         4005    i.fds_reserve       fds.o
    0x000227f0   0x00000044   Code   RO         4006    i.fds_reserve_cancel  fds.o
    0x00022834   0x00000014   Code   RO         1632    i.file_id_within_pm_range  peer_data_storage.o
    0x00022848   0x00000010   Code   RO         4008    i.flag_clear        fds.o
    0x00022858   0x00000012   Code   RO         2393    i.flag_id_init      security_dispatcher.o
    0x0002286a   0x00000012   Code   RO         2507    i.flag_id_init      security_manager.o
    0x0002287c   0x00000010   Code   RO         4009    i.flag_set          fds.o
    0x0002288c   0x00000058   Code   RO         2508    i.flags_set_from_err_code  security_manager.o
    0x000228e4   0x00000074   Code   RO         4292    i.fs_erase          fstorage.o
    0x00022958   0x00000006   Code   RO         4010    i.fs_event_handler  fds.o
    0x0002295e   0x00000002   PAD
    0x00022960   0x000000b0   Code   RO         4294    i.fs_init           fstorage.o
    0x00022a10   0x00000014   Code   RO         4297    i.fs_queued_op_count_get  fstorage.o
    0x00022a24   0x00000080   Code   RO         4298    i.fs_store          fstorage.o
    0x00022aa4   0x00000068   Code   RO         4299    i.fs_sys_event_handler  fstorage.o
    0x00022b0c   0x0000006c   Code   RO           16    i.gap_params_init   main.o
    0x00022b78   0x00000070   Code   RO         4011    i.gc_execute        fds.o
    0x00022be8   0x00000048   Code   RO         4012    i.gc_next_page      fds.o
    0x00022c30   0x0000004c   Code   RO         4013    i.gc_page_erase     fds.o
    0x00022c7c   0x00000034   Code   RO         4014    i.gc_record_copy    fds.o
    0x00022cb0   0x00000024   Code   RO         4015    i.gc_record_find_next  fds.o
    0x00022cd4   0x00000080   Code   RO         4016    i.gc_state_advance  fds.o
    0x00022d54   0x000000ec   Code   RO         1157    i.gcm_ble_evt_handler  gatt_cache_manager.o
    0x00022e40   0x0000006c   Code   RO         1158    i.gcm_gscm_evt_handler  gatt_cache_manager.o
    0x00022eac   0x00000030   Code   RO         1159    i.gcm_im_evt_handler  gatt_cache_manager.o
    0x00022edc   0x00000048   Code   RO         1160    i.gcm_init          gatt_cache_manager.o
    0x00022f24   0x00000054   Code   RO         1161    i.gcm_local_database_has_changed  gatt_cache_manager.o
    0x00022f78   0x0000000e   Code   RO         1164    i.gcm_smd_evt_handler  gatt_cache_manager.o
    0x00022f86   0x00000002   PAD
    0x00022f88   0x00000038   Code   RO         1349    i.get_connection_by_conn_handle  id_manager.o
    0x00022fc0   0x00000030   Code   RO         1350    i.get_free_connection  id_manager.o
    0x00022ff0   0x00000058   Code   RO         3540    i.gpiote_event_handler  app_button.o
    0x00023048   0x0000001c   Code   RO         1264    i.gscm_db_change_notification_done  gatts_cache_manager.o
    0x00023064   0x00000014   Code   RO         1265    i.gscm_init         gatts_cache_manager.o
    0x00023078   0x0000001c   Code   RO         1266    i.gscm_local_database_has_changed  gatts_cache_manager.o
    0x00023094   0x0000006a   Code   RO         1267    i.gscm_local_db_cache_apply  gatts_cache_manager.o
    0x000230fe   0x00000080   Code   RO         1269    i.gscm_local_db_cache_update  gatts_cache_manager.o
    0x0002317e   0x00000002   PAD
    0x00023180   0x00000054   Code   RO         1270    i.gscm_pdb_evt_handler  gatts_cache_manager.o
    0x000231d4   0x0000001a   Code   RO         1271    i.gscm_service_changed_ind_needed  gatts_cache_manager.o
    0x000231ee   0x00000002   PAD
    0x000231f0   0x0000002c   Code   RO         1272    i.gscm_service_changed_ind_send  gatts_cache_manager.o
    0x0002321c   0x00000016   Code   RO         4017    i.header_is_valid   fds.o
    0x00023232   0x0000008a   Code   RO         2721    i.hid_control_point_char_add  ble_hids.o
    0x000232bc   0x000000a6   Code   RO         2722    i.hid_information_char_add  ble_hids.o
    0x00023362   0x00000002   PAD
    0x00023364   0x00000220   Code   RO           17    i.hids_init         main.o
    0x00023584   0x00000046   Code   RO         1351    i.im_address_resolve  id_manager.o
    0x000235ca   0x00000002   PAD
    0x000235cc   0x00000030   Code   RO         1352    i.im_ble_addr_get   id_manager.o
    0x000235fc   0x000000ae   Code   RO         1353    i.im_ble_evt_handler  id_manager.o
    0x000236aa   0x00000002   PAD
    0x000236ac   0x0000002c   Code   RO         1354    i.im_conn_handle_get  id_manager.o
    0x000236d8   0x000000a6   Code   RO         1355    i.im_device_identities_list_set  id_manager.o
    0x0002377e   0x00000002   PAD
    0x00023780   0x00000040   Code   RO         1358    i.im_init           id_manager.o
    0x000237c0   0x00000034   Code   RO         1359    i.im_is_duplicate_bonding_data  id_manager.o
    0x000237f4   0x00000018   Code   RO         1360    i.im_master_id_is_valid  id_manager.o
    0x0002380c   0x0000002a   Code   RO         1361    i.im_master_ids_compare  id_manager.o
    0x00023836   0x00000004   Code   RO         1362    i.im_new_peer_id    id_manager.o
    0x0002383a   0x00000072   Code   RO         1363    i.im_pdb_evt_handler  id_manager.o
    0x000238ac   0x00000026   Code   RO         1364    i.im_peer_free      id_manager.o
    0x000238d2   0x00000002   PAD
    0x000238d4   0x00000020   Code   RO         1365    i.im_peer_id_get_by_conn_handle  id_manager.o
    0x000238f4   0x0000003c   Code   RO         1366    i.im_peer_id_get_by_master_id  id_manager.o
    0x00023930   0x00000038   Code   RO         1369    i.im_whitelist_get  id_manager.o
    0x00023968   0x00000074   Code   RO         1370    i.im_whitelist_set  id_manager.o
    0x000239dc   0x000000c0   Code   RO         4018    i.init_execute      fds.o
    0x00023a9c   0x00000078   Code   RO         2723    i.inp_rep_characteristics_add  ble_hids.o
    0x00023b14   0x00000078   Code   RO         4960    i.intern_softdevice_events_execute  softdevice_handler.o
    0x00023b8c   0x00000078   Code   RO         3299    i.interrupts_enable  nrf_drv_uart.o
    0x00023c04   0x0000001c   Code   RO          900    i.is_conn_params_ok  ble_conn_params.o
    0x00023c20   0x00000014   Code   RO         1371    i.is_valid_irk      id_manager.o
    0x00023c34   0x0000000c   Code   RO         4019    i.is_word_aligned   fds.o
    0x00023c40   0x00000030   Code   RO          538    i.leds_off          bsp.o
    0x00023c70   0x00000014   Code   RO          539    i.leds_timer_handler  bsp.o
    0x00023c84   0x00000014   Code   RO         1539    i.link_init         nrf_ble_gatt.o
    0x00023c98   0x00000098   Code   RO         2509    i.link_secure       security_manager.o
    0x00023d30   0x00000086   Code   RO         2394    i.link_secure_central  security_dispatcher.o
    0x00023db6   0x000000c8   Code   RO         2395    i.link_secure_central_existing_peer  security_dispatcher.o
    0x00023e7e   0x0000006c   Code   RO         2396    i.link_secure_central_new_peer  security_dispatcher.o
    0x00023eea   0x00000002   PAD
    0x00023eec   0x00000058   Code   RO         2397    i.link_secure_failure  security_dispatcher.o
    0x00023f44   0x0000005c   Code   RO         2510    i.link_secure_pending_process  security_manager.o
    0x00023fa0   0x000000f8   Code   RO         3733    i.list_insertions_handler  app_timer.o
    0x00024098   0x00000074   Code   RO         1165    i.local_db_apply_in_evt  gatt_cache_manager.o
    0x0002410c   0x00000078   Code   RO         1166    i.local_db_update_in_evt  gatt_cache_manager.o
    0x00024184   0x00000032   Code   RO         2337    i.lock_by_mask      pm_mutex.o
    0x000241b6   0x00000002   PAD
    0x000241b8   0x00000138   Code   RO           18    i.main              main.o
    0x000242f0   0x00000012   Code   RO         2724    i.make_char_id      ble_hids.o
    0x00024302   0x00000064   Code   RO          732    i.manuf_specific_data_encode  ble_advdata.o
    0x00024366   0x0000009c   Code   RO          733    i.name_encode       ble_advdata.o
    0x00024402   0x00000002   PAD
    0x00024404   0x00000058   Code   RO         1372    i.new_connection    id_manager.o
    0x0002445c   0x00000030   Code   RO         1939    i.next_id_get       peer_id.o
    0x0002448c   0x00000010   Code   RO         3058    i.nrf_bitmask_bit_is_set  nrf_drv_gpiote.o
    0x0002449c   0x0000002c   Code   RO         1545    i.nrf_ble_gatt_init  nrf_ble_gatt.o
    0x000244c8   0x00000140   Code   RO         1546    i.nrf_ble_gatt_on_ble_evt  nrf_ble_gatt.o
    0x00024608   0x0000000e   Code   RO         2842    i.nrf_clock_event_check  nrf_drv_clock.o
    0x00024616   0x00000010   Code   RO         2843    i.nrf_clock_event_clear  nrf_drv_clock.o
    0x00024626   0x00000002   PAD
    0x00024628   0x0000008c   Code   RO         3734    i.nrf_delay_us      app_timer.o
    0x000246b4   0x00000048   Code   RO         2850    i.nrf_drv_clock_init  nrf_drv_clock.o
    0x000246fc   0x00000030   Code   RO         2857    i.nrf_drv_clock_on_sd_enable  nrf_drv_clock.o
    0x0002472c   0x0000000a   Code   RO         2858    i.nrf_drv_clock_on_soc_event  nrf_drv_clock.o
    0x00024736   0x00000016   Code   RO         3300    i.nrf_drv_common_irq_disable  nrf_drv_uart.o
    0x0002474c   0x00000038   Code   RO         3008    i.nrf_drv_common_irq_enable  nrf_drv_common.o
    0x00024784   0x00000006   Code   RO         3301    i.nrf_drv_get_IRQn  nrf_drv_uart.o
    0x0002478a   0x00000002   PAD
    0x0002478c   0x000000a4   Code   RO         3063    i.nrf_drv_gpiote_in_event_enable  nrf_drv_gpiote.o
    0x00024830   0x000000b8   Code   RO         3064    i.nrf_drv_gpiote_in_init  nrf_drv_gpiote.o
    0x000248e8   0x00000014   Code   RO         3065    i.nrf_drv_gpiote_in_is_set  nrf_drv_gpiote.o
    0x000248fc   0x0000005c   Code   RO         3067    i.nrf_drv_gpiote_init  nrf_drv_gpiote.o
    0x00024958   0x00000014   Code   RO         3068    i.nrf_drv_gpiote_is_init  nrf_drv_gpiote.o
    0x0002496c   0x00000010   Code   RO         3302    i.nrf_drv_is_in_RAM  nrf_drv_uart.o
    0x0002497c   0x00000068   Code   RO         3304    i.nrf_drv_uart_init  nrf_drv_uart.o
    0x000249e4   0x0000010c   Code   RO         3312    i.nrf_drv_uart_tx   nrf_drv_uart.o
    0x00024af0   0x00000018   Code   RO         3314    i.nrf_drv_uart_tx_in_progress  nrf_drv_uart.o
    0x00024b08   0x00000054   Code   RO         3315    i.nrf_drv_uart_uninit  nrf_drv_uart.o
    0x00024b5c   0x00000024   Code   RO          423    i.nrf_gpio_cfg      boards.o
    0x00024b80   0x00000024   Code   RO         3082    i.nrf_gpio_cfg      nrf_drv_gpiote.o
    0x00024ba4   0x00000024   Code   RO         3316    i.nrf_gpio_cfg      nrf_drv_uart.o
    0x00024bc8   0x00000012   Code   RO         3317    i.nrf_gpio_cfg_default  nrf_drv_uart.o
    0x00024bda   0x00000012   Code   RO         3318    i.nrf_gpio_cfg_input  nrf_drv_uart.o
    0x00024bec   0x00000014   Code   RO         3319    i.nrf_gpio_cfg_output  nrf_drv_uart.o
    0x00024c00   0x00000022   Code   RO          540    i.nrf_gpio_cfg_sense_set  bsp.o
    0x00024c22   0x00000022   Code   RO         3084    i.nrf_gpio_cfg_sense_set  nrf_drv_gpiote.o
    0x00024c44   0x00000016   Code   RO          424    i.nrf_gpio_pin_write  boards.o
    0x00024c5a   0x00000002   PAD
    0x00024c5c   0x00000028   Code   RO         3085    i.nrf_gpio_ports_read  nrf_drv_gpiote.o
    0x00024c84   0x00000014   Code   RO         3086    i.nrf_gpiote_event_clear  nrf_drv_gpiote.o
    0x00024c98   0x00000010   Code   RO         3087    i.nrf_gpiote_event_is_set  nrf_drv_gpiote.o
    0x00024ca8   0x00000008   Code   RO         4567    i.nrf_log_backend_hexdump_handler_get  nrf_log_backend_serial.o
    0x00024cb0   0x00000070   Code   RO         4568    i.nrf_log_backend_init  nrf_log_backend_serial.o
    0x00024d20   0x0000012e   Code   RO         4569    i.nrf_log_backend_serial_hexdump_handler  nrf_log_backend_serial.o
    0x00024e4e   0x00000114   Code   RO         4570    i.nrf_log_backend_serial_std_handler  nrf_log_backend_serial.o
    0x00024f62   0x00000002   PAD
    0x00024f64   0x00000008   Code   RO         4571    i.nrf_log_backend_std_handler_get  nrf_log_backend_serial.o
    0x00024f6c   0x00000006   Code   RO         4672    i.nrf_log_blocking_backend_set  nrf_log_frontend.o
    0x00024f72   0x00000002   PAD
    0x00024f74   0x00000130   Code   RO         4673    i.nrf_log_frontend_dequeue  nrf_log_frontend.o
    0x000250a4   0x00000014   Code   RO         4675    i.nrf_log_frontend_init  nrf_log_frontend.o
    0x000250b8   0x0000004c   Code   RO         4676    i.nrf_log_frontend_std_0  nrf_log_frontend.o
    0x00025104   0x00000058   Code   RO         4677    i.nrf_log_frontend_std_1  nrf_log_frontend.o
    0x0002515c   0x00000068   Code   RO         4678    i.nrf_log_frontend_std_2  nrf_log_frontend.o
    0x000251c4   0x0000007c   Code   RO         4679    i.nrf_log_frontend_std_3  nrf_log_frontend.o
    0x00025240   0x00000010   Code   RO         4684    i.nrf_log_handlers_set  nrf_log_frontend.o
    0x00025250   0x00000024   Code   RO         4685    i.nrf_log_init      nrf_log_frontend.o
    0x00025274   0x0000000a   Code   RO         3320    i.nrf_uart_event_check  nrf_drv_uart.o
    0x0002527e   0x0000000c   Code   RO         3321    i.nrf_uart_event_clear  nrf_drv_uart.o
    0x0002528a   0x0000000c   Code   RO         3322    i.nrf_uart_int_enable_check  nrf_drv_uart.o
    0x00025296   0x0000000a   Code   RO         3323    i.nrf_uarte_event_check  nrf_drv_uart.o
    0x000252a0   0x0000000c   Code   RO         3324    i.nrf_uarte_event_clear  nrf_drv_uart.o
    0x000252ac   0x000001a0   Code   RO           19    i.on_adv_evt        main.o
    0x0002544c   0x0000012c   Code   RO           20    i.on_ble_evt        main.o
    0x00025578   0x00000084   Code   RO         1547    i.on_connected_evt  nrf_ble_gatt.o
    0x000255fc   0x00000068   Code   RO         1548    i.on_exchange_mtu_request_evt  nrf_ble_gatt.o
    0x00025664   0x00000020   Code   RO           21    i.on_hids_evt       main.o
    0x00025684   0x00000054   Code   RO         4300    i.on_operation_success  fstorage.o
    0x000256d8   0x00000038   Code   RO         2725    i.on_report_cccd_write  ble_hids.o
    0x00025710   0x0000002e   Code   RO         2726    i.on_report_value_write  ble_hids.o
    0x0002573e   0x00000002   PAD
    0x00025740   0x000000fa   Code   RO         2727    i.on_write          ble_hids.o
    0x0002583a   0x00000002   PAD
    0x0002583c   0x00000080   Code   RO         4020    i.op_enqueue        fds.o
    0x000258bc   0x00000060   Code   RO         2728    i.outp_rep_characteristics_add  ble_hids.o
    0x0002591c   0x00000012   Code   RO         4021    i.page_offsets_update  fds.o
    0x0002592e   0x00000002   PAD
    0x00025930   0x00000064   Code   RO         4022    i.page_scan         fds.o
    0x00025994   0x0000001c   Code   RO         4023    i.page_tag_write_data  fds.o
    0x000259b0   0x00000024   Code   RO         4024    i.page_tag_write_swap  fds.o
    0x000259d4   0x000000f8   Code   RO         4025    i.pages_init        fds.o
    0x00025acc   0x0000006c   Code   RO         2398    i.pairing_failure   security_dispatcher.o
    0x00025b38   0x0000003c   Code   RO         2511    i.params_reply_pending_process  security_manager.o
    0x00025b74   0x0000001c   Code   RO         1775    i.pdb_evt_send      peer_database.o
    0x00025b90   0x00000050   Code   RO         1776    i.pdb_init          peer_database.o
    0x00025be0   0x00000004   Code   RO         1778    i.pdb_next_deleted_peer_id_get  peer_database.o
    0x00025be4   0x00000004   Code   RO         1779    i.pdb_next_peer_id_get  peer_database.o
    0x00025be8   0x00000130   Code   RO         1780    i.pdb_pds_evt_handler  peer_database.o
    0x00025d18   0x00000004   Code   RO         1781    i.pdb_peer_allocate  peer_database.o
    0x00025d1c   0x00000010   Code   RO         1782    i.pdb_peer_data_load  peer_database.o
    0x00025d2c   0x00000006   Code   RO         1783    i.pdb_peer_data_ptr_get  peer_database.o
    0x00025d32   0x00000044   Code   RO         1784    i.pdb_peer_free     peer_database.o
    0x00025d76   0x00000008   Code   RO         1785    i.pdb_raw_store     peer_database.o
    0x00025d7e   0x00000002   PAD
    0x00025d80   0x00000108   Code   RO         1786    i.pdb_write_buf_get  peer_database.o
    0x00025e88   0x00000028   Code   RO         1787    i.pdb_write_buf_release  peer_database.o
    0x00025eb0   0x000000c4   Code   RO         1788    i.pdb_write_buf_store  peer_database.o
    0x00025f74   0x00000068   Code   RO         1789    i.pdb_write_buf_store_prepare  peer_database.o
    0x00025fdc   0x0000000c   Code   RO         1633    i.pds_evt_send      peer_data_storage.o
    0x00025fe8   0x0000006c   Code   RO         1634    i.pds_init          peer_data_storage.o
    0x00026054   0x00000004   Code   RO         1635    i.pds_next_deleted_peer_id_get  peer_data_storage.o
    0x00026058   0x00000004   Code   RO         1636    i.pds_next_peer_id_get  peer_data_storage.o
    0x0002605c   0x00000050   Code   RO         1639    i.pds_peer_data_iterate  peer_data_storage.o
    0x000260ac   0x00000010   Code   RO         1640    i.pds_peer_data_iterate_prepare  peer_data_storage.o
    0x000260bc   0x00000068   Code   RO         1641    i.pds_peer_data_read  peer_data_storage.o
    0x00026124   0x000000a2   Code   RO         1642    i.pds_peer_data_store  peer_data_storage.o
    0x000261c6   0x00000008   Code   RO         1643    i.pds_peer_id_allocate  peer_data_storage.o
    0x000261ce   0x00000016   Code   RO         1644    i.pds_peer_id_free  peer_data_storage.o
    0x000261e4   0x00000004   Code   RO         1645    i.pds_peer_id_is_allocated  peer_data_storage.o
    0x000261e8   0x0000002e   Code   RO         1646    i.pds_space_reserve  peer_data_storage.o
    0x00026216   0x00000010   Code   RO         1647    i.pds_space_reserve_cancel  peer_data_storage.o
    0x00026226   0x00000006   Code   RO         1790    i.peer_data_const_point_to_buffer  peer_database.o
    0x0002622c   0x00000080   Code   RO         1648    i.peer_data_delete  peer_data_storage.o
    0x000262ac   0x00000030   Code   RO         1649    i.peer_data_find    peer_data_storage.o
    0x000262dc   0x00000020   Code   RO         1650    i.peer_data_id_is_valid  peer_data_storage.o
    0x000262fc   0x0000001a   Code   RO         1791    i.peer_data_point_to_buffer  peer_database.o
    0x00026316   0x00000002   PAD
    0x00026318   0x0000000c   Code   RO         1940    i.peer_id_allocate  peer_id.o
    0x00026324   0x00000024   Code   RO         1941    i.peer_id_delete    peer_id.o
    0x00026348   0x0000001c   Code   RO         1942    i.peer_id_free      peer_id.o
    0x00026364   0x0000000c   Code   RO         1943    i.peer_id_get_next_deleted  peer_id.o
    0x00026370   0x00000030   Code   RO         1944    i.peer_id_get_next_used  peer_id.o
    0x000263a0   0x00000028   Code   RO         1945    i.peer_id_init      peer_id.o
    0x000263c8   0x00000014   Code   RO         1946    i.peer_id_is_allocated  peer_id.o
    0x000263dc   0x00000014   Code   RO         1947    i.peer_id_is_deleted  peer_id.o
    0x000263f0   0x0000001c   Code   RO         1373    i.peer_id_set       id_manager.o
    0x0002640c   0x0000006c   Code   RO           22    i.peer_manager_init  main.o
    0x00026478   0x000000c0   Code   RO         1374    i.peers_id_keys_get  id_manager.o
    0x00026538   0x00000018   Code   RO         3088    i.pin_in_use_by_port  nrf_drv_gpiote.o
    0x00026550   0x00000018   Code   RO         3089    i.pin_in_use_by_te  nrf_drv_gpiote.o
    0x00026568   0x00000078   Code   RO         3325    i.pins_to_default   nrf_drv_uart.o
    0x000265e0   0x0000005c   Code   RO         2295    i.pm_buffer_block_acquire  pm_buffer.o
    0x0002663c   0x00000040   Code   RO         2296    i.pm_buffer_init    pm_buffer.o
    0x0002667c   0x00000028   Code   RO         2297    i.pm_buffer_ptr_get  pm_buffer.o
    0x000266a4   0x0000002e   Code   RO         2298    i.pm_buffer_release  pm_buffer.o
    0x000266d2   0x00000004   Code   RO         2030    i.pm_conn_sec_config_reply  peer_manager.o
    0x000266d6   0x00000002   PAD
    0x000266d8   0x00000014   Code   RO         2033    i.pm_device_identities_list_set  peer_manager.o
    0x000266ec   0x00000174   Code   RO           23    i.pm_evt_handler    main.o
    0x00026860   0x00000088   Code   RO         2034    i.pm_gcm_evt_handler  peer_manager.o
    0x000268e8   0x00000050   Code   RO         2037    i.pm_im_evt_handler  peer_manager.o
    0x00026938   0x00000064   Code   RO         2038    i.pm_init           peer_manager.o
    0x0002699c   0x00000014   Code   RO         2040    i.pm_local_database_has_changed  peer_manager.o
    0x000269b0   0x0000000e   Code   RO         2338    i.pm_mutex_init     pm_mutex.o
    0x000269be   0x0000001a   Code   RO         2339    i.pm_mutex_lock     pm_mutex.o
    0x000269d8   0x00000036   Code   RO         2340    i.pm_mutex_lock_first_available  pm_mutex.o
    0x00026a0e   0x00000018   Code   RO         2341    i.pm_mutex_lock_status_get  pm_mutex.o
    0x00026a26   0x0000003a   Code   RO         2342    i.pm_mutex_unlock   pm_mutex.o
    0x00026a60   0x00000014   Code   RO         2041    i.pm_next_peer_id_get  peer_manager.o
    0x00026a74   0x00000028   Code   RO         2042    i.pm_on_ble_evt     peer_manager.o
    0x00026a9c   0x00000158   Code   RO         2043    i.pm_pdb_evt_handler  peer_manager.o
    0x00026bf4   0x00000014   Code   RO         2047    i.pm_peer_data_bonding_load  peer_manager.o
    0x00026c08   0x00000064   Code   RO         2050    i.pm_peer_data_load  peer_manager.o
    0x00026c6c   0x00000014   Code   RO         2054    i.pm_peer_delete    peer_manager.o
    0x00026c80   0x00000068   Code   RO         2059    i.pm_peers_delete   peer_manager.o
    0x00026ce8   0x0000002c   Code   RO         2062    i.pm_register       peer_manager.o
    0x00026d14   0x00000014   Code   RO         2064    i.pm_sec_params_set  peer_manager.o
    0x00026d28   0x00000160   Code   RO         2065    i.pm_sm_evt_handler  peer_manager.o
    0x00026e88   0x0000002c   Code   RO         2066    i.pm_whitelist_get  peer_manager.o
    0x00026eb4   0x00000014   Code   RO         2067    i.pm_whitelist_set  peer_manager.o
    0x00026ec8   0x00000034   Code   RO         2674    i.pnp_id_encode     ble_dis.o
    0x00026efc   0x0000008a   Code   RO         2729    i.protocol_mode_char_add  ble_hids.o
    0x00026f86   0x00000002   PAD
    0x00026f88   0x0000002c   Code   RO         4301    i.queue_advance     fstorage.o
    0x00026fb4   0x00000038   Code   RO         4302    i.queue_get_next_free  fstorage.o
    0x00026fec   0x000000bc   Code   RO         4026    i.queue_process     fds.o
    0x000270a8   0x00000070   Code   RO         4303    i.queue_process     fstorage.o
    0x00027118   0x00000020   Code   RO         4027    i.queue_start       fds.o
    0x00027138   0x0000001c   Code   RO         4304    i.queue_start       fstorage.o
    0x00027154   0x00000088   Code   RO         4028    i.record_find       fds.o
    0x000271dc   0x0000009c   Code   RO         4029    i.record_find_by_desc  fds.o
    0x00027278   0x0000004c   Code   RO         4030    i.record_find_next  fds.o
    0x000272c4   0x00000034   Code   RO         4031    i.record_header_flag_dirty  fds.o
    0x000272f8   0x00000014   Code   RO         1651    i.record_key_within_pm_range  peer_data_storage.o
    0x0002730c   0x0000005c   Code   RO         4032    i.record_write_chunk  fds.o
    0x00027368   0x00000010   Code   RO         1949    i.release           peer_id.o
    0x00027378   0x00000132   Code   RO         2730    i.rep_char_add      ble_hids.o
    0x000274aa   0x0000013e   Code   RO         2731    i.rep_map_char_add  ble_hids.o
    0x000275e8   0x00000082   Code   RO         2732    i.rep_value_identify  ble_hids.o
    0x0002766a   0x00000002   PAD
    0x0002766c   0x0000003c   Code   RO         3735    i.rtc1_stop         app_timer.o
    0x000276a8   0x00000032   Code   RO         3326    i.rx_byte           nrf_drv_uart.o
    0x000276da   0x00000018   Code   RO         3327    i.rx_done_event     nrf_drv_uart.o
    0x000276f2   0x00000002   PAD
    0x000276f4   0x00000070   Code   RO         4961    i.sd_nvic_EnableIRQ  softdevice_handler.o
    0x00027764   0x00000044   Code   RO         4477    i.sdk_mapped_flags_bulk_update_by_key  sdk_mapped_flags.o
    0x000277a8   0x00000022   Code   RO         4478    i.sdk_mapped_flags_first_key_index_get  sdk_mapped_flags.o
    0x000277ca   0x00000010   Code   RO         4479    i.sdk_mapped_flags_get_by_index  sdk_mapped_flags.o
    0x000277da   0x00000026   Code   RO         4480    i.sdk_mapped_flags_get_by_key  sdk_mapped_flags.o
    0x00027800   0x0000004a   Code   RO         4481    i.sdk_mapped_flags_key_list_get  sdk_mapped_flags.o
    0x0002784a   0x0000000e   Code   RO         4483    i.sdk_mapped_flags_update_by_key  sdk_mapped_flags.o
    0x00027858   0x000000b2   Code   RO         2399    i.sec_info_request_process  security_dispatcher.o
    0x0002790a   0x00000076   Code   RO         2512    i.sec_params_verify  security_manager.o
    0x00027980   0x00000054   Code   RO         2400    i.sec_proc_start    security_dispatcher.o
    0x000279d4   0x00000020   Code   RO         2401    i.sec_start_send    security_dispatcher.o
    0x000279f4   0x0000004c   Code   RO         4305    i.send_event        fstorage.o
    0x00027a40   0x0000001c   Code   RO         4533    i.sensorsim_decrement  sensorsim.o
    0x00027a5c   0x0000001c   Code   RO         4534    i.sensorsim_increment  sensorsim.o
    0x00027a78   0x00000016   Code   RO         4535    i.sensorsim_init    sensorsim.o
    0x00027a8e   0x0000001a   Code   RO         4536    i.sensorsim_measure  sensorsim.o
    0x00027aa8   0x0000000c   Code   RO         4572    i.serial_is_busy    nrf_log_backend_serial.o
    0x00027ab4   0x0000002c   Code   RO         4573    i.serial_tx         nrf_log_backend_serial.o
    0x00027ae0   0x00000058   Code   RO         1167    i.service_changed_pending_flags_check  gatt_cache_manager.o
    0x00027b38   0x00000044   Code   RO         1273    i.service_changed_pending_set  gatts_cache_manager.o
    0x00027b7c   0x00000094   Code   RO         1168    i.service_changed_send_in_evt  gatt_cache_manager.o
    0x00027c10   0x00000088   Code   RO          734    i.service_data_encode  ble_advdata.o
    0x00027c98   0x00000004   Code   RO           24    i.service_error_handler  main.o
    0x00027c9c   0x00000048   Code   RO          814    i.set_adv_mode_fast  ble_advertising.o
    0x00027ce4   0x00000044   Code   RO          815    i.set_adv_mode_slow  ble_advertising.o
    0x00027d28   0x00000028   Code   RO           25    i.sleep_mode_enter  main.o
    0x00027d50   0x00000018   Code   RO         2513    i.sm_ble_evt_handler  security_manager.o
    0x00027d68   0x00000018   Code   RO         2514    i.sm_conn_sec_config_reply  security_manager.o
    0x00027d80   0x00000050   Code   RO         2515    i.sm_init           security_manager.o
    0x00027dd0   0x00000038   Code   RO         2518    i.sm_pdb_evt_handler  security_manager.o
    0x00027e08   0x0000002c   Code   RO         2520    i.sm_sec_params_set  security_manager.o
    0x00027e34   0x00000078   Code   RO         2521    i.sm_smd_evt_handler  security_manager.o
    0x00027eac   0x000000ec   Code   RO         2402    i.smd_ble_evt_handler  security_dispatcher.o
    0x00027f98   0x0000003c   Code   RO         2403    i.smd_init          security_dispatcher.o
    0x00027fd4   0x00000030   Code   RO         2404    i.smd_link_secure   security_dispatcher.o
    0x00028004   0x00000118   Code   RO         2405    i.smd_params_reply  security_dispatcher.o
    0x0002811c   0x00000088   Code   RO         2522    i.smd_params_reply_perform  security_manager.o
    0x000281a4   0x00000034   Code   RO         2406    i.smd_pdb_evt_handler  security_dispatcher.o
    0x000281d8   0x00000014   Code   RO         4962    i.softdevice_app_ram_start_get  softdevice_handler.o
    0x000281ec   0x00000014   Code   RO         4963    i.softdevice_ble_evt_handler_set  softdevice_handler.o
    0x00028200   0x000000f0   Code   RO         4964    i.softdevice_enable  softdevice_handler.o
    0x000282f0   0x00000012   Code   RO         5098    i.softdevice_evt_get  softdevice_handler_appsh.o
    0x00028302   0x00000002   PAD
    0x00028304   0x00000010   Code   RO         5099    i.softdevice_evt_schedule  softdevice_handler_appsh.o
    0x00028314   0x00000004   Code   RO         4965    i.softdevice_fault_handler  softdevice_handler.o
    0x00028318   0x00000064   Code   RO         4966    i.softdevice_handler_init  softdevice_handler.o
    0x0002837c   0x0000000c   Code   RO         4967    i.softdevice_handler_is_enabled  softdevice_handler.o
    0x00028388   0x00000014   Code   RO         4972    i.softdevice_sys_evt_handler_set  softdevice_handler.o
    0x0002839c   0x00000012   Code   RO           26    i.sys_evt_dispatch  main.o
    0x000283ae   0x00000042   Code   RO         2675    i.sys_id_encode     ble_dis.o
    0x000283f0   0x00000018   Code   RO         3736    i.timeout_handler_scheduled_exec  app_timer.o
    0x00028408   0x00000080   Code   RO         3737    i.timer_list_handler  app_timer.o
    0x00028488   0x0000003c   Code   RO         3738    i.timer_list_insert  app_timer.o
    0x000284c4   0x00000060   Code   RO         3739    i.timer_list_remove  app_timer.o
    0x00028524   0x00000048   Code   RO         3740    i.timer_stop_op_schedule  app_timer.o
    0x0002856c   0x00000088   Code   RO         3741    i.timer_timeouts_check  app_timer.o
    0x000285f4   0x00000034   Code   RO         4574    i.timestamp_process  nrf_log_backend_serial.o
    0x00028628   0x00000020   Code   RO         3329    i.tx_byte           nrf_drv_uart.o
    0x00028648   0x0000001c   Code   RO         3330    i.tx_done_event     nrf_drv_uart.o
    0x00028664   0x00000010   Code   RO         4575    i.uart_event_handler  nrf_log_backend_serial.o
    0x00028674   0x0000011e   Code   RO         3331    i.uart_irq_handler  nrf_drv_uart.o
    0x00028792   0x000000f0   Code   RO         3332    i.uarte_irq_handler  nrf_drv_uart.o
    0x00028882   0x0000000a   Code   RO          735    i.uint16_encode     ble_advdata.o
    0x0002888c   0x00000060   Code   RO          901    i.update_timeout_handler  ble_conn_params.o
    0x000288ec   0x00000018   Code   RO          982    i.user_flag_is_acquired  ble_conn_state.o
    0x00028904   0x00000030   Code   RO         3742    i.user_op_alloc     app_timer.o
    0x00028934   0x00000030   Code   RO          736    i.uuid_list_encode  ble_advdata.o
    0x00028964   0x0000009e   Code   RO          737    i.uuid_list_sized_encode  ble_advdata.o
    0x00028a02   0x00000002   PAD
    0x00028a04   0x0000003c   Code   RO           27    i.volume_control_send  main.o
    0x00028a40   0x00000024   Code   RO         1792    i.write_buf_length_words_set  peer_database.o
    0x00028a64   0x00000024   Code   RO         1793    i.write_buffer_record_find  peer_database.o
    0x00028a88   0x0000002c   Code   RO         1794    i.write_buffer_record_find_next  peer_database.o
    0x00028ab4   0x0000001e   Code   RO         1795    i.write_buffer_record_invalidate  peer_database.o
    0x00028ad2   0x00000002   PAD
    0x00028ad4   0x0000002c   Code   RO         1796    i.write_buffer_record_release  peer_database.o
    0x00028b00   0x00000124   Code   RO         4033    i.write_enqueue     fds.o
    0x00028c24   0x000000f0   Code   RO         4034    i.write_execute     fds.o
    0x00028d14   0x00000014   Code   RO         4035    i.write_space_free  fds.o
    0x00028d28   0x00000054   Code   RO         4036    i.write_space_reserve  fds.o
    0x00028d7c   0x00000008   Data   RO           30    .constdata          main.o
    0x00028d84   0x00000008   Data   RO          425    .constdata          boards.o
    0x00028d8c   0x0000002c   Data   RO          545    .constdata          bsp.o
    0x00028db8   0x00000004   Data   RO          904    .constdata          ble_conn_params.o
    0x00028dbc   0x00000004   Data   RO         1274    .constdata          gatts_cache_manager.o
    0x00028dc0   0x00000010   Data   RO         1275    .constdata          gatts_cache_manager.o
    0x00028dd0   0x00000004   Data   RO         1276    .constdata          gatts_cache_manager.o
    0x00028dd4   0x00000008   Data   RO         1376    .constdata          id_manager.o
    0x00028ddc   0x00000016   Data   RO         1549    .constdata          nrf_ble_gatt.o
    0x00028df2   0x00000002   PAD
    0x00028df4   0x00000004   Data   RO         1652    .constdata          peer_data_storage.o
    0x00028df8   0x00000014   Data   RO         1798    .constdata          peer_database.o
    0x00028e0c   0x00000044   Data   RO         2408    .constdata          security_dispatcher.o
    0x00028e50   0x00000004   Data   RO         2523    .constdata          security_manager.o
    0x00028e54   0x00000004   Data   RO         3091    .constdata          nrf_drv_gpiote.o
    0x00028e58   0x00000008   Data   RO         3542    .constdata          app_button.o
    0x00028e60   0x00000014   Data   RO         4038    .constdata          fds.o
    0x00028e74   0x00000020   Data   RO         4578    .constdata          nrf_log_backend_serial.o
    0x00028e94   0x00000024   Data   RO         4688    .constdata          nrf_log_frontend.o
    0x00028eb8   0x00000081   Data   RO         5174    .constdata          mc_w.l(ctype_o.o)
    0x00028f39   0x00000003   PAD
    0x00028f3c   0x00000004   Data   RO         5175    .constdata          mc_w.l(ctype_o.o)
    0x00028f40   0x0000004b   Data   RO           31    .conststring        main.o
    0x00028f8b   0x00000001   PAD
    0x00028f8c   0x00000186   Data   RO         1550    .conststring        nrf_ble_gatt.o
    0x00029112   0x00000002   PAD
    0x00029114   0x0000000b   Data   RO         4689    .conststring        nrf_log_frontend.o
    0x0002911f   0x00000001   PAD
    0x00029120   0x00000020   Data   RO         5516    Region$$Table       anon$$obj.o


    Execution Region RW_IRAM1 (Base: 0x20001fc0, Size: 0x00003438, Max: 0x0000e040, ABSOLUTE, COMPRESSED[0x000000b0])

    Base Addr    Size         Type   Attr      Idx    E Section Name        Object

    0x20001fc0   0x000000a0   Data   RW           32    .data               main.o
    0x20002060   0x00000010   Data   RW          546    .data               bsp.o
    0x20002070   0x00000008   Data   RW          650    .data               bsp_btn_ble.o
    0x20002078   0x0000001f   Data   RW          817    .data               ble_advertising.o
    0x20002097   0x00000001   PAD
    0x20002098   0x00000014   Data   RW          905    .data               ble_conn_params.o
    0x200020ac   0x0000000c   Data   RW         1169    .data               gatt_cache_manager.o
    0x200020b8   0x0000000c   Data   RW         1277    .data               gatts_cache_manager.o
    0x200020c4   0x00000003   Data   RW         1377    .data               id_manager.o
    0x200020c7   0x00000001   PAD
    0x200020c8   0x0000000c   Data   RW         1653    .data               peer_data_storage.o
    0x200020d4   0x00000008   Data   RW         1799    .data               peer_database.o
    0x200020dc   0x00000010   Data   RW         2070    .data               peer_manager.o
    0x200020ec   0x00000004   Data   RW         2409    .data               security_dispatcher.o
    0x200020f0   0x00000015   Data   RW         2524    .data               security_manager.o
    0x20002105   0x00000001   PAD
    0x20002106   0x0000004a   Data   RW         2676    .data               ble_dis.o
    0x20002150   0x00000014   Data   RW         3543    .data               app_button.o
    0x20002164   0x00000010   Data   RW         3672    .data               app_scheduler.o
    0x20002174   0x00000014   Data   RW         3744    .data               app_timer.o
    0x20002188   0x00000018   Data   RW         4039    .data               fds.o
    0x200021a0   0x00000002   Data   RW         4307    .data               fstorage.o
    0x200021a2   0x00000002   PAD
    0x200021a4   0x0000000c   Data   RW         4579    .data               nrf_log_backend_serial.o
    0x200021b0   0x00000004   Data   RW         4690    .data               nrf_log_frontend.o
    0x200021b4   0x00000014   Data   RW         4973    .data               softdevice_handler.o
    0x200021c8   0x00000004   Data   RW         5137    .data               system_nrf52.o
    0x200021cc   0x00000010   Data   RW         4040    fs_data             fds.o
    0x200021dc   0x00000020   Zero   RW           28    .bss                main.o
    0x200021fc   0x000002cc   Zero   RW           29    .bss                main.o
    0x200024c8   0x00000020   Zero   RW          541    .bss                bsp.o
    0x200024e8   0x00000020   Zero   RW          542    .bss                bsp.o
    0x20002508   0x0000000c   Zero   RW          543    .bss                bsp.o
    0x20002514   0x00000020   Zero   RW          544    .bss                bsp.o
    0x20002534   0x000000b3   Zero   RW          816    .bss                ble_advertising.o
    0x200025e7   0x00000001   PAD
    0x200025e8   0x00000020   Zero   RW          902    .bss                ble_conn_params.o
    0x20002608   0x0000001c   Zero   RW          903    .bss                ble_conn_params.o
    0x20002624   0x000000b8   Zero   RW          983    .bss                ble_conn_state.o
    0x200026dc   0x00000100   Zero   RW         1375    .bss                id_manager.o
    0x200027dc   0x00000330   Zero   RW         1797    .bss                peer_database.o
    0x20002b0c   0x00000040   Zero   RW         1950    .bss                peer_id.o
    0x20002b4c   0x0000000c   Zero   RW         2068    .bss                peer_manager.o
    0x20002b58   0x00000040   Zero   RW         2407    .bss                security_dispatcher.o
    0x20002b98   0x00000014   Zero   RW         2860    .bss                nrf_drv_clock.o
    0x20002bac   0x00000058   Zero   RW         3090    .bss                nrf_drv_gpiote.o
    0x20002c04   0x00000020   Zero   RW         3333    .bss                nrf_drv_uart.o
    0x20002c24   0x00000020   Zero   RW         3541    .bss                app_button.o
    0x20002c44   0x0000010c   Zero   RW         3743    .bss                app_timer.o
    0x20002d50   0x0000000c   Zero   RW         3896    .bss                app_util_platform.o
    0x20002d5c   0x0000011c   Zero   RW         4037    .bss                fds.o
    0x20002e78   0x00000068   Zero   RW         4306    .bss                fstorage.o
    0x20002ee0   0x00000100   Zero   RW         4576    .bss                nrf_log_backend_serial.o
    0x20002fe0   0x00000418   Zero   RW         4687    .bss                nrf_log_frontend.o
    0x200033f8   0x00002000   Zero   RW         5125    STACK               arm_startup_nrf52.o

