Archive member included to satisfy reference by file (symbol)

c:/gnu_tools_arm_embedded/6_2017-q2-update/bin/../lib/gcc/arm-none-eabi/6.3.1/../../../../arm-none-eabi/lib/thumb/v7e-m/fpv4-sp/hard\libc_nano.a(lib_a-exit.o)
                              c:/gnu_tools_arm_embedded/6_2017-q2-update/bin/../lib/gcc/arm-none-eabi/6.3.1/../../../../arm-none-eabi/lib/thumb/v7e-m/fpv4-sp/hard/crt0.o (exit)
c:/gnu_tools_arm_embedded/6_2017-q2-update/bin/../lib/gcc/arm-none-eabi/6.3.1/../../../../arm-none-eabi/lib/thumb/v7e-m/fpv4-sp/hard\libc_nano.a(lib_a-impure.o)
                              c:/gnu_tools_arm_embedded/6_2017-q2-update/bin/../lib/gcc/arm-none-eabi/6.3.1/../../../../arm-none-eabi/lib/thumb/v7e-m/fpv4-sp/hard\libc_nano.a(lib_a-exit.o) (_global_impure_ptr)
c:/gnu_tools_arm_embedded/6_2017-q2-update/bin/../lib/gcc/arm-none-eabi/6.3.1/../../../../arm-none-eabi/lib/thumb/v7e-m/fpv4-sp/hard\libc_nano.a(lib_a-init.o)
                              c:/gnu_tools_arm_embedded/6_2017-q2-update/bin/../lib/gcc/arm-none-eabi/6.3.1/../../../../arm-none-eabi/lib/thumb/v7e-m/fpv4-sp/hard/crt0.o (__libc_init_array)
c:/gnu_tools_arm_embedded/6_2017-q2-update/bin/../lib/gcc/arm-none-eabi/6.3.1/../../../../arm-none-eabi/lib/thumb/v7e-m/fpv4-sp/hard\libc_nano.a(lib_a-memset.o)
                              c:/gnu_tools_arm_embedded/6_2017-q2-update/bin/../lib/gcc/arm-none-eabi/6.3.1/../../../../arm-none-eabi/lib/thumb/v7e-m/fpv4-sp/hard/crt0.o (memset)
c:/gnu_tools_arm_embedded/6_2017-q2-update/bin/../lib/gcc/arm-none-eabi/6.3.1/../../../../arm-none-eabi/lib/thumb/v7e-m/fpv4-sp/hard\libnosys.a(_exit.o)
                              c:/gnu_tools_arm_embedded/6_2017-q2-update/bin/../lib/gcc/arm-none-eabi/6.3.1/../../../../arm-none-eabi/lib/thumb/v7e-m/fpv4-sp/hard\libc_nano.a(lib_a-exit.o) (_exit)
c:/gnu_tools_arm_embedded/6_2017-q2-update/bin/../lib/gcc/arm-none-eabi/6.3.1/thumb/v7e-m/fpv4-sp/hard\libgcc.a(_aeabi_uldivmod.o)
                              _build/nrf52832_xxaa_bsp.c.o (__aeabi_uldivmod)
c:/gnu_tools_arm_embedded/6_2017-q2-update/bin/../lib/gcc/arm-none-eabi/6.3.1/thumb/v7e-m/fpv4-sp/hard\libgcc.a(_udivmoddi4.o)
                              c:/gnu_tools_arm_embedded/6_2017-q2-update/bin/../lib/gcc/arm-none-eabi/6.3.1/thumb/v7e-m/fpv4-sp/hard\libgcc.a(_aeabi_uldivmod.o) (__udivmoddi4)
c:/gnu_tools_arm_embedded/6_2017-q2-update/bin/../lib/gcc/arm-none-eabi/6.3.1/thumb/v7e-m/fpv4-sp/hard\libgcc.a(_dvmd_tls.o)
                              c:/gnu_tools_arm_embedded/6_2017-q2-update/bin/../lib/gcc/arm-none-eabi/6.3.1/thumb/v7e-m/fpv4-sp/hard\libgcc.a(_aeabi_uldivmod.o) (__aeabi_ldiv0)
c:/gnu_tools_arm_embedded/6_2017-q2-update/bin/../lib/gcc/arm-none-eabi/6.3.1/../../../../arm-none-eabi/lib/thumb/v7e-m/fpv4-sp/hard\libc_nano.a(lib_a-locale.o)
                              _build/nrf52832_xxaa_nrf_log_backend_serial.c.o (__locale_ctype_ptr)
c:/gnu_tools_arm_embedded/6_2017-q2-update/bin/../lib/gcc/arm-none-eabi/6.3.1/../../../../arm-none-eabi/lib/thumb/v7e-m/fpv4-sp/hard\libc_nano.a(lib_a-mbtowc_r.o)
                              c:/gnu_tools_arm_embedded/6_2017-q2-update/bin/../lib/gcc/arm-none-eabi/6.3.1/../../../../arm-none-eabi/lib/thumb/v7e-m/fpv4-sp/hard\libc_nano.a(lib_a-locale.o) (__ascii_mbtowc)
c:/gnu_tools_arm_embedded/6_2017-q2-update/bin/../lib/gcc/arm-none-eabi/6.3.1/../../../../arm-none-eabi/lib/thumb/v7e-m/fpv4-sp/hard\libc_nano.a(lib_a-memcmp.o)
                              _build/nrf52832_xxaa_id_manager.c.o (memcmp)
c:/gnu_tools_arm_embedded/6_2017-q2-update/bin/../lib/gcc/arm-none-eabi/6.3.1/../../../../arm-none-eabi/lib/thumb/v7e-m/fpv4-sp/hard\libc_nano.a(lib_a-memcpy-stub.o)
                              _build/nrf52832_xxaa_nrf_log_backend_serial.c.o (memcpy)
c:/gnu_tools_arm_embedded/6_2017-q2-update/bin/../lib/gcc/arm-none-eabi/6.3.1/../../../../arm-none-eabi/lib/thumb/v7e-m/fpv4-sp/hard\libc_nano.a(lib_a-snprintf.o)
                              _build/nrf52832_xxaa_nrf_log_backend_serial.c.o (snprintf)
c:/gnu_tools_arm_embedded/6_2017-q2-update/bin/../lib/gcc/arm-none-eabi/6.3.1/../../../../arm-none-eabi/lib/thumb/v7e-m/fpv4-sp/hard\libc_nano.a(lib_a-strcmp.o)
                              c:/gnu_tools_arm_embedded/6_2017-q2-update/bin/../lib/gcc/arm-none-eabi/6.3.1/../../../../arm-none-eabi/lib/thumb/v7e-m/fpv4-sp/hard\libc_nano.a(lib_a-locale.o) (strcmp)
c:/gnu_tools_arm_embedded/6_2017-q2-update/bin/../lib/gcc/arm-none-eabi/6.3.1/../../../../arm-none-eabi/lib/thumb/v7e-m/fpv4-sp/hard\libc_nano.a(lib_a-strcpy.o)
                              _build/nrf52832_xxaa_SEGGER_RTT.c.o (strcpy)
c:/gnu_tools_arm_embedded/6_2017-q2-update/bin/../lib/gcc/arm-none-eabi/6.3.1/../../../../arm-none-eabi/lib/thumb/v7e-m/fpv4-sp/hard\libc_nano.a(lib_a-strlen.o)
                              _build/nrf52832_xxaa_nrf_log_backend_serial.c.o (strlen)
[...]
Memory Configuration

Name             Origin             Length             Attributes
FLASH            0x0001f000         0x00061000         xr
RAM              0x20001fc0         0x0000e040         xrw
*default*        0x00000000         0xffffffff

Linker script and memory map


.text           0x0001f000    0x143e4
 *(.isr_vector)
 .isr_vector    0x0001f000      0x200 _build/nrf52832_xxaa_gcc_startup_nrf52.S.o
                0x0001f000                __isr_vector
 *(.text*)
 .text          0x0001f200       0x6c c:/gnu_tools_arm_embedded/6_2017-q2-update/bin/../lib/gcc/arm-none-eabi/6.3.1/thumb/v7e-m/fpv4-sp/hard/crtbegin.o
 .text          0x0001f26c       0x74 c:/gnu_tools_arm_embedded/6_2017-q2-update/bin/../lib/gcc/arm-none-eabi/6.3.1/../../../../arm-none-eabi/lib/thumb/v7e-m/fpv4-sp/hard/crt0.o
                0x0001f26c                _start
                0x0001f26c                _mainCRTStartup
 .text.exit     0x0001f2e0       0x28 c:/gnu_tools_arm_embedded/6_2017-q2-update/bin/../lib/gcc/arm-none-eabi/6.3.1/../../../../arm-none-eabi/lib/thumb/v7e-m/fpv4-sp/hard\libc_nano.a(lib_a-exit.o)
                0x0001f2e0                exit
 .text.__libc_init_array
                0x0001f308       0x48 c:/gnu_tools_arm_embedded/6_2017-q2-update/bin/../lib/gcc/arm-none-eabi/6.3.1/../../../../arm-none-eabi/lib/thumb/v7e-m/fpv4-sp/hard\libc_nano.a(lib_a-init.o)
                0x0001f308                __libc_init_array
 .text.memset   0x0001f350       0x10 c:/gnu_tools_arm_embedded/6_2017-q2-update/bin/../lib/gcc/arm-none-eabi/6.3.1/../../../../arm-none-eabi/lib/thumb/v7e-m/fpv4-sp/hard\libc_nano.a(lib_a-memset.o)
                0x0001f350                memset
 .text._exit    0x0001f360        0x4 c:/gnu_tools_arm_embedded/6_2017-q2-update/bin/../lib/gcc/arm-none-eabi/6.3.1/../../../../arm-none-eabi/lib/thumb/v7e-m/fpv4-sp/hard\libnosys.a(_exit.o)
                0x0001f360                _exit
 .text.uart_event_handler
                0x0001f364       0x28 _build/nrf52832_xxaa_nrf_log_backend_serial.c.o
 .text.nrf_log_backend_init
                0x0001f38c       0xa4 _build/nrf52832_xxaa_nrf_log_backend_serial.c.o
                0x0001f38c                nrf_log_backend_init
 .text.serial_is_busy
                0x0001f430       0x24 _build/nrf52832_xxaa_nrf_log_backend_serial.c.o
 .text.serial_tx
                0x0001f454       0x44 _build/nrf52832_xxaa_nrf_log_backend_serial.c.o
 .text.buf_len_update
                0x0001f498       0x34 _build/nrf52832_xxaa_nrf_log_backend_serial.c.o
 .text.timestamp_process
                0x0001f4cc       0x54 _build/nrf52832_xxaa_nrf_log_backend_serial.c.o
 .text.nrf_log_backend_serial_std_handler
                0x0001f520      0x318 _build/nrf52832_xxaa_nrf_log_backend_serial.c.o
 .text.byte2hex
                0x0001f838       0x5a _build/nrf52832_xxaa_nrf_log_backend_serial.c.o
 .text.nrf_log_backend_serial_hexdump_handler
                0x0001f892      0x2c6 _build/nrf52832_xxaa_nrf_log_backend_serial.c.o
 .text.nrf_log_backend_std_handler_get
                0x0001fb58       0x14 _build/nrf52832_xxaa_nrf_log_backend_serial.c.o
                0x0001fb58                nrf_log_backend_std_handler_get
 .text.nrf_log_backend_hexdump_handler_get
                0x0001fb6c       0x14 _build/nrf52832_xxaa_nrf_log_backend_serial.c.o
                0x0001fb6c                nrf_log_backend_hexdump_handler_get
 .text.nrf_log_init
                0x0001fb80       0x36 _build/nrf52832_xxaa_nrf_log_frontend.c.o
                0x0001fb80                nrf_log_init
 .text.nrf_log_blocking_backend_set
                0x0001fbb6       0x10 _build/nrf52832_xxaa_nrf_log_frontend.c.o
                0x0001fbb6                nrf_log_blocking_backend_set
 *fill*         0x0001fbc6        0x2 
 .text.nrf_log_frontend_init
                0x0001fbc8       0x34 _build/nrf52832_xxaa_nrf_log_frontend.c.o
                0x0001fbc8                nrf_log_frontend_init
 .text.nrf_log_handlers_set
                0x0001fbfc       0x2c _build/nrf52832_xxaa_nrf_log_frontend.c.o
                0x0001fbfc                nrf_log_handlers_set
 .text.buf_prealloc
                0x0001fc28       0xd4 _build/nrf52832_xxaa_nrf_log_frontend.c.o
 .text.nrf_log_frontend_std_0
                0x0001fcfc       0x8c _build/nrf52832_xxaa_nrf_log_frontend.c.o
                0x0001fcfc                nrf_log_frontend_std_0
 .text.nrf_log_frontend_std_1
                0x0001fd88       0xa0 _build/nrf52832_xxaa_nrf_log_frontend.c.o
                0x0001fd88                nrf_log_frontend_std_1
 .text.nrf_log_frontend_std_2
                0x0001fe28       0xb8 _build/nrf52832_xxaa_nrf_log_frontend.c.o
                0x0001fe28                nrf_log_frontend_std_2
 .text.nrf_log_frontend_std_3
                0x0001fee0       0xd0 _build/nrf52832_xxaa_nrf_log_frontend.c.o
                0x0001fee0                nrf_log_frontend_std_3
 .text.buffer_is_empty
                0x0001ffb0       0x24 _build/nrf52832_xxaa_nrf_log_frontend.c.o
                0x0001ffb0                buffer_is_empty
 .text.nrf_log_frontend_dequeue
                0x0001ffd4      0x280 _build/nrf52832_xxaa_nrf_log_frontend.c.o
                0x0001ffd4                nrf_log_frontend_dequeue
 .text.detection_delay_timeout_handler
                0x00020254       0xc8 _build/nrf52832_xxaa_app_button.c.o
 .text.gpiote_event_handler
                0x0002031c       0xa0 _build/nrf52832_xxaa_app_button.c.o
 .text.app_button_init
                0x000203bc       0xd4 _build/nrf52832_xxaa_app_button.c.o
                0x000203bc                app_button_init
 .text.app_button_enable
                0x00020490       0x44 _build/nrf52832_xxaa_app_button.c.o
                0x00020490                app_button_enable
 .text.app_error_handler_bare
                0x000204d4       0x2c _build/nrf52832_xxaa_app_error.c.o
                0x000204d4                app_error_handler_bare
 .text.NVIC_SystemReset
                0x00020500       0x28 _build/nrf52832_xxaa_app_error_weak.c.o
 .text.app_error_fault_handler
                0x00020528       0x40 _build/nrf52832_xxaa_app_error_weak.c.o
                0x00020528                app_error_fault_handler
 .text.is_word_aligned
                0x00020568       0x24 _build/nrf52832_xxaa_app_scheduler.c.o
 .text.next_index
                0x0002058c       0x30 _build/nrf52832_xxaa_app_scheduler.c.o
 .text.app_sched_queue_full
                0x000205bc       0x38 _build/nrf52832_xxaa_app_scheduler.c.o
 .text.app_sched_queue_empty
                0x000205f4       0x34 _build/nrf52832_xxaa_app_scheduler.c.o
 .text.app_sched_init
                0x00020628       0x7c _build/nrf52832_xxaa_app_scheduler.c.o
                0x00020628                app_sched_init
 .text.app_sched_event_put
                0x000206a4       0xe0 _build/nrf52832_xxaa_app_scheduler.c.o
                0x000206a4                app_sched_event_put
 .text.is_app_sched_paused
                0x00020784       0x10 _build/nrf52832_xxaa_app_scheduler.c.o
 .text.app_sched_execute
                0x00020794       0x90 _build/nrf52832_xxaa_app_scheduler.c.o
                0x00020794                app_sched_execute
 .text.NVIC_EnableIRQ
                0x00020824       0x34 _build/nrf52832_xxaa_app_timer.c.o
 .text.NVIC_DisableIRQ
                0x00020858       0x34 _build/nrf52832_xxaa_app_timer.c.o
 .text.NVIC_SetPendingIRQ
                0x0002088c       0x34 _build/nrf52832_xxaa_app_timer.c.o
 .text.NVIC_ClearPendingIRQ
                0x000208c0       0x34 _build/nrf52832_xxaa_app_timer.c.o
 .text.NVIC_SetPriority
                0x000208f4       0x54 _build/nrf52832_xxaa_app_timer.c.o
 .text.nrf_delay_us
                0x00020948       0xa8 _build/nrf52832_xxaa_app_timer.c.o
 .text.rtc1_init
                0x000209f0       0x24 _build/nrf52832_xxaa_app_timer.c.o
 .text.rtc1_start
                0x00020a14       0x44 _build/nrf52832_xxaa_app_timer.c.o
 .text.rtc1_stop
                0x00020a58       0x54 _build/nrf52832_xxaa_app_timer.c.o
 .text.rtc1_counter_get
                0x00020aac       0x18 _build/nrf52832_xxaa_app_timer.c.o
 .text.ticks_diff_get
                0x00020ac4       0x20 _build/nrf52832_xxaa_app_timer.c.o
 .text.rtc1_compare0_set
                0x00020ae4       0x20 _build/nrf52832_xxaa_app_timer.c.o
 .text.timer_list_insert
                0x00020b04       0xb4 _build/nrf52832_xxaa_app_timer.c.o
 .text.timer_list_remove
                0x00020bb8       0xc0 _build/nrf52832_xxaa_app_timer.c.o
 .text.timer_timeouts_check_sched
                0x00020c78        0xe _build/nrf52832_xxaa_app_timer.c.o
 .text.timer_list_handler_sched
                0x00020c86        0xe _build/nrf52832_xxaa_app_timer.c.o
 .text.timeout_handler_scheduled_exec
                0x00020c94       0x3e _build/nrf52832_xxaa_app_timer.c.o
 *fill*         0x00020cd2        0x2 
 .text.timeout_handler_exec
                0x00020cd4       0x40 _build/nrf52832_xxaa_app_timer.c.o
 .text.timer_timeouts_check
                0x00020d14       0xc8 _build/nrf52832_xxaa_app_timer.c.o
 .text.elapsed_ticks_acquire
                0x00020ddc       0x80 _build/nrf52832_xxaa_app_timer.c.o
 .text.expired_timers_handler
                0x00020e5c       0x9c _build/nrf52832_xxaa_app_timer.c.o
 .text.list_insertions_handler
                0x00020ef8      0x1b8 _build/nrf52832_xxaa_app_timer.c.o
 .text.compare_reg_update
                0x000210b0       0xb4 _build/nrf52832_xxaa_app_timer.c.o
 .text.timer_list_handler
                0x00021164       0x74 _build/nrf52832_xxaa_app_timer.c.o
 .text.user_op_enque
                0x000211d8       0x20 _build/nrf52832_xxaa_app_timer.c.o
 .text.user_op_alloc
                0x000211f8       0x5c _build/nrf52832_xxaa_app_timer.c.o
 .text.timer_start_op_schedule
                0x00021254       0x84 _build/nrf52832_xxaa_app_timer.c.o
 .text.timer_stop_op_schedule
                0x000212d8       0x66 _build/nrf52832_xxaa_app_timer.c.o
 *fill*         0x0002133e        0x2 
 .text.RTC1_IRQHandler
                0x00021340       0x40 _build/nrf52832_xxaa_app_timer.c.o
                0x00021340                RTC1_IRQHandler
 .text.SWI0_EGU0_IRQHandler
                0x00021380        0xc _build/nrf52832_xxaa_app_timer.c.o
                0x00021380                SWI0_EGU0_IRQHandler
 .text.app_timer_init
                0x0002138c       0x6c _build/nrf52832_xxaa_app_timer.c.o
                0x0002138c                app_timer_init
 .text.app_timer_create
                0x000213f8       0x68 _build/nrf52832_xxaa_app_timer.c.o
                0x000213f8                app_timer_create
 .text.app_timer_start
                0x00021460       0x68 _build/nrf52832_xxaa_app_timer.c.o
                0x00021460                app_timer_start
 .text.app_timer_stop
                0x000214c8       0x48 _build/nrf52832_xxaa_app_timer.c.o
                0x000214c8                app_timer_stop
 .text.__sd_nvic_irq_disable
                0x00021510       0x20 _build/nrf52832_xxaa_app_util_platform.c.o
 .text.__sd_nvic_irq_enable
                0x00021530       0x10 _build/nrf52832_xxaa_app_util_platform.c.o
 .text.sd_nvic_critical_region_enter
                0x00021540       0x74 _build/nrf52832_xxaa_app_util_platform.c.o
 .text.sd_nvic_critical_region_exit
                0x000215b4       0x50 _build/nrf52832_xxaa_app_util_platform.c.o
 .text.app_util_critical_region_enter
                0x00021604       0x16 _build/nrf52832_xxaa_app_util_platform.c.o
                0x00021604                app_util_critical_region_enter
 .text.app_util_critical_region_exit
                0x0002161a       0x1a _build/nrf52832_xxaa_app_util_platform.c.o
                0x0002161a                app_util_critical_region_exit
 .text.is_word_aligned
                0x00021634       0x24 _build/nrf52832_xxaa_fds.c.o
 .text.flag_set
                0x00021658       0x28 _build/nrf52832_xxaa_fds.c.o
 .text.flag_clear
                0x00021680       0x34 _build/nrf52832_xxaa_fds.c.o
 .text.flag_is_set
                0x000216b4       0x30 _build/nrf52832_xxaa_fds.c.o
 .text.event_send
                0x000216e4       0x40 _build/nrf52832_xxaa_fds.c.o
 .text.event_prepare
                0x00021724       0xdc _build/nrf52832_xxaa_fds.c.o
 .text.header_is_valid
                0x00021800       0x34 _build/nrf52832_xxaa_fds.c.o
 .text.address_is_valid
                0x00021834       0x48 _build/nrf52832_xxaa_fds.c.o
 .text.chunk_is_aligned
                0x0002187c       0x48 _build/nrf52832_xxaa_fds.c.o
 .text.page_identify
                0x000218c4       0x4c _build/nrf52832_xxaa_fds.c.o
 .text.page_is_erased
                0x00021910       0x3e _build/nrf52832_xxaa_fds.c.o
 *fill*         0x0002194e        0x2 
 .text.page_has_space
                0x00021950       0x54 _build/nrf52832_xxaa_fds.c.o
 .text.page_from_record
                0x000219a4       0x68 _build/nrf52832_xxaa_fds.c.o
 .text.page_scan
                0x00021a0c       0xa4 _build/nrf52832_xxaa_fds.c.o
 .text.page_offsets_update
                0x00021ab0       0x3c _build/nrf52832_xxaa_fds.c.o
 .text.page_tag_write_swap
                0x00021aec       0x2c _build/nrf52832_xxaa_fds.c.o
 .text.page_tag_write_data
                0x00021b18       0x2c _build/nrf52832_xxaa_fds.c.o
 .text.write_space_reserve
                0x00021b44       0x9c _build/nrf52832_xxaa_fds.c.o
 .text.write_space_free
                0x00021be0       0x44 _build/nrf52832_xxaa_fds.c.o
 .text.record_id_new
                0x00021c24       0x20 _build/nrf52832_xxaa_fds.c.o
 .text.record_find_next
                0x00021c44       0x94 _build/nrf52832_xxaa_fds.c.o
 .text.record_find_by_desc
                0x00021cd8       0xb8 _build/nrf52832_xxaa_fds.c.o
 .text.record_find
                0x00021d90       0xd4 _build/nrf52832_xxaa_fds.c.o
 .text.queue_advance
                0x00021e64       0x54 _build/nrf52832_xxaa_fds.c.o
 .text.chunk_queue_next
                0x00021eb8       0x38 _build/nrf52832_xxaa_fds.c.o
                0x00021eb8                chunk_queue_next
 .text.chunk_queue_get_and_advance
                0x00021ef0       0x48 _build/nrf52832_xxaa_fds.c.o
 .text.chunk_queue_skip
                0x00021f38       0x44 _build/nrf52832_xxaa_fds.c.o
 .text.op_enqueue
                0x00021f7c       0xd4 _build/nrf52832_xxaa_fds.c.o
 .text.pages_init
                0x00022050      0x188 _build/nrf52832_xxaa_fds.c.o
 .text.record_header_write_begin
                0x000221d8       0x40 _build/nrf52832_xxaa_fds.c.o
 .text.record_header_write_id
                0x00022218       0x50 _build/nrf52832_xxaa_fds.c.o
 .text.record_header_write_finalize
                0x00022268       0x50 _build/nrf52832_xxaa_fds.c.o
 .text.record_header_flag_dirty
                0x000222b8       0x50 _build/nrf52832_xxaa_fds.c.o
 .text.record_find_and_delete
                0x00022308       0x62 _build/nrf52832_xxaa_fds.c.o
 *fill*         0x0002236a        0x2 
 .text.file_find_and_delete
                0x0002236c       0x4c _build/nrf52832_xxaa_fds.c.o
 .text.record_write_chunk
                0x000223b8       0x7c _build/nrf52832_xxaa_fds.c.o
 .text.gc_init  0x00022434       0x64 _build/nrf52832_xxaa_fds.c.o
 .text.gc_page_next
                0x00022498       0x78 _build/nrf52832_xxaa_fds.c.o
 .text.gc_swap_erase
                0x00022510       0x30 _build/nrf52832_xxaa_fds.c.o
 .text.gc_page_erase
                0x00022540       0x5c _build/nrf52832_xxaa_fds.c.o
 .text.gc_record_copy
                0x0002259c       0x54 _build/nrf52832_xxaa_fds.c.o
 .text.gc_record_find_next
                0x000225f0       0x38 _build/nrf52832_xxaa_fds.c.o
 .text.gc_swap_promote
                0x00022628       0x2c _build/nrf52832_xxaa_fds.c.o
 .text.gc_tag_new_swap
                0x00022654       0x20 _build/nrf52832_xxaa_fds.c.o
 .text.gc_next_page
                0x00022674       0x40 _build/nrf52832_xxaa_fds.c.o
 .text.gc_update_swap_offset
                0x000226b4       0x38 _build/nrf52832_xxaa_fds.c.o
 .text.gc_swap_pages
                0x000226ec       0x64 _build/nrf52832_xxaa_fds.c.o
 .text.gc_state_advance
                0x00022750       0x74 _build/nrf52832_xxaa_fds.c.o
 .text.init_execute
                0x000227c4      0x168 _build/nrf52832_xxaa_fds.c.o
 .text.write_execute
                0x0002292c      0x10c _build/nrf52832_xxaa_fds.c.o
 .text.delete_execute
                0x00022a38       0x64 _build/nrf52832_xxaa_fds.c.o
 .text.gc_execute
                0x00022a9c       0x98 _build/nrf52832_xxaa_fds.c.o
 .text.queue_process
                0x00022b34       0xdc _build/nrf52832_xxaa_fds.c.o
 .text.queue_start
                0x00022c10       0x26 _build/nrf52832_xxaa_fds.c.o
 .text.fs_event_handler
                0x00022c36       0x1c _build/nrf52832_xxaa_fds.c.o
 *fill*         0x00022c52        0x2 
 .text.write_enqueue
                0x00022c54      0x170 _build/nrf52832_xxaa_fds.c.o
 .text.fds_register
                0x00022dc4       0x4c _build/nrf52832_xxaa_fds.c.o
                0x00022dc4                fds_register
 .text.fds_init
                0x00022e10       0xec _build/nrf52832_xxaa_fds.c.o
                0x00022e10                fds_init
 .text.fds_record_open
                0x00022efc       0x78 _build/nrf52832_xxaa_fds.c.o
                0x00022efc                fds_record_open
 .text.fds_record_close
                0x00022f74       0x7c _build/nrf52832_xxaa_fds.c.o
                0x00022f74                fds_record_close
 .text.fds_reserve
                0x00022ff0       0x58 _build/nrf52832_xxaa_fds.c.o
                0x00022ff0                fds_reserve
 .text.fds_reserve_cancel
                0x00023048       0x88 _build/nrf52832_xxaa_fds.c.o
                0x00023048                fds_reserve_cancel
 .text.fds_record_write
                0x000230d0       0x20 _build/nrf52832_xxaa_fds.c.o
                0x000230d0                fds_record_write
 .text.fds_record_write_reserved
                0x000230f0       0x2c _build/nrf52832_xxaa_fds.c.o
                0x000230f0                fds_record_write_reserved
 .text.fds_record_update
                0x0002311c       0x2a _build/nrf52832_xxaa_fds.c.o
                0x0002311c                fds_record_update
 .text.fds_file_delete
                0x00023146       0x60 _build/nrf52832_xxaa_fds.c.o
                0x00023146                fds_file_delete
 *fill*         0x000231a6        0x2 
 .text.fds_gc   0x000231a8       0x58 _build/nrf52832_xxaa_fds.c.o
                0x000231a8                fds_gc
 .text.fds_record_find
                0x00023200       0x2c _build/nrf52832_xxaa_fds.c.o
                0x00023200                fds_record_find
 .text.fds_record_find_by_key
                0x0002322c       0x26 _build/nrf52832_xxaa_fds.c.o
                0x0002322c                fds_record_find_by_key
 .text.fds_record_find_in_file
                0x00023252       0x26 _build/nrf52832_xxaa_fds.c.o
                0x00023252                fds_record_find_in_file
 .text.fds_record_id_from_desc
                0x00023278       0x30 _build/nrf52832_xxaa_fds.c.o
                0x00023278                fds_record_id_from_desc
 .text.fs_flash_page_end_addr
                0x000232a8       0x2e _build/nrf52832_xxaa_fstorage.c.o
 .text.sd_flash_write
                0x000232d6        0x8 _build/nrf52832_xxaa_fstorage.c.o
 .text.sd_flash_page_erase
                0x000232de        0x8 _build/nrf52832_xxaa_fstorage.c.o
 .text.send_event
                0x000232e6       0x72 _build/nrf52832_xxaa_fstorage.c.o
 .text.check_config
                0x00023358       0x38 _build/nrf52832_xxaa_fstorage.c.o
 .text.store_execute
                0x00023390       0x58 _build/nrf52832_xxaa_fstorage.c.o
 .text.erase_execute
                0x000233e8       0x1c _build/nrf52832_xxaa_fstorage.c.o
 .text.queue_advance
                0x00023404       0x50 _build/nrf52832_xxaa_fstorage.c.o
 .text.queue_process
                0x00023454       0x8c _build/nrf52832_xxaa_fstorage.c.o
 .text.queue_start
                0x000234e0       0x38 _build/nrf52832_xxaa_fstorage.c.o
 .text.on_operation_success
                0x00023518       0xb0 _build/nrf52832_xxaa_fstorage.c.o
 .text.on_operation_failure
                0x000235c8       0x3c _build/nrf52832_xxaa_fstorage.c.o
 .text.queue_get_next_free
                0x00023604       0x80 _build/nrf52832_xxaa_fstorage.c.o
 .text.fs_init  0x00023684      0x11c _build/nrf52832_xxaa_fstorage.c.o
                0x00023684                fs_init
 .text.fs_store
                0x000237a0       0xd4 _build/nrf52832_xxaa_fstorage.c.o
                0x000237a0                fs_store
 .text.fs_erase
                0x00023874       0xc4 _build/nrf52832_xxaa_fstorage.c.o
                0x00023874                fs_erase
 .text.fs_queued_op_count_get
                0x00023938       0x2c _build/nrf52832_xxaa_fstorage.c.o
                0x00023938                fs_queued_op_count_get
 .text.fs_sys_event_handler
                0x00023964       0x88 _build/nrf52832_xxaa_fstorage.c.o
                0x00023964                fs_sys_event_handler
 .text.sdk_mapped_flags_set_by_index
                0x000239ec       0x2a _build/nrf52832_xxaa_sdk_mapped_flags.c.o
 .text.sdk_mapped_flags_clear_by_index
                0x00023a16       0x2c _build/nrf52832_xxaa_sdk_mapped_flags.c.o
 .text.sdk_mapped_flags_get_by_index
                0x00023a42       0x30 _build/nrf52832_xxaa_sdk_mapped_flags.c.o
 .text.sdk_mapped_flags_first_key_index_get
                0x00023a72       0x3a _build/nrf52832_xxaa_sdk_mapped_flags.c.o
                0x00023a72                sdk_mapped_flags_first_key_index_get
 .text.sdk_mapped_flags_update_by_key
                0x00023aac       0x30 _build/nrf52832_xxaa_sdk_mapped_flags.c.o
                0x00023aac                sdk_mapped_flags_update_by_key
 .text.sdk_mapped_flags_bulk_update_by_key
                0x00023adc       0x90 _build/nrf52832_xxaa_sdk_mapped_flags.c.o
                0x00023adc                sdk_mapped_flags_bulk_update_by_key
 .text.sdk_mapped_flags_get_by_key
                0x00023b6c       0x50 _build/nrf52832_xxaa_sdk_mapped_flags.c.o
                0x00023b6c                sdk_mapped_flags_get_by_key
 .text.sdk_mapped_flags_key_list_get
                0x00023bbc       0x6e _build/nrf52832_xxaa_sdk_mapped_flags.c.o
                0x00023bbc                sdk_mapped_flags_key_list_get
 .text.sensorsim_init
                0x00023c2a       0x3c _build/nrf52832_xxaa_sensorsim.c.o
                0x00023c2a                sensorsim_init
 .text.sensorsim_measure
                0x00023c66       0x30 _build/nrf52832_xxaa_sensorsim.c.o
                0x00023c66                sensorsim_measure
 .text.sensorsim_increment
                0x00023c96       0x46 _build/nrf52832_xxaa_sensorsim.c.o
                0x00023c96                sensorsim_increment
 .text.sensorsim_decrement
                0x00023cdc       0x46 _build/nrf52832_xxaa_sensorsim.c.o
                0x00023cdc                sensorsim_decrement
 .text.nrf_gpio_pin_port_decode
                0x00023d22       0x18 _build/nrf52832_xxaa_boards.c.o
 .text.nrf_gpio_cfg
                0x00023d3a       0x52 _build/nrf52832_xxaa_boards.c.o
 .text.nrf_gpio_cfg_output
                0x00023d8c       0x24 _build/nrf52832_xxaa_boards.c.o
 .text.nrf_gpio_pin_set
                0x00023db0       0x2a _build/nrf52832_xxaa_boards.c.o
 .text.nrf_gpio_pin_clear
                0x00023dda       0x2a _build/nrf52832_xxaa_boards.c.o
 .text.nrf_gpio_pin_toggle
                0x00023e04       0x46 _build/nrf52832_xxaa_boards.c.o
 .text.nrf_gpio_pin_write
                0x00023e4a       0x26 _build/nrf52832_xxaa_boards.c.o
 .text.nrf_gpio_pin_read
                0x00023e70       0x2c _build/nrf52832_xxaa_boards.c.o
 .text.nrf_gpio_pin_out_read
                0x00023e9c       0x2c _build/nrf52832_xxaa_boards.c.o
 .text.nrf_gpio_port_in_read
                0x00023ec8       0x1a _build/nrf52832_xxaa_boards.c.o
 .text.nrf_gpio_port_out_read
                0x00023ee2       0x1a _build/nrf52832_xxaa_boards.c.o
 .text.nrf_gpio_port_out_set
                0x00023efc       0x1e _build/nrf52832_xxaa_boards.c.o
 .text.nrf_gpio_port_out_clear
                0x00023f1a       0x1e _build/nrf52832_xxaa_boards.c.o
 .text.bsp_board_led_state_get
                0x00023f38       0x48 _build/nrf52832_xxaa_boards.c.o
                0x00023f38                bsp_board_led_state_get
 .text.bsp_board_led_on
                0x00023f80       0x24 _build/nrf52832_xxaa_boards.c.o
                0x00023f80                bsp_board_led_on
 .text.bsp_board_led_off
                0x00023fa4       0x24 _build/nrf52832_xxaa_boards.c.o
                0x00023fa4                bsp_board_led_off
 .text.bsp_board_leds_off
                0x00023fc8       0x26 _build/nrf52832_xxaa_boards.c.o
                0x00023fc8                bsp_board_leds_off
 .text.bsp_board_leds_on
                0x00023fee       0x26 _build/nrf52832_xxaa_boards.c.o
                0x00023fee                bsp_board_leds_on
 .text.bsp_board_led_invert
                0x00024014       0x24 _build/nrf52832_xxaa_boards.c.o
                0x00024014                bsp_board_led_invert
 .text.bsp_board_leds_init
                0x00024038       0x38 _build/nrf52832_xxaa_boards.c.o
                0x00024038                bsp_board_leds_init
 .text.bsp_board_button_state_get
                0x00024070       0x48 _build/nrf52832_xxaa_boards.c.o
                0x00024070                bsp_board_button_state_get
 .text.bsp_board_pin_to_button_idx
                0x000240b8       0x48 _build/nrf52832_xxaa_boards.c.o
                0x000240b8                bsp_board_pin_to_button_idx
 .text.bsp_board_button_idx_to_pin
                0x00024100       0x20 _build/nrf52832_xxaa_boards.c.o
                0x00024100                bsp_board_button_idx_to_pin
 .text.nrf_clock_int_disable
                0x00024120       0x1e _build/nrf52832_xxaa_nrf_drv_clock.c.o
 .text.nrf_clock_event_clear
                0x0002413e       0x2c _build/nrf52832_xxaa_nrf_drv_clock.c.o
 .text.nrf_clock_event_check
                0x0002416a       0x28 _build/nrf52832_xxaa_nrf_drv_clock.c.o
 .text.nrf_clock_lf_src_set
                0x00024192       0x24 _build/nrf52832_xxaa_nrf_drv_clock.c.o
 *fill*         0x000241b6        0x2 
 .text.nrf_drv_common_irq_enable_check
                0x000241b8       0x40 _build/nrf52832_xxaa_nrf_drv_clock.c.o
 .text.nrf_drv_common_power_clock_irq_init
                0x000241f8       0x22 _build/nrf52832_xxaa_nrf_drv_clock.c.o
 *fill*         0x0002421a        0x2 
 .text.nrf_drv_clock_init
                0x0002421c       0x60 _build/nrf52832_xxaa_nrf_drv_clock.c.o
                0x0002421c                nrf_drv_clock_init
 .text.item_dequeue
                0x0002427c       0x2a _build/nrf52832_xxaa_nrf_drv_clock.c.o
 *fill*         0x000242a6        0x2 
 .text.clock_clk_started_notify
                0x000242a8       0x48 _build/nrf52832_xxaa_nrf_drv_clock.c.o
 .text.POWER_CLOCK_IRQHandler
                0x000242f0       0x5c _build/nrf52832_xxaa_nrf_drv_clock.c.o
                0x000242f0                POWER_CLOCK_IRQHandler
 .text.nrf_drv_clock_on_soc_event
                0x0002434c       0x1c _build/nrf52832_xxaa_nrf_drv_clock.c.o
                0x0002434c                nrf_drv_clock_on_soc_event
 .text.nrf_drv_clock_on_sd_enable
                0x00024368       0x48 _build/nrf52832_xxaa_nrf_drv_clock.c.o
                0x00024368                nrf_drv_clock_on_sd_enable
 .text.NVIC_EnableIRQ
                0x000243b0       0x34 _build/nrf52832_xxaa_nrf_drv_common.c.o
 .text.NVIC_ClearPendingIRQ
                0x000243e4       0x34 _build/nrf52832_xxaa_nrf_drv_common.c.o
 .text.NVIC_SetPriority
                0x00024418       0x54 _build/nrf52832_xxaa_nrf_drv_common.c.o
 .text.nrf_drv_common_irq_enable
                0x0002446c       0x3a _build/nrf52832_xxaa_nrf_drv_common.c.o
                0x0002446c                nrf_drv_common_irq_enable
 .text.nrf_gpiote_event_is_set
                0x000244a6       0x28 _build/nrf52832_xxaa_nrf_drv_gpiote.c.o
 .text.nrf_gpiote_event_clear
                0x000244ce       0x32 _build/nrf52832_xxaa_nrf_drv_gpiote.c.o
 .text.nrf_gpiote_event_addr_get
                0x00024500       0x20 _build/nrf52832_xxaa_nrf_drv_gpiote.c.o
 .text.nrf_gpiote_int_enable
                0x00024520       0x20 _build/nrf52832_xxaa_nrf_drv_gpiote.c.o
 .text.nrf_gpiote_int_is_enabled
                0x00024540       0x24 _build/nrf52832_xxaa_nrf_drv_gpiote.c.o
 .text.nrf_gpiote_event_enable
                0x00024564       0x34 _build/nrf52832_xxaa_nrf_drv_gpiote.c.o
 .text.nrf_gpiote_event_configure
                0x00024598       0x6c _build/nrf52832_xxaa_nrf_drv_gpiote.c.o
 .text.nrf_gpiote_event_pin_get
                0x00024604       0x2c _build/nrf52832_xxaa_nrf_drv_gpiote.c.o
 .text.nrf_gpiote_event_polarity_get
                0x00024630       0x2c _build/nrf52832_xxaa_nrf_drv_gpiote.c.o
 .text.nrf_gpio_pin_port_decode
                0x0002465c       0x18 _build/nrf52832_xxaa_nrf_drv_gpiote.c.o
 .text.nrf_gpio_cfg
                0x00024674       0x52 _build/nrf52832_xxaa_nrf_drv_gpiote.c.o
 .text.nrf_gpio_cfg_input
                0x000246c6       0x2a _build/nrf52832_xxaa_nrf_drv_gpiote.c.o
 .text.nrf_gpio_cfg_watcher
                0x000246f0       0x3a _build/nrf52832_xxaa_nrf_drv_gpiote.c.o
 .text.nrf_gpio_cfg_sense_set
                0x0002472a       0x58 _build/nrf52832_xxaa_nrf_drv_gpiote.c.o
 .text.nrf_gpio_pin_read
                0x00024782       0x2c _build/nrf52832_xxaa_nrf_drv_gpiote.c.o
 .text.nrf_gpio_pin_sense_get
                0x000247ae       0x2e _build/nrf52832_xxaa_nrf_drv_gpiote.c.o
 .text.nrf_gpio_port_in_read
                0x000247dc       0x1a _build/nrf52832_xxaa_nrf_drv_gpiote.c.o
 .text.nrf_gpio_ports_read
                0x000247f6       0x52 _build/nrf52832_xxaa_nrf_drv_gpiote.c.o
 .text.nrf_bitmask_bit_is_set
                0x00024848       0x3a _build/nrf52832_xxaa_nrf_drv_gpiote.c.o
 .text.nrf_bitmask_bit_set
                0x00024882       0x4a _build/nrf52832_xxaa_nrf_drv_gpiote.c.o
 .text.pin_in_use_by_te
                0x000248cc       0x44 _build/nrf52832_xxaa_nrf_drv_gpiote.c.o
 .text.pin_in_use_by_port
                0x00024910       0x30 _build/nrf52832_xxaa_nrf_drv_gpiote.c.o
 .text.pin_in_use_by_gpiote
                0x00024940       0x2c _build/nrf52832_xxaa_nrf_drv_gpiote.c.o
 .text.pin_in_use_by_te_set
                0x0002496c       0x58 _build/nrf52832_xxaa_nrf_drv_gpiote.c.o
 .text.pin_in_use_clear
                0x000249c4       0x24 _build/nrf52832_xxaa_nrf_drv_gpiote.c.o
 .text.channel_port_get
                0x000249e8       0x24 _build/nrf52832_xxaa_nrf_drv_gpiote.c.o
 .text.channel_handler_get
                0x00024a0c       0x20 _build/nrf52832_xxaa_nrf_drv_gpiote.c.o
 .text.channel_port_alloc
                0x00024a2c       0x74 _build/nrf52832_xxaa_nrf_drv_gpiote.c.o
 .text.channel_free
                0x00024aa0       0x3c _build/nrf52832_xxaa_nrf_drv_gpiote.c.o
 .text.nrf_drv_gpiote_init
                0x00024adc       0x80 _build/nrf52832_xxaa_nrf_drv_gpiote.c.o
                0x00024adc                nrf_drv_gpiote_init
 .text.nrf_drv_gpiote_is_init
                0x00024b5c       0x24 _build/nrf52832_xxaa_nrf_drv_gpiote.c.o
                0x00024b5c                nrf_drv_gpiote_is_init
 .text.nrf_drv_gpiote_in_init
                0x00024b80       0xb4 _build/nrf52832_xxaa_nrf_drv_gpiote.c.o
                0x00024b80                nrf_drv_gpiote_in_init
 .text.nrf_drv_gpiote_in_event_enable
                0x00024c34       0xd0 _build/nrf52832_xxaa_nrf_drv_gpiote.c.o
                0x00024c34                nrf_drv_gpiote_in_event_enable
 .text.nrf_drv_gpiote_in_is_set
                0x00024d04       0x22 _build/nrf52832_xxaa_nrf_drv_gpiote.c.o
                0x00024d04                nrf_drv_gpiote_in_is_set
 *fill*         0x00024d26        0x2 
 .text.GPIOTE_IRQHandler
                0x00024d28      0x2e8 _build/nrf52832_xxaa_nrf_drv_gpiote.c.o
                0x00024d28                GPIOTE_IRQHandler
 .text.NVIC_DisableIRQ
                0x00025010       0x34 _build/nrf52832_xxaa_nrf_drv_uart.c.o
 .text.nrf_uart_event_clear
                0x00025044       0x2e _build/nrf52832_xxaa_nrf_drv_uart.c.o
 .text.nrf_uart_event_check
                0x00025072       0x2a _build/nrf52832_xxaa_nrf_drv_uart.c.o
 .text.nrf_uart_int_enable
                0x0002509c       0x1e _build/nrf52832_xxaa_nrf_drv_uart.c.o
 .text.nrf_uart_int_enable_check
                0x000250ba       0x2a _build/nrf52832_xxaa_nrf_drv_uart.c.o
 .text.nrf_uart_int_disable
                0x000250e4       0x1e _build/nrf52832_xxaa_nrf_drv_uart.c.o
 .text.nrf_uart_errorsrc_get_and_clear
                0x00025102       0x26 _build/nrf52832_xxaa_nrf_drv_uart.c.o
 .text.nrf_uart_enable
                0x00025128       0x1c _build/nrf52832_xxaa_nrf_drv_uart.c.o
 .text.nrf_uart_disable
                0x00025144       0x1c _build/nrf52832_xxaa_nrf_drv_uart.c.o
 .text.nrf_uart_txrx_pins_set
                0x00025160       0x28 _build/nrf52832_xxaa_nrf_drv_uart.c.o
 .text.nrf_uart_txrx_pins_disconnect
                0x00025188       0x1e _build/nrf52832_xxaa_nrf_drv_uart.c.o
 .text.nrf_uart_tx_pin_get
                0x000251a6       0x1a _build/nrf52832_xxaa_nrf_drv_uart.c.o
 .text.nrf_uart_rx_pin_get
                0x000251c0       0x1a _build/nrf52832_xxaa_nrf_drv_uart.c.o
 .text.nrf_uart_rts_pin_get
                0x000251da       0x1a _build/nrf52832_xxaa_nrf_drv_uart.c.o
 .text.nrf_uart_cts_pin_get
                0x000251f4       0x1a _build/nrf52832_xxaa_nrf_drv_uart.c.o
 .text.nrf_uart_hwfc_pins_set
                0x0002520e       0x28 _build/nrf52832_xxaa_nrf_drv_uart.c.o
 .text.nrf_uart_hwfc_pins_disconnect
                0x00025236       0x1e _build/nrf52832_xxaa_nrf_drv_uart.c.o
 .text.nrf_uart_rxd_get
                0x00025254       0x1c _build/nrf52832_xxaa_nrf_drv_uart.c.o
 .text.nrf_uart_txd_set
                0x00025270       0x20 _build/nrf52832_xxaa_nrf_drv_uart.c.o
 .text.nrf_uart_task_trigger
                0x00025290       0x22 _build/nrf52832_xxaa_nrf_drv_uart.c.o
 .text.nrf_uart_configure
                0x000252b2       0x2c _build/nrf52832_xxaa_nrf_drv_uart.c.o
 .text.nrf_uart_baudrate_set
                0x000252de       0x1e _build/nrf52832_xxaa_nrf_drv_uart.c.o
 .text.nrf_uarte_event_clear
                0x000252fc       0x2e _build/nrf52832_xxaa_nrf_drv_uart.c.o
 .text.nrf_uarte_event_check
                0x0002532a       0x2a _build/nrf52832_xxaa_nrf_drv_uart.c.o
 .text.nrf_uarte_shorts_disable
                0x00025354       0x28 _build/nrf52832_xxaa_nrf_drv_uart.c.o
 .text.nrf_uarte_int_enable
                0x0002537c       0x1e _build/nrf52832_xxaa_nrf_drv_uart.c.o
 .text.nrf_uarte_int_disable
                0x0002539a       0x1e _build/nrf52832_xxaa_nrf_drv_uart.c.o
 .text.nrf_uarte_errorsrc_get_and_clear
                0x000253b8       0x26 _build/nrf52832_xxaa_nrf_drv_uart.c.o
 .text.nrf_uarte_enable
                0x000253de       0x1c _build/nrf52832_xxaa_nrf_drv_uart.c.o
 .text.nrf_uarte_disable
                0x000253fa       0x1c _build/nrf52832_xxaa_nrf_drv_uart.c.o
 .text.nrf_uarte_txrx_pins_set
                0x00025416       0x28 _build/nrf52832_xxaa_nrf_drv_uart.c.o
 .text.nrf_uarte_txrx_pins_disconnect
                0x0002543e       0x1e _build/nrf52832_xxaa_nrf_drv_uart.c.o
 .text.nrf_uarte_tx_pin_get
                0x0002545c       0x1a _build/nrf52832_xxaa_nrf_drv_uart.c.o
 .text.nrf_uarte_rx_pin_get
                0x00025476       0x1a _build/nrf52832_xxaa_nrf_drv_uart.c.o
 .text.nrf_uarte_rts_pin_get
                0x00025490       0x1a _build/nrf52832_xxaa_nrf_drv_uart.c.o
 .text.nrf_uarte_cts_pin_get
                0x000254aa       0x1a _build/nrf52832_xxaa_nrf_drv_uart.c.o
 .text.nrf_uarte_hwfc_pins_set
                0x000254c4       0x28 _build/nrf52832_xxaa_nrf_drv_uart.c.o
 .text.nrf_uarte_hwfc_pins_disconnect
                0x000254ec       0x1e _build/nrf52832_xxaa_nrf_drv_uart.c.o
 .text.nrf_uarte_task_trigger
                0x0002550a       0x22 _build/nrf52832_xxaa_nrf_drv_uart.c.o
 .text.nrf_uarte_configure
                0x0002552c       0x2c _build/nrf52832_xxaa_nrf_drv_uart.c.o
 .text.nrf_uarte_baudrate_set
                0x00025558       0x1e _build/nrf52832_xxaa_nrf_drv_uart.c.o
 .text.nrf_uarte_tx_buffer_set
                0x00025576       0x2a _build/nrf52832_xxaa_nrf_drv_uart.c.o
 .text.nrf_uarte_tx_amount_get
                0x000255a0       0x1a _build/nrf52832_xxaa_nrf_drv_uart.c.o
 .text.nrf_uarte_rx_amount_get
                0x000255ba       0x1a _build/nrf52832_xxaa_nrf_drv_uart.c.o
 .text.nrf_drv_common_irq_disable
                0x000255d4       0x1c _build/nrf52832_xxaa_nrf_drv_uart.c.o
 .text.nrf_drv_get_IRQn
                0x000255f0       0x1e _build/nrf52832_xxaa_nrf_drv_uart.c.o
 .text.nrf_drv_is_in_RAM
                0x0002560e       0x26 _build/nrf52832_xxaa_nrf_drv_uart.c.o
 .text.nrf_gpio_pin_port_decode
                0x00025634       0x18 _build/nrf52832_xxaa_nrf_drv_uart.c.o
 .text.nrf_gpio_cfg
                0x0002564c       0x52 _build/nrf52832_xxaa_nrf_drv_uart.c.o
 .text.nrf_gpio_cfg_output
                0x0002569e       0x24 _build/nrf52832_xxaa_nrf_drv_uart.c.o
 .text.nrf_gpio_cfg_input
                0x000256c2       0x2a _build/nrf52832_xxaa_nrf_drv_uart.c.o
 .text.nrf_gpio_cfg_default
                0x000256ec       0x24 _build/nrf52832_xxaa_nrf_drv_uart.c.o
 .text.nrf_gpio_pin_set
                0x00025710       0x2a _build/nrf52832_xxaa_nrf_drv_uart.c.o
 .text.nrf_gpio_port_out_set
                0x0002573a       0x1e _build/nrf52832_xxaa_nrf_drv_uart.c.o
 .text.apply_config
                0x00025758      0x164 _build/nrf52832_xxaa_nrf_drv_uart.c.o
 .text.interrupts_enable
                0x000258bc       0xd0 _build/nrf52832_xxaa_nrf_drv_uart.c.o
 .text.interrupts_disable
                0x0002598c       0x6c _build/nrf52832_xxaa_nrf_drv_uart.c.o
 .text.pins_to_default
                0x000259f8       0xe8 _build/nrf52832_xxaa_nrf_drv_uart.c.o
 .text.uart_enable
                0x00025ae0       0x3c _build/nrf52832_xxaa_nrf_drv_uart.c.o
 .text.uart_disable
                0x00025b1c       0x3c _build/nrf52832_xxaa_nrf_drv_uart.c.o
 .text.nrf_drv_uart_init
                0x00025b58       0x90 _build/nrf52832_xxaa_nrf_drv_uart.c.o
                0x00025b58                nrf_drv_uart_init
 .text.nrf_drv_uart_uninit
                0x00025be8       0x48 _build/nrf52832_xxaa_nrf_drv_uart.c.o
                0x00025be8                nrf_drv_uart_uninit
 .text.tx_byte  0x00025c30       0x44 _build/nrf52832_xxaa_nrf_drv_uart.c.o
 .text.nrf_drv_uart_tx_for_uart
                0x00025c74       0xe8 _build/nrf52832_xxaa_nrf_drv_uart.c.o
 .text.nrf_drv_uart_tx_for_uarte
                0x00025d5c       0xb4 _build/nrf52832_xxaa_nrf_drv_uart.c.o
 .text.nrf_drv_uart_tx
                0x00025e10       0x9c _build/nrf52832_xxaa_nrf_drv_uart.c.o
                0x00025e10                nrf_drv_uart_tx
 .text.nrf_drv_uart_tx_in_progress
                0x00025eac       0x30 _build/nrf52832_xxaa_nrf_drv_uart.c.o
                0x00025eac                nrf_drv_uart_tx_in_progress
 .text.rx_byte  0x00025edc       0x58 _build/nrf52832_xxaa_nrf_drv_uart.c.o
 .text.rx_done_event
                0x00025f34       0x32 _build/nrf52832_xxaa_nrf_drv_uart.c.o
 .text.tx_done_event
                0x00025f66       0x38 _build/nrf52832_xxaa_nrf_drv_uart.c.o
 .text.uart_irq_handler
                0x00025f9e      0x1d0 _build/nrf52832_xxaa_nrf_drv_uart.c.o
 .text.uarte_irq_handler
                0x0002616e      0x158 _build/nrf52832_xxaa_nrf_drv_uart.c.o
 *fill*         0x000262c6        0x2 
 .text.UARTE0_UART0_IRQHandler
                0x000262c8       0x2c _build/nrf52832_xxaa_nrf_drv_uart.c.o
                0x000262c8                UARTE0_UART0_IRQHandler
 .text.nrf_gpio_pin_port_decode
                0x000262f4       0x18 _build/nrf52832_xxaa_bsp.c.o
 .text.nrf_gpio_cfg_sense_set
                0x0002630c       0x58 _build/nrf52832_xxaa_bsp.c.o
 .text.bsp_button_is_pressed
                0x00026364       0x18 _build/nrf52832_xxaa_bsp.c.o
                0x00026364                bsp_button_is_pressed
 .text.bsp_button_event_handler
                0x0002637c      0x118 _build/nrf52832_xxaa_bsp.c.o
 .text.button_timer_handler
                0x00026494       0x1c _build/nrf52832_xxaa_bsp.c.o
 .text.leds_off
                0x000264b0       0x40 _build/nrf52832_xxaa_bsp.c.o
 .text.bsp_led_indication
                0x000264f0      0x458 _build/nrf52832_xxaa_bsp.c.o
 .text.leds_timer_handler
                0x00026948       0x30 _build/nrf52832_xxaa_bsp.c.o
 .text.alert_timer_handler
                0x00026978       0x16 _build/nrf52832_xxaa_bsp.c.o
 *fill*         0x0002698e        0x2 
 .text.bsp_indication_set
                0x00026990       0x34 _build/nrf52832_xxaa_bsp.c.o
                0x00026990                bsp_indication_set
 .text.bsp_init
                0x000269c4       0xdc _build/nrf52832_xxaa_bsp.c.o
                0x000269c4                bsp_init
 .text.bsp_event_to_button_action_assign
                0x00026aa0       0x9c _build/nrf52832_xxaa_bsp.c.o
                0x00026aa0                bsp_event_to_button_action_assign
 .text.bsp_wakeup_button_enable
                0x00026b3c       0x22 _build/nrf52832_xxaa_bsp.c.o
                0x00026b3c                bsp_wakeup_button_enable
 .text.connection_buttons_configure
                0x00026b5e       0x64 _build/nrf52832_xxaa_bsp_btn_ble.c.o
 .text.advertising_buttons_configure
                0x00026bc2       0x64 _build/nrf52832_xxaa_bsp_btn_ble.c.o
 .text.startup_event_extract
                0x00026c26       0x3e _build/nrf52832_xxaa_bsp_btn_ble.c.o
 .text.bsp_btn_ble_sleep_mode_prepare
                0x00026c64       0x40 _build/nrf52832_xxaa_bsp_btn_ble.c.o
                0x00026c64                bsp_btn_ble_sleep_mode_prepare
 .text.bsp_btn_ble_on_ble_evt
                0x00026ca4       0x88 _build/nrf52832_xxaa_bsp_btn_ble.c.o
                0x00026ca4                bsp_btn_ble_on_ble_evt
 .text.bsp_btn_ble_init
                0x00026d2c       0x40 _build/nrf52832_xxaa_bsp_btn_ble.c.o
                0x00026d2c                bsp_btn_ble_init
 .text.sd_power_system_off
                0x00026d6c        0x8 _build/nrf52832_xxaa_main.c.o
 .text.sd_app_evt_wait
                0x00026d74        0x8 _build/nrf52832_xxaa_main.c.o
 .text.sd_ble_gap_disconnect
                0x00026d7c        0x8 _build/nrf52832_xxaa_main.c.o
 .text.sd_ble_gap_appearance_set
                0x00026d84        0x8 _build/nrf52832_xxaa_main.c.o
 .text.sd_ble_gap_ppcp_set
                0x00026d8c        0x8 _build/nrf52832_xxaa_main.c.o
 .text.sd_ble_gap_device_name_set
                0x00026d94        0x8 _build/nrf52832_xxaa_main.c.o
 .text.sd_ble_gatts_rw_authorize_reply
                0x00026d9c        0x8 _build/nrf52832_xxaa_main.c.o
 .text.sd_ble_cfg_set
                0x00026da4        0x8 _build/nrf52832_xxaa_main.c.o
 .text.sd_ble_user_mem_reply
                0x00026dac        0x8 _build/nrf52832_xxaa_main.c.o
 .text.peer_list_get
                0x00026db4       0x66 _build/nrf52832_xxaa_main.c.o
 *fill*         0x00026e1a        0x2 
 .text.delete_bonds
                0x00026e1c       0x30 _build/nrf52832_xxaa_main.c.o
 .text.advertising_start
                0x00026e4c       0xa4 _build/nrf52832_xxaa_main.c.o
 .text.pm_evt_handler
                0x00026ef0      0x1a8 _build/nrf52832_xxaa_main.c.o
 .text.service_error_handler
                0x00027098       0x16 _build/nrf52832_xxaa_main.c.o
 .text.ble_advertising_error_handler
                0x000270ae       0x16 _build/nrf52832_xxaa_main.c.o
 .text.battery_level_update
                0x000270c4       0x54 _build/nrf52832_xxaa_main.c.o
 .text.battery_level_meas_timeout_handler
                0x00027118       0x14 _build/nrf52832_xxaa_main.c.o
 .text.timers_init
                0x0002712c       0x48 _build/nrf52832_xxaa_main.c.o
 .text.gap_params_init
                0x00027174       0xa4 _build/nrf52832_xxaa_main.c.o
 .text.gatt_init
                0x00027218       0x2c _build/nrf52832_xxaa_main.c.o
 .text.dis_init
                0x00027244       0x94 _build/nrf52832_xxaa_main.c.o
 .text.bas_init
                0x000272d8       0x98 _build/nrf52832_xxaa_main.c.o
 .text.hids_init
                0x00027370      0x2fc _build/nrf52832_xxaa_main.c.o
 .text.services_init
                0x0002766c       0x14 _build/nrf52832_xxaa_main.c.o
 .text.sensor_simulator_init
                0x00027680       0x30 _build/nrf52832_xxaa_main.c.o
 .text.conn_params_error_handler
                0x000276b0       0x16 _build/nrf52832_xxaa_main.c.o
 *fill*         0x000276c6        0x2 
 .text.conn_params_init
                0x000276c8       0x5c _build/nrf52832_xxaa_main.c.o
 .text.timers_start
                0x00027724       0x34 _build/nrf52832_xxaa_main.c.o
 .text.sleep_mode_enter
                0x00027758       0x52 _build/nrf52832_xxaa_main.c.o
 *fill*         0x000277aa        0x2 
 .text.on_hids_evt
                0x000277ac       0x40 _build/nrf52832_xxaa_main.c.o
 .text.on_adv_evt
                0x000277ec      0x28c _build/nrf52832_xxaa_main.c.o
 .text.on_ble_evt
                0x00027a78      0x1d0 _build/nrf52832_xxaa_main.c.o
 .text.ble_evt_dispatch
                0x00027c48       0x58 _build/nrf52832_xxaa_main.c.o
 .text.sys_evt_dispatch
                0x00027ca0       0x1c _build/nrf52832_xxaa_main.c.o
 .text.ble_stack_init
                0x00027cbc      0x118 _build/nrf52832_xxaa_main.c.o
 .text.peer_manager_init
                0x00027dd4       0xc0 _build/nrf52832_xxaa_main.c.o
 .text.advertising_init
                0x00027e94       0xa8 _build/nrf52832_xxaa_main.c.o
 .text.scheduler_init
                0x00027f3c       0x30 _build/nrf52832_xxaa_main.c.o
 .text.volume_control_send
                0x00027f6c       0x70 _build/nrf52832_xxaa_main.c.o
 .text.bsp_event_handler
                0x00027fdc      0x1bc _build/nrf52832_xxaa_main.c.o
 .text.buttons_leds_init
                0x00028198       0x98 _build/nrf52832_xxaa_main.c.o
 .text.log_init
                0x00028230       0x26 _build/nrf52832_xxaa_main.c.o
 .text.power_manage
                0x00028256       0x24 _build/nrf52832_xxaa_main.c.o
 *fill*         0x0002827a        0x2 
 .text.main     0x0002827c       0x6c _build/nrf52832_xxaa_main.c.o
                0x0002827c                main
 .text.sd_ble_gap_addr_get
                0x000282e8        0x8 _build/nrf52832_xxaa_ble_advdata.c.o
 .text.sd_ble_gap_adv_data_set
                0x000282f0        0x8 _build/nrf52832_xxaa_ble_advdata.c.o
 .text.sd_ble_gap_appearance_get
                0x000282f8        0x8 _build/nrf52832_xxaa_ble_advdata.c.o
 .text.sd_ble_gap_device_name_get
                0x00028300        0x8 _build/nrf52832_xxaa_ble_advdata.c.o
 .text.sd_ble_uuid_encode
                0x00028308        0x8 _build/nrf52832_xxaa_ble_advdata.c.o
 .text.uint16_encode
                0x00028310       0x30 _build/nrf52832_xxaa_ble_advdata.c.o
 .text.ble_device_addr_encode
                0x00028340       0xce _build/nrf52832_xxaa_ble_advdata.c.o
 .text.name_encode
                0x0002840e      0x11a _build/nrf52832_xxaa_ble_advdata.c.o
 .text.appearance_encode
                0x00028528       0x98 _build/nrf52832_xxaa_ble_advdata.c.o
 .text.flags_encode
                0x000285c0       0x80 _build/nrf52832_xxaa_ble_advdata.c.o
 .text.tx_power_level_encode
                0x00028640       0x80 _build/nrf52832_xxaa_ble_advdata.c.o
 .text.uuid_list_sized_encode
                0x000286c0      0x138 _build/nrf52832_xxaa_ble_advdata.c.o
 .text.uuid_list_encode
                0x000287f8       0x5c _build/nrf52832_xxaa_ble_advdata.c.o
 .text.conn_int_check
                0x00028854       0x82 _build/nrf52832_xxaa_ble_advdata.c.o
 .text.conn_int_encode
                0x000288d6       0xbe _build/nrf52832_xxaa_ble_advdata.c.o
 .text.manuf_specific_data_encode
                0x00028994       0xde _build/nrf52832_xxaa_ble_advdata.c.o
 .text.service_data_encode
                0x00028a72       0xfe _build/nrf52832_xxaa_ble_advdata.c.o
 .text.adv_data_encode
                0x00028b70      0x1bc _build/nrf52832_xxaa_ble_advdata.c.o
                0x00028b70                adv_data_encode
 .text.advdata_check
                0x00028d2c       0x26 _build/nrf52832_xxaa_ble_advdata.c.o
 .text.srdata_check
                0x00028d52       0x22 _build/nrf52832_xxaa_ble_advdata.c.o
 .text.ble_advdata_set
                0x00028d74       0xc0 _build/nrf52832_xxaa_ble_advdata.c.o
                0x00028d74                ble_advdata_set
 .text.sd_ble_gap_adv_start
                0x00028e34        0x8 _build/nrf52832_xxaa_ble_advertising.c.o
 .text.sd_ble_gap_adv_stop
                0x00028e3c        0x8 _build/nrf52832_xxaa_ble_advertising.c.o
 .text.whitelist_has_entries
                0x00028e44       0x18 _build/nrf52832_xxaa_ble_advertising.c.o
 .text.addr_is_valid
                0x00028e5c       0x38 _build/nrf52832_xxaa_ble_advertising.c.o
 .text.adv_mode_next_get
                0x00028e94       0x34 _build/nrf52832_xxaa_ble_advertising.c.o
 .text.on_connected
                0x00028ec8       0x28 _build/nrf52832_xxaa_ble_advertising.c.o
 .text.on_disconnected
                0x00028ef0       0x4c _build/nrf52832_xxaa_ble_advertising.c.o
 .text.on_timeout
                0x00028f3c       0x4c _build/nrf52832_xxaa_ble_advertising.c.o
 .text.flash_access_in_progress
                0x00028f88       0x22 _build/nrf52832_xxaa_ble_advertising.c.o
 *fill*         0x00028faa        0x2 
 .text.adv_mode_next_avail_get
                0x00028fac       0x84 _build/nrf52832_xxaa_ble_advertising.c.o
 .text.set_adv_mode_directed
                0x00029030       0x3c _build/nrf52832_xxaa_ble_advertising.c.o
 .text.set_adv_mode_directed_slow
                0x0002906c       0x48 _build/nrf52832_xxaa_ble_advertising.c.o
 .text.set_adv_mode_fast
                0x000290b4       0x84 _build/nrf52832_xxaa_ble_advertising.c.o
 .text.set_adv_mode_slow
                0x00029138       0x84 _build/nrf52832_xxaa_ble_advertising.c.o
 .text.ble_advertising_init
                0x000291bc      0x20c _build/nrf52832_xxaa_ble_advertising.c.o
                0x000291bc                ble_advertising_init
 .text.ble_advertising_start
                0x000293c8      0x1d4 _build/nrf52832_xxaa_ble_advertising.c.o
                0x000293c8                ble_advertising_start
 .text.ble_advertising_on_ble_evt
                0x0002959c       0x3a _build/nrf52832_xxaa_ble_advertising.c.o
                0x0002959c                ble_advertising_on_ble_evt
 *fill*         0x000295d6        0x2 
 .text.ble_advertising_on_sys_evt
                0x000295d8       0x5c _build/nrf52832_xxaa_ble_advertising.c.o
                0x000295d8                ble_advertising_on_sys_evt
 .text.ble_advertising_peer_addr_reply
                0x00029634       0x3c _build/nrf52832_xxaa_ble_advertising.c.o
                0x00029634                ble_advertising_peer_addr_reply
 .text.ble_advertising_whitelist_reply
                0x00029670       0x58 _build/nrf52832_xxaa_ble_advertising.c.o
                0x00029670                ble_advertising_whitelist_reply
 .text.ble_advertising_restart_without_whitelist
                0x000296c8       0x70 _build/nrf52832_xxaa_ble_advertising.c.o
                0x000296c8                ble_advertising_restart_without_whitelist
 .text.sd_ble_gap_conn_param_update
                0x00029738        0x8 _build/nrf52832_xxaa_ble_conn_params.c.o
 .text.sd_ble_gap_disconnect
                0x00029740        0x8 _build/nrf52832_xxaa_ble_conn_params.c.o
 .text.sd_ble_gap_ppcp_set
                0x00029748        0x8 _build/nrf52832_xxaa_ble_conn_params.c.o
 .text.sd_ble_gap_ppcp_get
                0x00029750        0x8 _build/nrf52832_xxaa_ble_conn_params.c.o
 .text.is_conn_params_ok
                0x00029758       0x38 _build/nrf52832_xxaa_ble_conn_params.c.o
 .text.update_timeout_handler
                0x00029790       0xb4 _build/nrf52832_xxaa_ble_conn_params.c.o
 .text.ble_conn_params_init
                0x00029844       0x98 _build/nrf52832_xxaa_ble_conn_params.c.o
                0x00029844                ble_conn_params_init
 .text.conn_params_negotiation
                0x000298dc       0xac _build/nrf52832_xxaa_ble_conn_params.c.o
 .text.on_connect
                0x00029988       0x48 _build/nrf52832_xxaa_ble_conn_params.c.o
 .text.on_disconnect
                0x000299d0       0x50 _build/nrf52832_xxaa_ble_conn_params.c.o
 .text.on_write
                0x00029a20       0x68 _build/nrf52832_xxaa_ble_conn_params.c.o
 .text.on_conn_params_update
                0x00029a88       0x28 _build/nrf52832_xxaa_ble_conn_params.c.o
 .text.ble_conn_params_on_ble_evt
                0x00029ab0       0x4c _build/nrf52832_xxaa_ble_conn_params.c.o
                0x00029ab0                ble_conn_params_on_ble_evt
 .text.record_activate
                0x00029afc       0x68 _build/nrf52832_xxaa_ble_conn_state.c.o
 .text.record_invalidate
                0x00029b64       0x2c _build/nrf52832_xxaa_ble_conn_state.c.o
 .text.record_set_disconnected
                0x00029b90       0x28 _build/nrf52832_xxaa_ble_conn_state.c.o
 .text.record_purge_disconnected
                0x00029bb8       0x6c _build/nrf52832_xxaa_ble_conn_state.c.o
 .text.user_flag_is_acquired
                0x00029c24       0x34 _build/nrf52832_xxaa_ble_conn_state.c.o
 .text.user_flag_acquire
                0x00029c58       0x2c _build/nrf52832_xxaa_ble_conn_state.c.o
 .text.ble_conn_state_on_ble_evt
                0x00029c84       0xc0 _build/nrf52832_xxaa_ble_conn_state.c.o
                0x00029c84                ble_conn_state_on_ble_evt
 .text.ble_conn_state_role
                0x00029d44       0x54 _build/nrf52832_xxaa_ble_conn_state.c.o
                0x00029d44                ble_conn_state_role
 .text.ble_conn_state_encrypted
                0x00029d98       0x2c _build/nrf52832_xxaa_ble_conn_state.c.o
                0x00029d98                ble_conn_state_encrypted
 .text.ble_conn_state_mitm_protected
                0x00029dc4       0x2c _build/nrf52832_xxaa_ble_conn_state.c.o
                0x00029dc4                ble_conn_state_mitm_protected
 .text.ble_conn_state_conn_handles
                0x00029df0       0x28 _build/nrf52832_xxaa_ble_conn_state.c.o
                0x00029df0                ble_conn_state_conn_handles
 .text.ble_conn_state_user_flag_acquire
                0x00029e18       0x42 _build/nrf52832_xxaa_ble_conn_state.c.o
                0x00029e18                ble_conn_state_user_flag_acquire
 *fill*         0x00029e5a        0x2 
 .text.ble_conn_state_user_flag_get
                0x00029e5c       0x4c _build/nrf52832_xxaa_ble_conn_state.c.o
                0x00029e5c                ble_conn_state_user_flag_get
 .text.ble_conn_state_user_flag_set
                0x00029ea8       0x48 _build/nrf52832_xxaa_ble_conn_state.c.o
                0x00029ea8                ble_conn_state_user_flag_set
 .text.ble_conn_state_user_flag_collection
                0x00029ef0       0x34 _build/nrf52832_xxaa_ble_conn_state.c.o
                0x00029ef0                ble_conn_state_user_flag_collection
 .text.uint16_decode
                0x00029f24       0x2a _build/nrf52832_xxaa_ble_srv_common.c.o
 .text.ble_srv_is_notification_enabled
                0x00029f4e       0x2a _build/nrf52832_xxaa_ble_srv_common.c.o
                0x00029f4e                ble_srv_is_notification_enabled
 .text.ble_srv_report_ref_encode
                0x00029f78       0x56 _build/nrf52832_xxaa_ble_srv_common.c.o
                0x00029f78                ble_srv_report_ref_encode
 .text.ble_srv_ascii_to_utf8
                0x00029fce       0x26 _build/nrf52832_xxaa_ble_srv_common.c.o
                0x00029fce                ble_srv_ascii_to_utf8
 .text.sdk_mapped_flags_any_set
                0x00029ff4       0x20 _build/nrf52832_xxaa_gatt_cache_manager.c.o
 .text.internal_state_reset
                0x0002a014       0x18 _build/nrf52832_xxaa_gatt_cache_manager.c.o
 .text.evt_send
                0x0002a02c       0x34 _build/nrf52832_xxaa_gatt_cache_manager.c.o
 .text.cccd_written
                0x0002a060       0x3c _build/nrf52832_xxaa_gatt_cache_manager.c.o
 .text.local_db_apply_in_evt
                0x0002a09c       0xc8 _build/nrf52832_xxaa_gatt_cache_manager.c.o
 .text.local_db_update_in_evt
                0x0002a164       0xe0 _build/nrf52832_xxaa_gatt_cache_manager.c.o
 .text.service_changed_send_in_evt
                0x0002a244       0xe0 _build/nrf52832_xxaa_gatt_cache_manager.c.o
 .text.gcm_gscm_evt_handler
                0x0002a324       0x98 _build/nrf52832_xxaa_gatt_cache_manager.c.o
                0x0002a324                gcm_gscm_evt_handler
 .text.gcm_im_evt_handler
                0x0002a3bc       0x4c _build/nrf52832_xxaa_gatt_cache_manager.c.o
                0x0002a3bc                gcm_im_evt_handler
 .text.gcm_smd_evt_handler
                0x0002a408       0x26 _build/nrf52832_xxaa_gatt_cache_manager.c.o
                0x0002a408                gcm_smd_evt_handler
 *fill*         0x0002a42e        0x2 
 .text.gcm_init
                0x0002a430       0x7c _build/nrf52832_xxaa_gatt_cache_manager.c.o
                0x0002a430                gcm_init
 .text.apply_pending_flags_check
                0x0002a4ac       0x98 _build/nrf52832_xxaa_gatt_cache_manager.c.o
 .text.update_pending_flags_check
                0x0002a544       0x98 _build/nrf52832_xxaa_gatt_cache_manager.c.o
 .text.service_changed_pending_flags_check
                0x0002a5dc       0xc4 _build/nrf52832_xxaa_gatt_cache_manager.c.o
 .text.gcm_ble_evt_handler
                0x0002a6a0       0x98 _build/nrf52832_xxaa_gatt_cache_manager.c.o
                0x0002a6a0                gcm_ble_evt_handler
 .text.gcm_local_database_has_changed
                0x0002a738       0x7c _build/nrf52832_xxaa_gatt_cache_manager.c.o
                0x0002a738                gcm_local_database_has_changed
 .text.sd_ble_gatts_service_changed
                0x0002a7b4        0x8 _build/nrf52832_xxaa_gatts_cache_manager.c.o
 .text.sd_ble_gatts_sys_attr_set
                0x0002a7bc        0x8 _build/nrf52832_xxaa_gatts_cache_manager.c.o
 .text.sd_ble_gatts_sys_attr_get
                0x0002a7c4        0x8 _build/nrf52832_xxaa_gatts_cache_manager.c.o
 .text.internal_state_reset
                0x0002a7cc       0x24 _build/nrf52832_xxaa_gatts_cache_manager.c.o
 .text.evt_send
                0x0002a7f0       0x34 _build/nrf52832_xxaa_gatts_cache_manager.c.o
 .text.service_changed_pending_set
                0x0002a824       0x68 _build/nrf52832_xxaa_gatts_cache_manager.c.o
 .text.gscm_pdb_evt_handler
                0x0002a88c       0x64 _build/nrf52832_xxaa_gatts_cache_manager.c.o
                0x0002a88c                gscm_pdb_evt_handler
 .text.gscm_init
                0x0002a8f0       0x18 _build/nrf52832_xxaa_gatts_cache_manager.c.o
                0x0002a8f0                gscm_init
 .text.gscm_local_db_cache_update
                0x0002a908       0xd0 _build/nrf52832_xxaa_gatts_cache_manager.c.o
                0x0002a908                gscm_local_db_cache_update
 .text.gscm_local_db_cache_apply
                0x0002a9d8       0xda _build/nrf52832_xxaa_gatts_cache_manager.c.o
                0x0002a9d8                gscm_local_db_cache_apply
 *fill*         0x0002aab2        0x2 
 .text.gscm_local_database_has_changed
                0x0002aab4       0x20 _build/nrf52832_xxaa_gatts_cache_manager.c.o
                0x0002aab4                gscm_local_database_has_changed
 .text.gscm_service_changed_ind_needed
                0x0002aad4       0x3c _build/nrf52832_xxaa_gatts_cache_manager.c.o
                0x0002aad4                gscm_service_changed_ind_needed
 .text.gscm_service_changed_ind_send
                0x0002ab10       0x50 _build/nrf52832_xxaa_gatts_cache_manager.c.o
                0x0002ab10                gscm_service_changed_ind_send
 .text.gscm_db_change_notification_done
                0x0002ab60       0x34 _build/nrf52832_xxaa_gatts_cache_manager.c.o
                0x0002ab60                gscm_db_change_notification_done
 .text.sd_ble_gap_whitelist_set
                0x0002ab94        0x8 _build/nrf52832_xxaa_id_manager.c.o
 .text.sd_ble_gap_device_identities_set
                0x0002ab9c        0x8 _build/nrf52832_xxaa_id_manager.c.o
 .text.sd_ecb_block_encrypt
                0x0002aba4        0x8 _build/nrf52832_xxaa_id_manager.c.o
 .text.internal_state_reset
                0x0002abac       0x48 _build/nrf52832_xxaa_id_manager.c.o
 .text.evt_send
                0x0002abf4       0x34 _build/nrf52832_xxaa_id_manager.c.o
 .text.get_free_connection
                0x0002ac28       0x5c _build/nrf52832_xxaa_id_manager.c.o
                0x0002ac28                get_free_connection
 .text.get_connection_by_conn_handle
                0x0002ac84       0x60 _build/nrf52832_xxaa_id_manager.c.o
                0x0002ac84                get_connection_by_conn_handle
 .text.new_connection
                0x0002ace4       0xa8 _build/nrf52832_xxaa_id_manager.c.o
                0x0002ace4                new_connection
 .text.is_valid_irk
                0x0002ad8c       0x38 _build/nrf52832_xxaa_id_manager.c.o
                0x0002ad8c                is_valid_irk
 .text.addr_compare
                0x0002adc4       0x5a _build/nrf52832_xxaa_id_manager.c.o
                0x0002adc4                addr_compare
 .text.im_ble_evt_handler
                0x0002ae1e      0x120 _build/nrf52832_xxaa_id_manager.c.o
                0x0002ae1e                im_ble_evt_handler
 .text.im_is_duplicate_bonding_data
                0x0002af3e       0x76 _build/nrf52832_xxaa_id_manager.c.o
                0x0002af3e                im_is_duplicate_bonding_data
 .text.im_pdb_evt_handler
                0x0002afb4       0xa2 _build/nrf52832_xxaa_id_manager.c.o
                0x0002afb4                im_pdb_evt_handler
 *fill*         0x0002b056        0x2 
 .text.im_init  0x0002b058       0x34 _build/nrf52832_xxaa_id_manager.c.o
                0x0002b058                im_init
 .text.im_peer_id_get_by_conn_handle
                0x0002b08c       0x40 _build/nrf52832_xxaa_id_manager.c.o
                0x0002b08c                im_peer_id_get_by_conn_handle
 .text.im_ble_addr_get
                0x0002b0cc       0x50 _build/nrf52832_xxaa_id_manager.c.o
                0x0002b0cc                im_ble_addr_get
 .text.im_master_ids_compare
                0x0002b11c       0x54 _build/nrf52832_xxaa_id_manager.c.o
                0x0002b11c                im_master_ids_compare
 .text.im_peer_id_get_by_master_id
                0x0002b170       0x58 _build/nrf52832_xxaa_id_manager.c.o
                0x0002b170                im_peer_id_get_by_master_id
 .text.im_conn_handle_get
                0x0002b1c8       0x5c _build/nrf52832_xxaa_id_manager.c.o
                0x0002b1c8                im_conn_handle_get
 .text.im_master_id_is_valid
                0x0002b224       0x46 _build/nrf52832_xxaa_id_manager.c.o
                0x0002b224                im_master_id_is_valid
 *fill*         0x0002b26a        0x2 
 .text.peer_id_set
                0x0002b26c       0x40 _build/nrf52832_xxaa_id_manager.c.o
 .text.im_new_peer_id
                0x0002b2ac       0x24 _build/nrf52832_xxaa_id_manager.c.o
                0x0002b2ac                im_new_peer_id
 .text.im_peer_free
                0x0002b2d0       0x46 _build/nrf52832_xxaa_id_manager.c.o
                0x0002b2d0                im_peer_free
 .text.peers_id_keys_get
                0x0002b316      0x14a _build/nrf52832_xxaa_id_manager.c.o
 .text.im_device_identities_list_set
                0x0002b460      0x148 _build/nrf52832_xxaa_id_manager.c.o
                0x0002b460                im_device_identities_list_set
 .text.im_whitelist_get
                0x0002b5a8       0x7c _build/nrf52832_xxaa_id_manager.c.o
                0x0002b5a8                im_whitelist_get
 .text.im_whitelist_set
                0x0002b624       0xd0 _build/nrf52832_xxaa_id_manager.c.o
                0x0002b624                im_whitelist_set
 .text.ah       0x0002b6f4       0xac _build/nrf52832_xxaa_id_manager.c.o
                0x0002b6f4                ah
 .text.im_address_resolve
                0x0002b7a0       0x70 _build/nrf52832_xxaa_id_manager.c.o
                0x0002b7a0                im_address_resolve
 .text.sd_ble_gap_data_length_update
                0x0002b810        0x8 _build/nrf52832_xxaa_nrf_ble_gatt.c.o
 .text.sd_ble_gattc_exchange_mtu_request
                0x0002b818        0x8 _build/nrf52832_xxaa_nrf_ble_gatt.c.o
 .text.sd_ble_gatts_exchange_mtu_reply
                0x0002b820        0x8 _build/nrf52832_xxaa_nrf_ble_gatt.c.o
 .text.link_init
                0x0002b828       0x38 _build/nrf52832_xxaa_nrf_ble_gatt.c.o
 .text.data_length_update
                0x0002b860       0x60 _build/nrf52832_xxaa_nrf_ble_gatt.c.o
 .text.on_connected_evt
                0x0002b8c0       0xac _build/nrf52832_xxaa_nrf_ble_gatt.c.o
 .text.on_disconnected_evt
                0x0002b96c       0x24 _build/nrf52832_xxaa_nrf_ble_gatt.c.o
 .text.on_exchange_mtu_rsp_evt
                0x0002b990       0x86 _build/nrf52832_xxaa_nrf_ble_gatt.c.o
 *fill*         0x0002ba16        0x2 
 .text.on_exchange_mtu_request_evt
                0x0002ba18       0xa0 _build/nrf52832_xxaa_nrf_ble_gatt.c.o
 .text.on_data_length_update_evt
                0x0002bab8       0x7c _build/nrf52832_xxaa_nrf_ble_gatt.c.o
 .text.on_data_length_update_request_evt
                0x0002bb34       0x78 _build/nrf52832_xxaa_nrf_ble_gatt.c.o
 .text.nrf_ble_gatt_init
                0x0002bbac       0x58 _build/nrf52832_xxaa_nrf_ble_gatt.c.o
                0x0002bbac                nrf_ble_gatt_init
 .text.nrf_ble_gatt_on_ble_evt
                0x0002bc04       0xd8 _build/nrf52832_xxaa_nrf_ble_gatt.c.o
                0x0002bc04                nrf_ble_gatt_on_ble_evt
 .text.pds_evt_send
                0x0002bcdc       0x2c _build/nrf52832_xxaa_peer_data_storage.c.o
 .text.peer_id_to_file_id
                0x0002bd08       0x1e _build/nrf52832_xxaa_peer_data_storage.c.o
 .text.file_id_to_peer_id
                0x0002bd26       0x1e _build/nrf52832_xxaa_peer_data_storage.c.o
 .text.peer_data_id_to_record_key
                0x0002bd44       0x20 _build/nrf52832_xxaa_peer_data_storage.c.o
 .text.record_key_to_peer_data_id
                0x0002bd64       0x1a _build/nrf52832_xxaa_peer_data_storage.c.o
 .text.file_id_within_pm_range
                0x0002bd7e       0x34 _build/nrf52832_xxaa_peer_data_storage.c.o
 .text.record_key_within_pm_range
                0x0002bdb2       0x34 _build/nrf52832_xxaa_peer_data_storage.c.o
 .text.peer_data_id_is_valid
                0x0002bde6       0x46 _build/nrf52832_xxaa_peer_data_storage.c.o
 .text.peer_data_delete
                0x0002be2c       0xdc _build/nrf52832_xxaa_peer_data_storage.c.o
 .text.peer_data_find
                0x0002bf08       0x62 _build/nrf52832_xxaa_peer_data_storage.c.o
 .text.peer_ids_load
                0x0002bf6a       0x6a _build/nrf52832_xxaa_peer_data_storage.c.o
 .text.fds_evt_handler
                0x0002bfd4      0x1cc _build/nrf52832_xxaa_peer_data_storage.c.o
 .text.pds_init
                0x0002c1a0       0x48 _build/nrf52832_xxaa_peer_data_storage.c.o
                0x0002c1a0                pds_init
 .text.pds_peer_data_read
                0x0002c1e8       0xbe _build/nrf52832_xxaa_peer_data_storage.c.o
                0x0002c1e8                pds_peer_data_read
 *fill*         0x0002c2a6        0x2 
 .text.pds_peer_data_iterate_prepare
                0x0002c2a8       0x18 _build/nrf52832_xxaa_peer_data_storage.c.o
                0x0002c2a8                pds_peer_data_iterate_prepare
 .text.pds_peer_data_iterate
                0x0002c2c0       0x8c _build/nrf52832_xxaa_peer_data_storage.c.o
                0x0002c2c0                pds_peer_data_iterate
 .text.pds_space_reserve
                0x0002c34c       0x56 _build/nrf52832_xxaa_peer_data_storage.c.o
                0x0002c34c                pds_space_reserve
 .text.pds_space_reserve_cancel
                0x0002c3a2       0x26 _build/nrf52832_xxaa_peer_data_storage.c.o
                0x0002c3a2                pds_space_reserve_cancel
 .text.pds_peer_data_store
                0x0002c3c8      0x13c _build/nrf52832_xxaa_peer_data_storage.c.o
                0x0002c3c8                pds_peer_data_store
 .text.pds_peer_id_allocate
                0x0002c504       0x12 _build/nrf52832_xxaa_peer_data_storage.c.o
                0x0002c504                pds_peer_id_allocate
 .text.pds_peer_id_free
                0x0002c516       0x2a _build/nrf52832_xxaa_peer_data_storage.c.o
                0x0002c516                pds_peer_id_free
 .text.pds_peer_id_is_allocated
                0x0002c540       0x1c _build/nrf52832_xxaa_peer_data_storage.c.o
                0x0002c540                pds_peer_id_is_allocated
 .text.pds_next_peer_id_get
                0x0002c55c       0x1c _build/nrf52832_xxaa_peer_data_storage.c.o
                0x0002c55c                pds_next_peer_id_get
 .text.pds_next_deleted_peer_id_get
                0x0002c578       0x1c _build/nrf52832_xxaa_peer_data_storage.c.o
                0x0002c578                pds_next_deleted_peer_id_get
 .text.write_buffer_record_invalidate
                0x0002c594       0x58 _build/nrf52832_xxaa_peer_database.c.o
 .text.write_buffer_record_find_next
                0x0002c5ec       0x58 _build/nrf52832_xxaa_peer_database.c.o
 .text.write_buffer_record_find
                0x0002c644       0x56 _build/nrf52832_xxaa_peer_database.c.o
 .text.write_buffer_record_find_unused
                0x0002c69a       0x14 _build/nrf52832_xxaa_peer_database.c.o
 *fill*         0x0002c6ae        0x2 
 .text.write_buffer_record_release
                0x0002c6b0       0x44 _build/nrf52832_xxaa_peer_database.c.o
 .text.write_buffer_record_get
                0x0002c6f4       0x46 _build/nrf52832_xxaa_peer_database.c.o
 *fill*         0x0002c73a        0x2 
 .text.pdb_evt_send
                0x0002c73c       0x34 _build/nrf52832_xxaa_peer_database.c.o
 .text.internal_state_reset
                0x0002c770       0x38 _build/nrf52832_xxaa_peer_database.c.o
 .text.pdb_pds_evt_handler
                0x0002c7a8      0x268 _build/nrf52832_xxaa_peer_database.c.o
                0x0002c7a8                pdb_pds_evt_handler
 .text.pdb_init
                0x0002ca10       0x50 _build/nrf52832_xxaa_peer_database.c.o
                0x0002ca10                pdb_init
 .text.pdb_peer_allocate
                0x0002ca60        0xe _build/nrf52832_xxaa_peer_database.c.o
                0x0002ca60                pdb_peer_allocate
 .text.pdb_peer_free
                0x0002ca6e       0x94 _build/nrf52832_xxaa_peer_database.c.o
                0x0002ca6e                pdb_peer_free
 .text.pdb_peer_data_ptr_get
                0x0002cb02       0x26 _build/nrf52832_xxaa_peer_database.c.o
                0x0002cb02                pdb_peer_data_ptr_get
 .text.peer_data_point_to_buffer
                0x0002cb28       0x44 _build/nrf52832_xxaa_peer_database.c.o
 .text.peer_data_const_point_to_buffer
                0x0002cb6c       0x26 _build/nrf52832_xxaa_peer_database.c.o
 *fill*         0x0002cb92        0x2 
 .text.write_buf_length_words_set
                0x0002cb94       0x70 _build/nrf52832_xxaa_peer_database.c.o
 .text.pdb_write_buf_get
                0x0002cc04      0x188 _build/nrf52832_xxaa_peer_database.c.o
                0x0002cc04                pdb_write_buf_get
 .text.pdb_write_buf_release
                0x0002cd8c       0x5a _build/nrf52832_xxaa_peer_database.c.o
                0x0002cd8c                pdb_write_buf_release
 *fill*         0x0002cde6        0x2 
 .text.pdb_write_buf_store_prepare
                0x0002cde8       0xb0 _build/nrf52832_xxaa_peer_database.c.o
                0x0002cde8                pdb_write_buf_store_prepare
 .text.pdb_write_buf_store
                0x0002ce98      0x15c _build/nrf52832_xxaa_peer_database.c.o
                0x0002ce98                pdb_write_buf_store
 .text.pdb_next_peer_id_get
                0x0002cff4       0x1c _build/nrf52832_xxaa_peer_database.c.o
                0x0002cff4                pdb_next_peer_id_get
 .text.pdb_next_deleted_peer_id_get
                0x0002d010       0x1c _build/nrf52832_xxaa_peer_database.c.o
                0x0002d010                pdb_next_deleted_peer_id_get
 .text.pdb_peer_data_load
                0x0002d02c       0x30 _build/nrf52832_xxaa_peer_database.c.o
                0x0002d02c                pdb_peer_data_load
 .text.pdb_raw_store
                0x0002d05c       0x24 _build/nrf52832_xxaa_peer_database.c.o
                0x0002d05c                pdb_raw_store
 .text.internal_state_reset
                0x0002d080       0x1a _build/nrf52832_xxaa_peer_id.c.o
 *fill*         0x0002d09a        0x2 
 .text.peer_id_init
                0x0002d09c       0x2c _build/nrf52832_xxaa_peer_id.c.o
                0x0002d09c                peer_id_init
 .text.claim    0x0002d0c8       0x68 _build/nrf52832_xxaa_peer_id.c.o
 .text.release  0x0002d130       0x24 _build/nrf52832_xxaa_peer_id.c.o
 .text.peer_id_allocate
                0x0002d154       0x24 _build/nrf52832_xxaa_peer_id.c.o
                0x0002d154                peer_id_allocate
 .text.peer_id_delete
                0x0002d178       0x40 _build/nrf52832_xxaa_peer_id.c.o
                0x0002d178                peer_id_delete
 .text.peer_id_free
                0x0002d1b8       0x30 _build/nrf52832_xxaa_peer_id.c.o
                0x0002d1b8                peer_id_free
 .text.peer_id_is_allocated
                0x0002d1e8       0x2c _build/nrf52832_xxaa_peer_id.c.o
                0x0002d1e8                peer_id_is_allocated
 .text.peer_id_is_deleted
                0x0002d214       0x2c _build/nrf52832_xxaa_peer_id.c.o
                0x0002d214                peer_id_is_deleted
 .text.next_id_get
                0x0002d240       0x50 _build/nrf52832_xxaa_peer_id.c.o
                0x0002d240                next_id_get
 .text.peer_id_get_next_used
                0x0002d290       0x58 _build/nrf52832_xxaa_peer_id.c.o
                0x0002d290                peer_id_get_next_used
 .text.peer_id_get_next_deleted
                0x0002d2e8       0x24 _build/nrf52832_xxaa_peer_id.c.o
                0x0002d2e8                peer_id_get_next_deleted
 .text.evt_send
                0x0002d30c       0x3c _build/nrf52832_xxaa_peer_manager.c.o
 .text.pm_pdb_evt_handler
                0x0002d348      0x26c _build/nrf52832_xxaa_peer_manager.c.o
                0x0002d348                pm_pdb_evt_handler
 .text.pm_sm_evt_handler
                0x0002d5b4      0x218 _build/nrf52832_xxaa_peer_manager.c.o
                0x0002d5b4                pm_sm_evt_handler
 .text.pm_gcm_evt_handler
                0x0002d7cc       0xdc _build/nrf52832_xxaa_peer_manager.c.o
                0x0002d7cc                pm_gcm_evt_handler
 .text.pm_im_evt_handler
                0x0002d8a8       0x74 _build/nrf52832_xxaa_peer_manager.c.o
                0x0002d8a8                pm_im_evt_handler
 .text.pm_on_ble_evt
                0x0002d91c       0x38 _build/nrf52832_xxaa_peer_manager.c.o
                0x0002d91c                pm_on_ble_evt
 .text.internal_state_reset
                0x0002d954       0x38 _build/nrf52832_xxaa_peer_manager.c.o
 .text.pm_init  0x0002d98c       0xd0 _build/nrf52832_xxaa_peer_manager.c.o
                0x0002d98c                pm_init
 .text.pm_register
                0x0002da5c       0x5c _build/nrf52832_xxaa_peer_manager.c.o
                0x0002da5c                pm_register
 .text.pm_sec_params_set
                0x0002dab8       0x30 _build/nrf52832_xxaa_peer_manager.c.o
                0x0002dab8                pm_sec_params_set
 .text.pm_conn_sec_config_reply
                0x0002dae8       0x1e _build/nrf52832_xxaa_peer_manager.c.o
                0x0002dae8                pm_conn_sec_config_reply
 *fill*         0x0002db06        0x2 
 .text.pm_local_database_has_changed
                0x0002db08       0x20 _build/nrf52832_xxaa_peer_manager.c.o
                0x0002db08                pm_local_database_has_changed
 .text.pm_whitelist_set
                0x0002db28       0x34 _build/nrf52832_xxaa_peer_manager.c.o
                0x0002db28                pm_whitelist_set
 .text.pm_whitelist_get
                0x0002db5c       0x64 _build/nrf52832_xxaa_peer_manager.c.o
                0x0002db5c                pm_whitelist_get
 .text.pm_device_identities_list_set
                0x0002dbc0       0x34 _build/nrf52832_xxaa_peer_manager.c.o
                0x0002dbc0                pm_device_identities_list_set
 .text.pm_next_peer_id_get
                0x0002dbf4       0x34 _build/nrf52832_xxaa_peer_manager.c.o
                0x0002dbf4                pm_next_peer_id_get
 .text.pm_peer_data_load
                0x0002dc28       0xac _build/nrf52832_xxaa_peer_manager.c.o
                0x0002dc28                pm_peer_data_load
 .text.pm_peer_data_bonding_load
                0x0002dcd4       0x28 _build/nrf52832_xxaa_peer_manager.c.o
                0x0002dcd4                pm_peer_data_bonding_load
 .text.pm_peer_delete
                0x0002dcfc       0x34 _build/nrf52832_xxaa_peer_manager.c.o
                0x0002dcfc                pm_peer_delete
 .text.pm_peers_delete
                0x0002dd30       0x9c _build/nrf52832_xxaa_peer_manager.c.o
                0x0002dd30                pm_peers_delete
 .text.pm_buffer_init
                0x0002ddcc       0x7c _build/nrf52832_xxaa_pm_buffer.c.o
                0x0002ddcc                pm_buffer_init
 .text.pm_buffer_block_acquire
                0x0002de48       0xa4 _build/nrf52832_xxaa_pm_buffer.c.o
                0x0002de48                pm_buffer_block_acquire
 .text.pm_buffer_ptr_get
                0x0002deec       0x5e _build/nrf52832_xxaa_pm_buffer.c.o
                0x0002deec                pm_buffer_ptr_get
 .text.pm_buffer_release
                0x0002df4a       0x56 _build/nrf52832_xxaa_pm_buffer.c.o
                0x0002df4a                pm_buffer_release
 .text.lock_by_mask
                0x0002dfa0       0x5e _build/nrf52832_xxaa_pm_mutex.c.o
 .text.pm_mutex_init
                0x0002dffe       0x2a _build/nrf52832_xxaa_pm_mutex.c.o
                0x0002dffe                pm_mutex_init
 .text.pm_mutex_lock
                0x0002e028       0x40 _build/nrf52832_xxaa_pm_mutex.c.o
                0x0002e028                pm_mutex_lock
 .text.pm_mutex_unlock
                0x0002e068       0x78 _build/nrf52832_xxaa_pm_mutex.c.o
                0x0002e068                pm_mutex_unlock
 .text.pm_mutex_lock_first_available
                0x0002e0e0       0x5a _build/nrf52832_xxaa_pm_mutex.c.o
                0x0002e0e0                pm_mutex_lock_first_available
 .text.pm_mutex_lock_status_get
                0x0002e13a       0x4a _build/nrf52832_xxaa_pm_mutex.c.o
                0x0002e13a                pm_mutex_lock_status_get
 .text.sd_ble_gap_authenticate
                0x0002e184        0x8 _build/nrf52832_xxaa_security_dispatcher.c.o
 .text.sd_ble_gap_sec_params_reply
                0x0002e18c        0x8 _build/nrf52832_xxaa_security_dispatcher.c.o
 .text.sd_ble_gap_encrypt
                0x0002e194        0x8 _build/nrf52832_xxaa_security_dispatcher.c.o
 .text.sd_ble_gap_sec_info_reply
                0x0002e19c        0x8 _build/nrf52832_xxaa_security_dispatcher.c.o
 .text.evt_send
                0x0002e1a4       0x34 _build/nrf52832_xxaa_security_dispatcher.c.o
 .text.sec_start_send
                0x0002e1d8       0x3a _build/nrf52832_xxaa_security_dispatcher.c.o
 .text.smd_pdb_evt_handler
                0x0002e212       0x4e _build/nrf52832_xxaa_security_dispatcher.c.o
                0x0002e212                smd_pdb_evt_handler
 .text.sec_params_request_process
                0x0002e260       0x2c _build/nrf52832_xxaa_security_dispatcher.c.o
 .text.sec_proc_start
                0x0002e28c       0x8c _build/nrf52832_xxaa_security_dispatcher.c.o
 .text.sec_info_request_process
                0x0002e318      0x114 _build/nrf52832_xxaa_security_dispatcher.c.o
 .text.sec_request_process
                0x0002e42c       0x5c _build/nrf52832_xxaa_security_dispatcher.c.o
 .text.auth_status_success_process
                0x0002e488      0x110 _build/nrf52832_xxaa_security_dispatcher.c.o
 .text.pairing_failure
                0x0002e598       0xb4 _build/nrf52832_xxaa_security_dispatcher.c.o
 .text.encryption_failure
                0x0002e64c       0x54 _build/nrf52832_xxaa_security_dispatcher.c.o
 .text.link_secure_failure
                0x0002e6a0       0x7c _build/nrf52832_xxaa_security_dispatcher.c.o
 .text.disconnect_process
                0x0002e71c       0x32 _build/nrf52832_xxaa_security_dispatcher.c.o
 .text.auth_status_failure_process
                0x0002e74e       0x2a _build/nrf52832_xxaa_security_dispatcher.c.o
 .text.auth_status_process
                0x0002e778       0x28 _build/nrf52832_xxaa_security_dispatcher.c.o
 .text.conn_sec_update_process
                0x0002e7a0       0x88 _build/nrf52832_xxaa_security_dispatcher.c.o
 .text.flag_id_init
                0x0002e828       0x24 _build/nrf52832_xxaa_security_dispatcher.c.o
 .text.smd_init
                0x0002e84c       0x50 _build/nrf52832_xxaa_security_dispatcher.c.o
                0x0002e84c                smd_init
 .text.smd_params_reply
                0x0002e89c      0x1c0 _build/nrf52832_xxaa_security_dispatcher.c.o
                0x0002e89c                smd_params_reply
 .text.link_secure_central_existing_peer
                0x0002ea5c      0x154 _build/nrf52832_xxaa_security_dispatcher.c.o
 .text.link_secure_central_new_peer
                0x0002ebb0       0xae _build/nrf52832_xxaa_security_dispatcher.c.o
 .text.link_secure_central
                0x0002ec5e       0xc6 _build/nrf52832_xxaa_security_dispatcher.c.o
 .text.link_secure_peripheral
                0x0002ed24       0x22 _build/nrf52832_xxaa_security_dispatcher.c.o
 .text.smd_link_secure
                0x0002ed46       0x50 _build/nrf52832_xxaa_security_dispatcher.c.o
                0x0002ed46                smd_link_secure
 *fill*         0x0002ed96        0x2 
 .text.smd_ble_evt_handler
                0x0002ed98       0xa0 _build/nrf52832_xxaa_security_dispatcher.c.o
                0x0002ed98                smd_ble_evt_handler
 .text.sdk_mapped_flags_any_set
                0x0002ee38       0x20 _build/nrf52832_xxaa_security_manager.c.o
 .text.evt_send
                0x0002ee58       0x2c _build/nrf52832_xxaa_security_manager.c.o
 .text.flags_set_from_err_code
                0x0002ee84       0xcc _build/nrf52832_xxaa_security_manager.c.o
 .text.events_send_from_err_code
                0x0002ef50       0x5a _build/nrf52832_xxaa_security_manager.c.o
 *fill*         0x0002efaa        0x2 
 .text.link_secure
                0x0002efac      0x104 _build/nrf52832_xxaa_security_manager.c.o
 .text.send_config_req
                0x0002f0b0       0x32 _build/nrf52832_xxaa_security_manager.c.o
 *fill*         0x0002f0e2        0x2 
 .text.smd_params_reply_perform
                0x0002f0e4       0xc4 _build/nrf52832_xxaa_security_manager.c.o
 .text.sm_smd_evt_handler
                0x0002f1a8       0xf4 _build/nrf52832_xxaa_security_manager.c.o
                0x0002f1a8                sm_smd_evt_handler
 .text.link_secure_pending_process
                0x0002f29c       0xd4 _build/nrf52832_xxaa_security_manager.c.o
 .text.params_reply_pending_process
                0x0002f370       0x80 _build/nrf52832_xxaa_security_manager.c.o
 .text.sm_pdb_evt_handler
                0x0002f3f0       0x84 _build/nrf52832_xxaa_security_manager.c.o
                0x0002f3f0                sm_pdb_evt_handler
 .text.flag_id_init
                0x0002f474       0x24 _build/nrf52832_xxaa_security_manager.c.o
 .text.sm_init  0x0002f498       0x68 _build/nrf52832_xxaa_security_manager.c.o
                0x0002f498                sm_init
 .text.sm_ble_evt_handler
                0x0002f500       0x24 _build/nrf52832_xxaa_security_manager.c.o
                0x0002f500                sm_ble_evt_handler
 .text.sec_params_verify
                0x0002f524      0x17c _build/nrf52832_xxaa_security_manager.c.o
 .text.sm_sec_params_set
                0x0002f6a0       0x4c _build/nrf52832_xxaa_security_manager.c.o
                0x0002f6a0                sm_sec_params_set
 .text.sm_conn_sec_config_reply
                0x0002f6ec       0x40 _build/nrf52832_xxaa_security_manager.c.o
                0x0002f6ec                sm_conn_sec_config_reply
 .text          0x0002f72c       0x3c _build/nrf52832_xxaa_gcc_startup_nrf52.S.o
                0x0002f72c                Reset_Handler
                0x0002f754                NMI_Handler
                0x0002f756                HardFault_Handler
                0x0002f758                MemoryManagement_Handler
                0x0002f75a                BusFault_Handler
                0x0002f75c                UsageFault_Handler
                0x0002f75e                SVC_Handler
                0x0002f760                DebugMon_Handler
                0x0002f762                PendSV_Handler
                0x0002f764                SysTick_Handler
                0x0002f766                TEMP_IRQHandler
                0x0002f766                QDEC_IRQHandler
                0x0002f766                TIMER3_IRQHandler
                0x0002f766                FPU_IRQHandler
                0x0002f766                SPIM0_SPIS0_TWIM0_TWIS0_SPI0_TWI0_IRQHandler
                0x0002f766                PDM_IRQHandler
                0x0002f766                TIMER4_IRQHandler
                0x0002f766                I2S_IRQHandler
                0x0002f766                SWI4_EGU4_IRQHandler
                0x0002f766                TIMER0_IRQHandler
                0x0002f766                RADIO_IRQHandler
                0x0002f766                RTC0_IRQHandler
                0x0002f766                PWM2_IRQHandler
                0x0002f766                ECB_IRQHandler
                0x0002f766                SPIM1_SPIS1_TWIM1_TWIS1_SPI1_TWI1_IRQHandler
                0x0002f766                Default_Handler
                0x0002f766                SAADC_IRQHandler
                0x0002f766                CCM_AAR_IRQHandler
                0x0002f766                WDT_IRQHandler
                0x0002f766                PWM1_IRQHandler
                0x0002f766                SWI5_EGU5_IRQHandler
                0x0002f766                RNG_IRQHandler
                0x0002f766                RTC2_IRQHandler
                0x0002f766                PWM0_IRQHandler
                0x0002f766                SWI3_EGU3_IRQHandler
                0x0002f766                SWI1_EGU1_IRQHandler
                0x0002f766                SPIM2_SPIS2_SPI2_IRQHandler
                0x0002f766                NFCT_IRQHandler
                0x0002f766                TIMER1_IRQHandler
                0x0002f766                MWU_IRQHandler
                0x0002f766                TIMER2_IRQHandler
                0x0002f766                COMP_LPCOMP_IRQHandler
 .text.NVIC_SystemReset
                0x0002f768       0x28 _build/nrf52832_xxaa_system_nrf52.c.o
 .text.SystemCoreClockUpdate
                0x0002f790       0x1c _build/nrf52832_xxaa_system_nrf52.c.o
                0x0002f790                SystemCoreClockUpdate
 .text.SystemInit
                0x0002f7ac      0x298 _build/nrf52832_xxaa_system_nrf52.c.o
                0x0002f7ac                SystemInit
 .text.errata_12
                0x0002fa44       0x64 _build/nrf52832_xxaa_system_nrf52.c.o
 .text.errata_16
                0x0002faa8       0x44 _build/nrf52832_xxaa_system_nrf52.c.o
 .text.errata_31
                0x0002faec       0x64 _build/nrf52832_xxaa_system_nrf52.c.o
 .text.errata_32
                0x0002fb50       0x44 _build/nrf52832_xxaa_system_nrf52.c.o
 .text.errata_36
                0x0002fb94       0x64 _build/nrf52832_xxaa_system_nrf52.c.o
 .text.errata_37
                0x0002fbf8       0x44 _build/nrf52832_xxaa_system_nrf52.c.o
 .text.errata_57
                0x0002fc3c       0x44 _build/nrf52832_xxaa_system_nrf52.c.o
 .text.errata_66
                0x0002fc80       0x44 _build/nrf52832_xxaa_system_nrf52.c.o
 .text.errata_108
                0x0002fcc4       0x64 _build/nrf52832_xxaa_system_nrf52.c.o
 .text.sd_ble_gatts_service_add
                0x0002fd28        0x8 _build/nrf52832_xxaa_ble_bas.c.o
 .text.sd_ble_gatts_characteristic_add
                0x0002fd30        0x8 _build/nrf52832_xxaa_ble_bas.c.o
 .text.sd_ble_gatts_descriptor_add
                0x0002fd38        0x8 _build/nrf52832_xxaa_ble_bas.c.o
 .text.sd_ble_gatts_value_set
                0x0002fd40        0x8 _build/nrf52832_xxaa_ble_bas.c.o
 .text.sd_ble_gatts_hvx
                0x0002fd48        0x8 _build/nrf52832_xxaa_ble_bas.c.o
 .text.on_connect
                0x0002fd50       0x1e _build/nrf52832_xxaa_ble_bas.c.o
 .text.on_disconnect
                0x0002fd6e       0x1e _build/nrf52832_xxaa_ble_bas.c.o
 .text.on_write
                0x0002fd8c       0x64 _build/nrf52832_xxaa_ble_bas.c.o
 .text.ble_bas_on_ble_evt
                0x0002fdf0       0x4e _build/nrf52832_xxaa_ble_bas.c.o
                0x0002fdf0                ble_bas_on_ble_evt
 .text.battery_level_char_add
                0x0002fe3e      0x204 _build/nrf52832_xxaa_ble_bas.c.o
 .text.ble_bas_init
                0x00030042       0x70 _build/nrf52832_xxaa_ble_bas.c.o
                0x00030042                ble_bas_init
 .text.ble_bas_battery_level_update
                0x000300b2       0xc0 _build/nrf52832_xxaa_ble_bas.c.o
                0x000300b2                ble_bas_battery_level_update
 .text.uint16_encode
                0x00030172       0x30 _build/nrf52832_xxaa_ble_dis.c.o
 .text.sd_ble_gatts_service_add
                0x000301a2        0x8 _build/nrf52832_xxaa_ble_dis.c.o
 .text.sd_ble_gatts_characteristic_add
                0x000301aa        0x8 _build/nrf52832_xxaa_ble_dis.c.o
 .text.sys_id_encode
                0x000301b2       0xe2 _build/nrf52832_xxaa_ble_dis.c.o
 .text.pnp_id_encode
                0x00030294       0xc4 _build/nrf52832_xxaa_ble_dis.c.o
 .text.char_add
                0x00030358      0x108 _build/nrf52832_xxaa_ble_dis.c.o
 .text.ble_dis_init
                0x00030460      0x230 _build/nrf52832_xxaa_ble_dis.c.o
                0x00030460                ble_dis_init
 .text.uint16_encode
                0x00030690       0x30 _build/nrf52832_xxaa_ble_hids.c.o
 .text.sd_ble_gatts_service_add
                0x000306c0        0x8 _build/nrf52832_xxaa_ble_hids.c.o
 .text.sd_ble_gatts_include_add
                0x000306c8        0x8 _build/nrf52832_xxaa_ble_hids.c.o
 .text.sd_ble_gatts_characteristic_add
                0x000306d0        0x8 _build/nrf52832_xxaa_ble_hids.c.o
 .text.sd_ble_gatts_descriptor_add
                0x000306d8        0x8 _build/nrf52832_xxaa_ble_hids.c.o
 .text.sd_ble_gatts_value_set
                0x000306e0        0x8 _build/nrf52832_xxaa_ble_hids.c.o
 .text.sd_ble_gatts_hvx
                0x000306e8        0x8 _build/nrf52832_xxaa_ble_hids.c.o
 .text.sd_ble_uuid_encode
                0x000306f0        0x8 _build/nrf52832_xxaa_ble_hids.c.o
 .text.make_char_id
                0x000306f8       0x40 _build/nrf52832_xxaa_ble_hids.c.o
 .text.on_connect
                0x00030738       0x70 _build/nrf52832_xxaa_ble_hids.c.o
 .text.on_disconnect
                0x000307a8       0x20 _build/nrf52832_xxaa_ble_hids.c.o
 .text.on_control_point_write
                0x000307c8       0x48 _build/nrf52832_xxaa_ble_hids.c.o
 .text.on_protocol_mode_write
                0x00030810       0x48 _build/nrf52832_xxaa_ble_hids.c.o
 .text.on_report_cccd_write
                0x00030858       0x56 _build/nrf52832_xxaa_ble_hids.c.o
 .text.on_report_value_write
                0x000308ae       0x4a _build/nrf52832_xxaa_ble_hids.c.o
 .text.on_report_value_read_auth
                0x000308f8       0x3c _build/nrf52832_xxaa_ble_hids.c.o
 .text.inp_rep_cccd_identify
                0x00030934       0x66 _build/nrf52832_xxaa_ble_hids.c.o
 .text.rep_value_identify
                0x0003099a      0x106 _build/nrf52832_xxaa_ble_hids.c.o
 .text.on_write
                0x00030aa0      0x148 _build/nrf52832_xxaa_ble_hids.c.o
 .text.on_rw_authorize_request
                0x00030be8       0x46 _build/nrf52832_xxaa_ble_hids.c.o
 .text.ble_hids_on_ble_evt
                0x00030c2e       0x56 _build/nrf52832_xxaa_ble_hids.c.o
                0x00030c2e                ble_hids_on_ble_evt
 .text.protocol_mode_char_add
                0x00030c84       0xd8 _build/nrf52832_xxaa_ble_hids.c.o
 .text.rep_char_add
                0x00030d5c      0x1cc _build/nrf52832_xxaa_ble_hids.c.o
 .text.rep_map_char_add
                0x00030f28      0x21a _build/nrf52832_xxaa_ble_hids.c.o
 .text.boot_inp_rep_char_add
                0x00031142      0x138 _build/nrf52832_xxaa_ble_hids.c.o
 .text.boot_kb_outp_rep_char_add
                0x0003127a       0xe4 _build/nrf52832_xxaa_ble_hids.c.o
 .text.encode_hid_information
                0x0003135e       0x62 _build/nrf52832_xxaa_ble_hids.c.o
 .text.hid_information_char_add
                0x000313c0       0xea _build/nrf52832_xxaa_ble_hids.c.o
 .text.hid_control_point_char_add
                0x000314aa       0xce _build/nrf52832_xxaa_ble_hids.c.o
 .text.inp_rep_characteristics_add
                0x00031578       0xd4 _build/nrf52832_xxaa_ble_hids.c.o
 .text.outp_rep_characteristics_add
                0x0003164c       0xc0 _build/nrf52832_xxaa_ble_hids.c.o